Archive member included because of file (symbol)

c:/program files (x86)/atollic/truestudio for arm lite 4.1.0/armtools/bin/../lib/gcc/arm-atollic-eabi/4.7.3/../../../../arm-atollic-eabi/lib/armv7e-m/fpu\libc_s.a(lib_a-init.o)
                              src\startup_stm32f40xx.o (__libc_init_array)
c:/program files (x86)/atollic/truestudio for arm lite 4.1.0/armtools/bin/../lib/gcc/arm-atollic-eabi/4.7.3/../../../../arm-atollic-eabi/lib/armv7e-m/fpu\libc_s.a(lib_a-memset.o)
                              Libraries\CMSIS\DSP_Lib\Source\FilteringFunctions\arm_lms_norm_init_q31.o (memset)
c:/program files (x86)/atollic/truestudio for arm lite 4.1.0/armtools/bin/../lib/gcc/arm-atollic-eabi/4.7.3/../../../../arm-atollic-eabi/lib/armv7e-m/fpu\libm.a(lib_a-wf_sqrt.o)
                              Libraries\CMSIS\DSP_Lib\Source\ComplexMathFunctions\arm_cmplx_mag_f32.o (sqrtf)
c:/program files (x86)/atollic/truestudio for arm lite 4.1.0/armtools/bin/../lib/gcc/arm-atollic-eabi/4.7.3/../../../../arm-atollic-eabi/lib/armv7e-m/fpu\libm.a(lib_a-ef_sqrt.o)
                              c:/program files (x86)/atollic/truestudio for arm lite 4.1.0/armtools/bin/../lib/gcc/arm-atollic-eabi/4.7.3/../../../../arm-atollic-eabi/lib/armv7e-m/fpu\libm.a(lib_a-wf_sqrt.o) (__ieee754_sqrtf)
c:/program files (x86)/atollic/truestudio for arm lite 4.1.0/armtools/bin/../lib/gcc/arm-atollic-eabi/4.7.3/../../../../arm-atollic-eabi/lib/armv7e-m/fpu\libm.a(lib_a-s_lib_ver.o)
                              c:/program files (x86)/atollic/truestudio for arm lite 4.1.0/armtools/bin/../lib/gcc/arm-atollic-eabi/4.7.3/../../../../arm-atollic-eabi/lib/armv7e-m/fpu\libm.a(lib_a-wf_sqrt.o) (__fdlib_version)
c:/program files (x86)/atollic/truestudio for arm lite 4.1.0/armtools/bin/../lib/gcc/arm-atollic-eabi/4.7.3/../../../../arm-atollic-eabi/lib/armv7e-m/fpu\libm.a(lib_a-s_matherr.o)
                              c:/program files (x86)/atollic/truestudio for arm lite 4.1.0/armtools/bin/../lib/gcc/arm-atollic-eabi/4.7.3/../../../../arm-atollic-eabi/lib/armv7e-m/fpu\libm.a(lib_a-wf_sqrt.o) (matherr)
c:/program files (x86)/atollic/truestudio for arm lite 4.1.0/armtools/bin/../lib/gcc/arm-atollic-eabi/4.7.3/../../../../arm-atollic-eabi/lib/armv7e-m/fpu\libm.a(lib_a-sf_fpclassify.o)
                              c:/program files (x86)/atollic/truestudio for arm lite 4.1.0/armtools/bin/../lib/gcc/arm-atollic-eabi/4.7.3/../../../../arm-atollic-eabi/lib/armv7e-m/fpu\libm.a(lib_a-wf_sqrt.o) (__fpclassifyf)
c:/program files (x86)/atollic/truestudio for arm lite 4.1.0/armtools/bin/../lib/gcc/arm-atollic-eabi/4.7.3/../../../../arm-atollic-eabi/lib/armv7e-m/fpu\libc_s.a(lib_a-errno.o)
                              c:/program files (x86)/atollic/truestudio for arm lite 4.1.0/armtools/bin/../lib/gcc/arm-atollic-eabi/4.7.3/../../../../arm-atollic-eabi/lib/armv7e-m/fpu\libm.a(lib_a-wf_sqrt.o) (__errno)
c:/program files (x86)/atollic/truestudio for arm lite 4.1.0/armtools/bin/../lib/gcc/arm-atollic-eabi/4.7.3/../../../../arm-atollic-eabi/lib/armv7e-m/fpu\libc_s.a(lib_a-impure.o)
                              c:/program files (x86)/atollic/truestudio for arm lite 4.1.0/armtools/bin/../lib/gcc/arm-atollic-eabi/4.7.3/../../../../arm-atollic-eabi/lib/armv7e-m/fpu\libc_s.a(lib_a-errno.o) (_impure_ptr)
c:/program files (x86)/atollic/truestudio for arm lite 4.1.0/armtools/bin/../lib/gcc/arm-atollic-eabi/4.7.3/armv7e-m/fpu\libgcc.a(_arm_addsubdf3.o)
                              c:/program files (x86)/atollic/truestudio for arm lite 4.1.0/armtools/bin/../lib/gcc/arm-atollic-eabi/4.7.3/../../../../arm-atollic-eabi/lib/armv7e-m/fpu\libm.a(lib_a-wf_sqrt.o) (__aeabi_f2d)
c:/program files (x86)/atollic/truestudio for arm lite 4.1.0/armtools/bin/../lib/gcc/arm-atollic-eabi/4.7.3/armv7e-m/fpu\libgcc.a(_arm_muldivdf3.o)
                              c:/program files (x86)/atollic/truestudio for arm lite 4.1.0/armtools/bin/../lib/gcc/arm-atollic-eabi/4.7.3/../../../../arm-atollic-eabi/lib/armv7e-m/fpu\libm.a(lib_a-wf_sqrt.o) (__aeabi_ddiv)
c:/program files (x86)/atollic/truestudio for arm lite 4.1.0/armtools/bin/../lib/gcc/arm-atollic-eabi/4.7.3/armv7e-m/fpu\libgcc.a(_arm_truncdfsf2.o)
                              c:/program files (x86)/atollic/truestudio for arm lite 4.1.0/armtools/bin/../lib/gcc/arm-atollic-eabi/4.7.3/../../../../arm-atollic-eabi/lib/armv7e-m/fpu\libm.a(lib_a-wf_sqrt.o) (__aeabi_d2f)
c:/program files (x86)/atollic/truestudio for arm lite 4.1.0/armtools/bin/../lib/gcc/arm-atollic-eabi/4.7.3/armv7e-m/fpu\libgcc.a(_fixsfdi.o)
                              Libraries\CMSIS\DSP_Lib\Source\SupportFunctions\arm_float_to_q31.o (__aeabi_f2lz)
c:/program files (x86)/atollic/truestudio for arm lite 4.1.0/armtools/bin/../lib/gcc/arm-atollic-eabi/4.7.3/armv7e-m/fpu\libgcc.a(_fixunssfdi.o)
                              c:/program files (x86)/atollic/truestudio for arm lite 4.1.0/armtools/bin/../lib/gcc/arm-atollic-eabi/4.7.3/armv7e-m/fpu\libgcc.a(_fixsfdi.o) (__aeabi_f2ulz)
[...]
Memory Configuration

Name             Origin             Length             Attributes
FLASH            0x08000000         0x00100000         xr
RAM              0x20000000         0x00020000         xrw
MEMORY_B1        0x60000000         0x00000000         xr
CCMRAM           0x10000000         0x00010000         rw
*default*        0x00000000         0xffffffff

Linker script and memory map

LOAD c:/program files (x86)/atollic/truestudio for arm lite 4.1.0/armtools/bin/../lib/gcc/arm-atollic-eabi/4.7.3/armv7e-m/fpu/crti.o
LOAD c:/program files (x86)/atollic/truestudio for arm lite 4.1.0/armtools/bin/../lib/gcc/arm-atollic-eabi/4.7.3/armv7e-m/fpu/crtbegin.o
LOAD src\system_stm32f4xx.o
LOAD src\stm32f4xx_it.o
LOAD src\startup_stm32f40xx.o
LOAD src\SignalProcessingFIRFilter.o
LOAD src\DSPMain.o
LOAD Libraries\STM32F4xx_StdPeriph_Driver\src\stm32f4xx_wwdg.o
LOAD Libraries\STM32F4xx_StdPeriph_Driver\src\stm32f4xx_usart.o
LOAD Libraries\STM32F4xx_StdPeriph_Driver\src\stm32f4xx_tim.o
LOAD Libraries\STM32F4xx_StdPeriph_Driver\src\stm32f4xx_syscfg.o
LOAD Libraries\STM32F4xx_StdPeriph_Driver\src\stm32f4xx_spi.o
LOAD Libraries\STM32F4xx_StdPeriph_Driver\src\stm32f4xx_sdio.o
LOAD Libraries\STM32F4xx_StdPeriph_Driver\src\stm32f4xx_rtc.o
LOAD Libraries\STM32F4xx_StdPeriph_Driver\src\stm32f4xx_rng.o
LOAD Libraries\STM32F4xx_StdPeriph_Driver\src\stm32f4xx_rcc.o
LOAD Libraries\STM32F4xx_StdPeriph_Driver\src\stm32f4xx_pwr.o
LOAD Libraries\STM32F4xx_StdPeriph_Driver\src\stm32f4xx_iwdg.o
LOAD Libraries\STM32F4xx_StdPeriph_Driver\src\stm32f4xx_i2c.o
LOAD Libraries\STM32F4xx_StdPeriph_Driver\src\stm32f4xx_hash_sha1.o
LOAD Libraries\STM32F4xx_StdPeriph_Driver\src\stm32f4xx_hash_md5.o
LOAD Libraries\STM32F4xx_StdPeriph_Driver\src\stm32f4xx_hash.o
LOAD Libraries\STM32F4xx_StdPeriph_Driver\src\stm32f4xx_gpio.o
LOAD Libraries\STM32F4xx_StdPeriph_Driver\src\stm32f4xx_fsmc.o
LOAD Libraries\STM32F4xx_StdPeriph_Driver\src\stm32f4xx_flash.o
LOAD Libraries\STM32F4xx_StdPeriph_Driver\src\stm32f4xx_exti.o
LOAD Libraries\STM32F4xx_StdPeriph_Driver\src\stm32f4xx_dma.o
LOAD Libraries\STM32F4xx_StdPeriph_Driver\src\stm32f4xx_dcmi.o
LOAD Libraries\STM32F4xx_StdPeriph_Driver\src\stm32f4xx_dbgmcu.o
LOAD Libraries\STM32F4xx_StdPeriph_Driver\src\stm32f4xx_dac.o
LOAD Libraries\STM32F4xx_StdPeriph_Driver\src\stm32f4xx_cryp_tdes.o
LOAD Libraries\STM32F4xx_StdPeriph_Driver\src\stm32f4xx_cryp_des.o
LOAD Libraries\STM32F4xx_StdPeriph_Driver\src\stm32f4xx_cryp_aes.o
LOAD Libraries\STM32F4xx_StdPeriph_Driver\src\stm32f4xx_cryp.o
LOAD Libraries\STM32F4xx_StdPeriph_Driver\src\stm32f4xx_crc.o
LOAD Libraries\STM32F4xx_StdPeriph_Driver\src\stm32f4xx_can.o
LOAD Libraries\STM32F4xx_StdPeriph_Driver\src\stm32f4xx_adc.o
LOAD Libraries\STM32F4xx_StdPeriph_Driver\src\misc.o
LOAD Libraries\CMSIS\DSP_Lib\Source\TransformFunctions\arm_rfft_q31.o
LOAD Libraries\CMSIS\DSP_Lib\Source\TransformFunctions\arm_rfft_q15.o
LOAD Libraries\CMSIS\DSP_Lib\Source\TransformFunctions\arm_rfft_init_q31.o
LOAD Libraries\CMSIS\DSP_Lib\Source\TransformFunctions\arm_rfft_init_q15.o
LOAD Libraries\CMSIS\DSP_Lib\Source\TransformFunctions\arm_rfft_init_f32.o
LOAD Libraries\CMSIS\DSP_Lib\Source\TransformFunctions\arm_rfft_f32.o
LOAD Libraries\CMSIS\DSP_Lib\Source\TransformFunctions\arm_dct4_q31.o
LOAD Libraries\CMSIS\DSP_Lib\Source\TransformFunctions\arm_dct4_q15.o
LOAD Libraries\CMSIS\DSP_Lib\Source\TransformFunctions\arm_dct4_init_q31.o
LOAD Libraries\CMSIS\DSP_Lib\Source\TransformFunctions\arm_dct4_init_q15.o
LOAD Libraries\CMSIS\DSP_Lib\Source\TransformFunctions\arm_dct4_init_f32.o
LOAD Libraries\CMSIS\DSP_Lib\Source\TransformFunctions\arm_dct4_f32.o
LOAD Libraries\CMSIS\DSP_Lib\Source\TransformFunctions\arm_cfft_radix4_q31.o
LOAD Libraries\CMSIS\DSP_Lib\Source\TransformFunctions\arm_cfft_radix4_q15.o
LOAD Libraries\CMSIS\DSP_Lib\Source\TransformFunctions\arm_cfft_radix4_init_q31.o
LOAD Libraries\CMSIS\DSP_Lib\Source\TransformFunctions\arm_cfft_radix4_init_q15.o
LOAD Libraries\CMSIS\DSP_Lib\Source\TransformFunctions\arm_cfft_radix4_init_f32.o
LOAD Libraries\CMSIS\DSP_Lib\Source\TransformFunctions\arm_cfft_radix4_f32.o
LOAD Libraries\CMSIS\DSP_Lib\Source\TransformFunctions\arm_cfft_radix2_q31.o
LOAD Libraries\CMSIS\DSP_Lib\Source\TransformFunctions\arm_cfft_radix2_q15.o
LOAD Libraries\CMSIS\DSP_Lib\Source\TransformFunctions\arm_cfft_radix2_init_q31.o
LOAD Libraries\CMSIS\DSP_Lib\Source\TransformFunctions\arm_cfft_radix2_init_q15.o
LOAD Libraries\CMSIS\DSP_Lib\Source\TransformFunctions\arm_cfft_radix2_init_f32.o
LOAD Libraries\CMSIS\DSP_Lib\Source\TransformFunctions\arm_cfft_radix2_f32.o
LOAD Libraries\CMSIS\DSP_Lib\Source\TransformFunctions\arm_bitreversal.o
LOAD Libraries\CMSIS\DSP_Lib\Source\SupportFunctions\arm_q7_to_q31.o
LOAD Libraries\CMSIS\DSP_Lib\Source\SupportFunctions\arm_q7_to_q15.o
LOAD Libraries\CMSIS\DSP_Lib\Source\SupportFunctions\arm_q7_to_float.o
LOAD Libraries\CMSIS\DSP_Lib\Source\SupportFunctions\arm_q31_to_q7.o
LOAD Libraries\CMSIS\DSP_Lib\Source\SupportFunctions\arm_q31_to_q15.o
LOAD Libraries\CMSIS\DSP_Lib\Source\SupportFunctions\arm_q31_to_float.o
LOAD Libraries\CMSIS\DSP_Lib\Source\SupportFunctions\arm_q15_to_q7.o
LOAD Libraries\CMSIS\DSP_Lib\Source\SupportFunctions\arm_q15_to_q31.o
LOAD Libraries\CMSIS\DSP_Lib\Source\SupportFunctions\arm_q15_to_float.o
LOAD Libraries\CMSIS\DSP_Lib\Source\SupportFunctions\arm_float_to_q7.o
LOAD Libraries\CMSIS\DSP_Lib\Source\SupportFunctions\arm_float_to_q31.o
LOAD Libraries\CMSIS\DSP_Lib\Source\SupportFunctions\arm_float_to_q15.o
LOAD Libraries\CMSIS\DSP_Lib\Source\SupportFunctions\arm_fill_q7.o
LOAD Libraries\CMSIS\DSP_Lib\Source\SupportFunctions\arm_fill_q31.o
LOAD Libraries\CMSIS\DSP_Lib\Source\SupportFunctions\arm_fill_q15.o
LOAD Libraries\CMSIS\DSP_Lib\Source\SupportFunctions\arm_fill_f32.o
LOAD Libraries\CMSIS\DSP_Lib\Source\SupportFunctions\arm_copy_q7.o
LOAD Libraries\CMSIS\DSP_Lib\Source\SupportFunctions\arm_copy_q31.o
LOAD Libraries\CMSIS\DSP_Lib\Source\SupportFunctions\arm_copy_q15.o
LOAD Libraries\CMSIS\DSP_Lib\Source\SupportFunctions\arm_copy_f32.o
LOAD Libraries\CMSIS\DSP_Lib\Source\MatrixFunctions\arm_mat_trans_q31.o
LOAD Libraries\CMSIS\DSP_Lib\Source\MatrixFunctions\arm_mat_trans_q15.o
LOAD Libraries\CMSIS\DSP_Lib\Source\MatrixFunctions\arm_mat_trans_f32.o
LOAD Libraries\CMSIS\DSP_Lib\Source\MatrixFunctions\arm_mat_sub_q31.o
LOAD Libraries\CMSIS\DSP_Lib\Source\MatrixFunctions\arm_mat_sub_q15.o
LOAD Libraries\CMSIS\DSP_Lib\Source\MatrixFunctions\arm_mat_sub_f32.o
LOAD Libraries\CMSIS\DSP_Lib\Source\MatrixFunctions\arm_mat_scale_q31.o
LOAD Libraries\CMSIS\DSP_Lib\Source\MatrixFunctions\arm_mat_scale_q15.o
LOAD Libraries\CMSIS\DSP_Lib\Source\MatrixFunctions\arm_mat_scale_f32.o
LOAD Libraries\CMSIS\DSP_Lib\Source\MatrixFunctions\arm_mat_mult_q31.o
LOAD Libraries\CMSIS\DSP_Lib\Source\MatrixFunctions\arm_mat_mult_q15.o
LOAD Libraries\CMSIS\DSP_Lib\Source\MatrixFunctions\arm_mat_mult_fast_q31.o
LOAD Libraries\CMSIS\DSP_Lib\Source\MatrixFunctions\arm_mat_mult_fast_q15.o
LOAD Libraries\CMSIS\DSP_Lib\Source\MatrixFunctions\arm_mat_mult_f32.o
LOAD Libraries\CMSIS\DSP_Lib\Source\MatrixFunctions\arm_mat_inverse_f32.o
LOAD Libraries\CMSIS\DSP_Lib\Source\MatrixFunctions\arm_mat_init_q31.o
LOAD Libraries\CMSIS\DSP_Lib\Source\MatrixFunctions\arm_mat_init_q15.o
LOAD Libraries\CMSIS\DSP_Lib\Source\MatrixFunctions\arm_mat_init_f32.o
LOAD Libraries\CMSIS\DSP_Lib\Source\MatrixFunctions\arm_mat_add_q31.o
LOAD Libraries\CMSIS\DSP_Lib\Source\MatrixFunctions\arm_mat_add_q15.o
LOAD Libraries\CMSIS\DSP_Lib\Source\MatrixFunctions\arm_mat_add_f32.o
LOAD Libraries\CMSIS\DSP_Lib\Source\FilteringFunctions\arm_lms_q31.o
LOAD Libraries\CMSIS\DSP_Lib\Source\FilteringFunctions\arm_lms_q15.o
LOAD Libraries\CMSIS\DSP_Lib\Source\FilteringFunctions\arm_lms_norm_q31.o
LOAD Libraries\CMSIS\DSP_Lib\Source\FilteringFunctions\arm_lms_norm_q15.o
LOAD Libraries\CMSIS\DSP_Lib\Source\FilteringFunctions\arm_lms_norm_init_q31.o
LOAD Libraries\CMSIS\DSP_Lib\Source\FilteringFunctions\arm_lms_norm_init_q15.o
LOAD Libraries\CMSIS\DSP_Lib\Source\FilteringFunctions\arm_lms_norm_init_f32.o
LOAD Libraries\CMSIS\DSP_Lib\Source\FilteringFunctions\arm_lms_norm_f32.o
LOAD Libraries\CMSIS\DSP_Lib\Source\FilteringFunctions\arm_lms_init_q31.o
LOAD Libraries\CMSIS\DSP_Lib\Source\FilteringFunctions\arm_lms_init_q15.o
LOAD Libraries\CMSIS\DSP_Lib\Source\FilteringFunctions\arm_lms_init_f32.o
LOAD Libraries\CMSIS\DSP_Lib\Source\FilteringFunctions\arm_lms_f32.o
LOAD Libraries\CMSIS\DSP_Lib\Source\FilteringFunctions\arm_iir_lattice_q31.o
LOAD Libraries\CMSIS\DSP_Lib\Source\FilteringFunctions\arm_iir_lattice_q15.o
LOAD Libraries\CMSIS\DSP_Lib\Source\FilteringFunctions\arm_iir_lattice_init_q31.o
LOAD Libraries\CMSIS\DSP_Lib\Source\FilteringFunctions\arm_iir_lattice_init_q15.o
LOAD Libraries\CMSIS\DSP_Lib\Source\FilteringFunctions\arm_iir_lattice_init_f32.o
LOAD Libraries\CMSIS\DSP_Lib\Source\FilteringFunctions\arm_iir_lattice_f32.o
LOAD Libraries\CMSIS\DSP_Lib\Source\FilteringFunctions\arm_fir_sparse_q7.o
LOAD Libraries\CMSIS\DSP_Lib\Source\FilteringFunctions\arm_fir_sparse_q31.o
LOAD Libraries\CMSIS\DSP_Lib\Source\FilteringFunctions\arm_fir_sparse_q15.o
LOAD Libraries\CMSIS\DSP_Lib\Source\FilteringFunctions\arm_fir_sparse_init_q7.o
LOAD Libraries\CMSIS\DSP_Lib\Source\FilteringFunctions\arm_fir_sparse_init_q31.o
LOAD Libraries\CMSIS\DSP_Lib\Source\FilteringFunctions\arm_fir_sparse_init_q15.o
LOAD Libraries\CMSIS\DSP_Lib\Source\FilteringFunctions\arm_fir_sparse_init_f32.o
LOAD Libraries\CMSIS\DSP_Lib\Source\FilteringFunctions\arm_fir_sparse_f32.o
LOAD Libraries\CMSIS\DSP_Lib\Source\FilteringFunctions\arm_fir_q7.o
LOAD Libraries\CMSIS\DSP_Lib\Source\FilteringFunctions\arm_fir_q31.o
LOAD Libraries\CMSIS\DSP_Lib\Source\FilteringFunctions\arm_fir_q15.o
LOAD Libraries\CMSIS\DSP_Lib\Source\FilteringFunctions\arm_fir_lattice_q31.o
LOAD Libraries\CMSIS\DSP_Lib\Source\FilteringFunctions\arm_fir_lattice_q15.o
LOAD Libraries\CMSIS\DSP_Lib\Source\FilteringFunctions\arm_fir_lattice_init_q31.o
LOAD Libraries\CMSIS\DSP_Lib\Source\FilteringFunctions\arm_fir_lattice_init_q15.o
LOAD Libraries\CMSIS\DSP_Lib\Source\FilteringFunctions\arm_fir_lattice_init_f32.o
LOAD Libraries\CMSIS\DSP_Lib\Source\FilteringFunctions\arm_fir_lattice_f32.o
LOAD Libraries\CMSIS\DSP_Lib\Source\FilteringFunctions\arm_fir_interpolate_q31.o
LOAD Libraries\CMSIS\DSP_Lib\Source\FilteringFunctions\arm_fir_interpolate_q15.o
LOAD Libraries\CMSIS\DSP_Lib\Source\FilteringFunctions\arm_fir_interpolate_init_q31.o
LOAD Libraries\CMSIS\DSP_Lib\Source\FilteringFunctions\arm_fir_interpolate_init_q15.o
LOAD Libraries\CMSIS\DSP_Lib\Source\FilteringFunctions\arm_fir_interpolate_init_f32.o
LOAD Libraries\CMSIS\DSP_Lib\Source\FilteringFunctions\arm_fir_interpolate_f32.o
LOAD Libraries\CMSIS\DSP_Lib\Source\FilteringFunctions\arm_fir_init_q7.o
LOAD Libraries\CMSIS\DSP_Lib\Source\FilteringFunctions\arm_fir_init_q31.o
LOAD Libraries\CMSIS\DSP_Lib\Source\FilteringFunctions\arm_fir_init_q15.o
LOAD Libraries\CMSIS\DSP_Lib\Source\FilteringFunctions\arm_fir_init_f32.o
LOAD Libraries\CMSIS\DSP_Lib\Source\FilteringFunctions\arm_fir_fast_q31.o
LOAD Libraries\CMSIS\DSP_Lib\Source\FilteringFunctions\arm_fir_fast_q15.o
LOAD Libraries\CMSIS\DSP_Lib\Source\FilteringFunctions\arm_fir_f32.o
LOAD Libraries\CMSIS\DSP_Lib\Source\FilteringFunctions\arm_fir_decimate_q31.o
LOAD Libraries\CMSIS\DSP_Lib\Source\FilteringFunctions\arm_fir_decimate_q15.o
LOAD Libraries\CMSIS\DSP_Lib\Source\FilteringFunctions\arm_fir_decimate_init_q31.o
LOAD Libraries\CMSIS\DSP_Lib\Source\FilteringFunctions\arm_fir_decimate_init_q15.o
LOAD Libraries\CMSIS\DSP_Lib\Source\FilteringFunctions\arm_fir_decimate_init_f32.o
LOAD Libraries\CMSIS\DSP_Lib\Source\FilteringFunctions\arm_fir_decimate_fast_q31.o
LOAD Libraries\CMSIS\DSP_Lib\Source\FilteringFunctions\arm_fir_decimate_fast_q15.o
LOAD Libraries\CMSIS\DSP_Lib\Source\FilteringFunctions\arm_fir_decimate_f32.o
LOAD Libraries\CMSIS\DSP_Lib\Source\FilteringFunctions\arm_correlate_q7.o
LOAD Libraries\CMSIS\DSP_Lib\Source\FilteringFunctions\arm_correlate_q31.o
LOAD Libraries\CMSIS\DSP_Lib\Source\FilteringFunctions\arm_correlate_q15.o
LOAD Libraries\CMSIS\DSP_Lib\Source\FilteringFunctions\arm_correlate_opt_q7.o
LOAD Libraries\CMSIS\DSP_Lib\Source\FilteringFunctions\arm_correlate_opt_q15.o
LOAD Libraries\CMSIS\DSP_Lib\Source\FilteringFunctions\arm_correlate_fast_q31.o
LOAD Libraries\CMSIS\DSP_Lib\Source\FilteringFunctions\arm_correlate_fast_q15.o
LOAD Libraries\CMSIS\DSP_Lib\Source\FilteringFunctions\arm_correlate_fast_opt_q15.o
LOAD Libraries\CMSIS\DSP_Lib\Source\FilteringFunctions\arm_correlate_f32.o
LOAD Libraries\CMSIS\DSP_Lib\Source\FilteringFunctions\arm_conv_q7.o
LOAD Libraries\CMSIS\DSP_Lib\Source\FilteringFunctions\arm_conv_q31.o
LOAD Libraries\CMSIS\DSP_Lib\Source\FilteringFunctions\arm_conv_q15.o
LOAD Libraries\CMSIS\DSP_Lib\Source\FilteringFunctions\arm_conv_partial_q7.o
LOAD Libraries\CMSIS\DSP_Lib\Source\FilteringFunctions\arm_conv_partial_q31.o
LOAD Libraries\CMSIS\DSP_Lib\Source\FilteringFunctions\arm_conv_partial_q15.o
LOAD Libraries\CMSIS\DSP_Lib\Source\FilteringFunctions\arm_conv_partial_opt_q7.o
LOAD Libraries\CMSIS\DSP_Lib\Source\FilteringFunctions\arm_conv_partial_opt_q15.o
LOAD Libraries\CMSIS\DSP_Lib\Source\FilteringFunctions\arm_conv_partial_fast_q31.o
LOAD Libraries\CMSIS\DSP_Lib\Source\FilteringFunctions\arm_conv_partial_fast_q15.o
LOAD Libraries\CMSIS\DSP_Lib\Source\FilteringFunctions\arm_conv_partial_fast_opt_q15.o
LOAD Libraries\CMSIS\DSP_Lib\Source\FilteringFunctions\arm_conv_partial_f32.o
LOAD Libraries\CMSIS\DSP_Lib\Source\FilteringFunctions\arm_conv_opt_q7.o
LOAD Libraries\CMSIS\DSP_Lib\Source\FilteringFunctions\arm_conv_opt_q15.o
LOAD Libraries\CMSIS\DSP_Lib\Source\FilteringFunctions\arm_conv_fast_q31.o
LOAD Libraries\CMSIS\DSP_Lib\Source\FilteringFunctions\arm_conv_fast_q15.o
LOAD Libraries\CMSIS\DSP_Lib\Source\FilteringFunctions\arm_conv_fast_opt_q15.o
LOAD Libraries\CMSIS\DSP_Lib\Source\FilteringFunctions\arm_conv_f32.o
LOAD Libraries\CMSIS\DSP_Lib\Source\FilteringFunctions\arm_biquad_cascade_df2T_init_f32.o
LOAD Libraries\CMSIS\DSP_Lib\Source\FilteringFunctions\arm_biquad_cascade_df2T_f32.o
LOAD Libraries\CMSIS\DSP_Lib\Source\FilteringFunctions\arm_biquad_cascade_df1_q31.o
LOAD Libraries\CMSIS\DSP_Lib\Source\FilteringFunctions\arm_biquad_cascade_df1_q15.o
LOAD Libraries\CMSIS\DSP_Lib\Source\FilteringFunctions\arm_biquad_cascade_df1_init_q31.o
LOAD Libraries\CMSIS\DSP_Lib\Source\FilteringFunctions\arm_biquad_cascade_df1_init_q15.o
LOAD Libraries\CMSIS\DSP_Lib\Source\FilteringFunctions\arm_biquad_cascade_df1_init_f32.o
LOAD Libraries\CMSIS\DSP_Lib\Source\FilteringFunctions\arm_biquad_cascade_df1_fast_q31.o
LOAD Libraries\CMSIS\DSP_Lib\Source\FilteringFunctions\arm_biquad_cascade_df1_fast_q15.o
LOAD Libraries\CMSIS\DSP_Lib\Source\FilteringFunctions\arm_biquad_cascade_df1_f32.o
LOAD Libraries\CMSIS\DSP_Lib\Source\FilteringFunctions\arm_biquad_cascade_df1_32x64_q31.o
LOAD Libraries\CMSIS\DSP_Lib\Source\FilteringFunctions\arm_biquad_cascade_df1_32x64_init_q31.o
LOAD Libraries\CMSIS\DSP_Lib\Source\FastMathFunctions\arm_sqrt_q31.o
LOAD Libraries\CMSIS\DSP_Lib\Source\FastMathFunctions\arm_sqrt_q15.o
LOAD Libraries\CMSIS\DSP_Lib\Source\FastMathFunctions\arm_sin_q31.o
LOAD Libraries\CMSIS\DSP_Lib\Source\FastMathFunctions\arm_sin_q15.o
LOAD Libraries\CMSIS\DSP_Lib\Source\FastMathFunctions\arm_sin_f32.o
LOAD Libraries\CMSIS\DSP_Lib\Source\FastMathFunctions\arm_cos_q31.o
LOAD Libraries\CMSIS\DSP_Lib\Source\FastMathFunctions\arm_cos_q15.o
LOAD Libraries\CMSIS\DSP_Lib\Source\FastMathFunctions\arm_cos_f32.o
LOAD Libraries\CMSIS\DSP_Lib\Source\ControllerFunctions\arm_sin_cos_q31.o
LOAD Libraries\CMSIS\DSP_Lib\Source\ControllerFunctions\arm_sin_cos_f32.o
LOAD Libraries\CMSIS\DSP_Lib\Source\ControllerFunctions\arm_pid_reset_q31.o
LOAD Libraries\CMSIS\DSP_Lib\Source\ControllerFunctions\arm_pid_reset_q15.o
LOAD Libraries\CMSIS\DSP_Lib\Source\ControllerFunctions\arm_pid_reset_f32.o
LOAD Libraries\CMSIS\DSP_Lib\Source\ControllerFunctions\arm_pid_init_q31.o
LOAD Libraries\CMSIS\DSP_Lib\Source\ControllerFunctions\arm_pid_init_q15.o
LOAD Libraries\CMSIS\DSP_Lib\Source\ControllerFunctions\arm_pid_init_f32.o
LOAD Libraries\CMSIS\DSP_Lib\Source\ComplexMathFunctions\arm_cmplx_mult_real_q31.o
LOAD Libraries\CMSIS\DSP_Lib\Source\ComplexMathFunctions\arm_cmplx_mult_real_q15.o
LOAD Libraries\CMSIS\DSP_Lib\Source\ComplexMathFunctions\arm_cmplx_mult_real_f32.o
LOAD Libraries\CMSIS\DSP_Lib\Source\ComplexMathFunctions\arm_cmplx_mult_cmplx_q31.o
LOAD Libraries\CMSIS\DSP_Lib\Source\ComplexMathFunctions\arm_cmplx_mult_cmplx_q15.o
LOAD Libraries\CMSIS\DSP_Lib\Source\ComplexMathFunctions\arm_cmplx_mult_cmplx_f32.o
LOAD Libraries\CMSIS\DSP_Lib\Source\ComplexMathFunctions\arm_cmplx_mag_squared_q31.o
LOAD Libraries\CMSIS\DSP_Lib\Source\ComplexMathFunctions\arm_cmplx_mag_squared_q15.o
LOAD Libraries\CMSIS\DSP_Lib\Source\ComplexMathFunctions\arm_cmplx_mag_squared_f32.o
LOAD Libraries\CMSIS\DSP_Lib\Source\ComplexMathFunctions\arm_cmplx_mag_q31.o
LOAD Libraries\CMSIS\DSP_Lib\Source\ComplexMathFunctions\arm_cmplx_mag_q15.o
LOAD Libraries\CMSIS\DSP_Lib\Source\ComplexMathFunctions\arm_cmplx_mag_f32.o
LOAD Libraries\CMSIS\DSP_Lib\Source\ComplexMathFunctions\arm_cmplx_dot_prod_q31.o
LOAD Libraries\CMSIS\DSP_Lib\Source\ComplexMathFunctions\arm_cmplx_dot_prod_q15.o
LOAD Libraries\CMSIS\DSP_Lib\Source\ComplexMathFunctions\arm_cmplx_dot_prod_f32.o
LOAD Libraries\CMSIS\DSP_Lib\Source\ComplexMathFunctions\arm_cmplx_conj_q31.o
LOAD Libraries\CMSIS\DSP_Lib\Source\ComplexMathFunctions\arm_cmplx_conj_q15.o
LOAD Libraries\CMSIS\DSP_Lib\Source\ComplexMathFunctions\arm_cmplx_conj_f32.o
LOAD Libraries\CMSIS\DSP_Lib\Source\CommonTables\arm_common_tables.o
START GROUP
LOAD c:/program files (x86)/atollic/truestudio for arm lite 4.1.0/armtools/bin/../lib/gcc/arm-atollic-eabi/4.7.3/../../../../arm-atollic-eabi/lib/armv7e-m/fpu\libc_s.a
LOAD c:/program files (x86)/atollic/truestudio for arm lite 4.1.0/armtools/bin/../lib/gcc/arm-atollic-eabi/4.7.3/../../../../arm-atollic-eabi/lib/armv7e-m/fpu\libm.a
END GROUP
                0x00001000                malloc_getpagesize_P = 0x1000
START GROUP
LOAD c:/program files (x86)/atollic/truestudio for arm lite 4.1.0/armtools/bin/../lib/gcc/arm-atollic-eabi/4.7.3/armv7e-m/fpu\libgcc.a
LOAD c:/program files (x86)/atollic/truestudio for arm lite 4.1.0/armtools/bin/../lib/gcc/arm-atollic-eabi/4.7.3/../../../../arm-atollic-eabi/lib/armv7e-m/fpu\libc.a
END GROUP
LOAD c:/program files (x86)/atollic/truestudio for arm lite 4.1.0/armtools/bin/../lib/gcc/arm-atollic-eabi/4.7.3/armv7e-m/fpu/crtend.o
LOAD c:/program files (x86)/atollic/truestudio for arm lite 4.1.0/armtools/bin/../lib/gcc/arm-atollic-eabi/4.7.3/armv7e-m/fpu/crtn.o
                0x20020000                _estack = 0x20020000
                0x00000000                _Min_Heap_Size = 0x0
                0x00000400                _Min_Stack_Size = 0x400

.isr_vector     0x08000000      0x188
                0x08000000                . = ALIGN (0x4)
 *(.isr_vector)
 .isr_vector    0x08000000      0x188 src\startup_stm32f40xx.o
                0x08000000                g_pfnVectors
                0x08000188                . = ALIGN (0x4)

.text           0x08000188     0x1b0c
                0x08000188                . = ALIGN (0x4)
 *(.text)
 .text          0x08000188       0x54 c:/program files (x86)/atollic/truestudio for arm lite 4.1.0/armtools/bin/../lib/gcc/arm-atollic-eabi/4.7.3/armv7e-m/fpu/crtbegin.o
 *(.text*)
 .text.SystemInit
                0x080001dc      0x12c src\system_stm32f4xx.o
                0x080001dc                SystemInit
 .text.NMI_Handler
                0x08000308        0x4 src\stm32f4xx_it.o
                0x08000308                NMI_Handler
 .text.HardFault_Handler
                0x0800030c        0x4 src\stm32f4xx_it.o
                0x0800030c                HardFault_Handler
 .text.MemManage_Handler
                0x08000310        0x4 src\stm32f4xx_it.o
                0x08000310                MemManage_Handler
 .text.BusFault_Handler
                0x08000314        0x4 src\stm32f4xx_it.o
                0x08000314                BusFault_Handler
 .text.UsageFault_Handler
                0x08000318        0x4 src\stm32f4xx_it.o
                0x08000318                UsageFault_Handler
 .text.SVC_Handler
                0x0800031c        0x4 src\stm32f4xx_it.o
                0x0800031c                SVC_Handler
 .text.DebugMon_Handler
                0x08000320        0x4 src\stm32f4xx_it.o
                0x08000320                DebugMon_Handler
 .text.PendSV_Handler
                0x08000324        0x4 src\stm32f4xx_it.o
                0x08000324                PendSV_Handler
 .text.SysTick_Handler
                0x08000328        0x4 src\stm32f4xx_it.o
                0x08000328                SysTick_Handler
 .text.DMA1_Stream5_IRQHandler
                0x0800032c      0x138 src\stm32f4xx_it.o
                0x0800032c                DMA1_Stream5_IRQHandler
 .text.DMA1_Stream6_IRQHandler
                0x08000464      0x138 src\stm32f4xx_it.o
                0x08000464                DMA1_Stream6_IRQHandler
 .text.DMA2_Stream0_IRQHandler
                0x0800059c      0x13c src\stm32f4xx_it.o
                0x0800059c                DMA2_Stream0_IRQHandler
 .text.DMA2_Stream2_IRQHandler
                0x080006d8      0x13c src\stm32f4xx_it.o
                0x080006d8                DMA2_Stream2_IRQHandler
 .text.Reset_Handler
                0x08000814       0x58 src\startup_stm32f40xx.o
                0x08000814                Reset_Handler
 .text.Default_Handler
                0x0800086c        0x4 src\startup_stm32f40xx.o
                0x0800086c                RTC_Alarm_IRQHandler
                0x0800086c                HASH_RNG_IRQHandler
                0x0800086c                EXTI2_IRQHandler
                0x0800086c                TIM8_CC_IRQHandler
                0x0800086c                TIM1_CC_IRQHandler
                0x0800086c                DMA2_Stream5_IRQHandler
                0x0800086c                PVD_IRQHandler
                0x0800086c                SDIO_IRQHandler
                0x0800086c                TAMP_STAMP_IRQHandler
                0x0800086c                CAN2_RX1_IRQHandler
                0x0800086c                EXTI3_IRQHandler
                0x0800086c                TIM8_TRG_COM_TIM14_IRQHandler
                0x0800086c                TIM1_UP_TIM10_IRQHandler
                0x0800086c                TIM8_UP_TIM13_IRQHandler
                0x0800086c                I2C3_ER_IRQHandler
                0x0800086c                EXTI0_IRQHandler
                0x0800086c                I2C2_EV_IRQHandler
                0x0800086c                DMA1_Stream2_IRQHandler
                0x0800086c                CAN1_RX0_IRQHandler
                0x0800086c                FPU_IRQHandler
                0x0800086c                OTG_HS_WKUP_IRQHandler
                0x0800086c                CAN2_SCE_IRQHandler
                0x0800086c                SPI1_IRQHandler
                0x0800086c                TIM6_DAC_IRQHandler
                0x0800086c                TIM1_BRK_TIM9_IRQHandler
                0x0800086c                DCMI_IRQHandler
                0x0800086c                CAN2_RX0_IRQHandler
                0x0800086c                DMA2_Stream3_IRQHandler
                0x0800086c                USART6_IRQHandler
                0x0800086c                USART3_IRQHandler
                0x0800086c                CRYP_IRQHandler
                0x0800086c                CAN1_RX1_IRQHandler
                0x0800086c                UART5_IRQHandler
                0x0800086c                TIM4_IRQHandler
                0x0800086c                I2C1_EV_IRQHandler
                0x0800086c                DMA1_Stream1_IRQHandler
                0x0800086c                UART4_IRQHandler
                0x0800086c                TIM3_IRQHandler
                0x0800086c                RCC_IRQHandler
                0x0800086c                TIM8_BRK_TIM12_IRQHandler
                0x0800086c                Default_Handler
                0x0800086c                EXTI15_10_IRQHandler
                0x0800086c                ADC_IRQHandler
                0x0800086c                DMA1_Stream7_IRQHandler
                0x0800086c                TIM7_IRQHandler
                0x0800086c                CAN2_TX_IRQHandler
                0x0800086c                TIM5_IRQHandler
                0x0800086c                DMA2_Stream7_IRQHandler
                0x0800086c                I2C3_EV_IRQHandler
                0x0800086c                EXTI9_5_IRQHandler
                0x0800086c                RTC_WKUP_IRQHandler
                0x0800086c                ETH_WKUP_IRQHandler
                0x0800086c                SPI2_IRQHandler
                0x0800086c                OTG_HS_EP1_IN_IRQHandler
                0x0800086c                DMA1_Stream0_IRQHandler
                0x0800086c                CAN1_TX_IRQHandler
                0x0800086c                EXTI4_IRQHandler
                0x0800086c                FSMC_IRQHandler
                0x0800086c                ETH_IRQHandler
                0x0800086c                OTG_HS_EP1_OUT_IRQHandler
                0x0800086c                WWDG_IRQHandler
                0x0800086c                TIM2_IRQHandler
                0x0800086c                OTG_FS_WKUP_IRQHandler
                0x0800086c                TIM1_TRG_COM_TIM11_IRQHandler
                0x0800086c                OTG_HS_IRQHandler
                0x0800086c                EXTI1_IRQHandler
                0x0800086c                USART2_IRQHandler
                0x0800086c                I2C2_ER_IRQHandler
                0x0800086c                DMA2_Stream1_IRQHandler
                0x0800086c                CAN1_SCE_IRQHandler
                0x0800086c                FLASH_IRQHandler
                0x0800086c                DMA2_Stream4_IRQHandler
                0x0800086c                USART1_IRQHandler
                0x0800086c                OTG_FS_IRQHandler
                0x0800086c                SPI3_IRQHandler
                0x0800086c                DMA1_Stream4_IRQHandler
                0x0800086c                I2C1_ER_IRQHandler
                0x0800086c                DMA2_Stream6_IRQHandler
                0x0800086c                DMA1_Stream3_IRQHandler
 .text.InitProcessing
                0x08000870       0x2c src\SignalProcessingFIRFilter.o
                0x08000870                InitProcessing
 .text.ProcessBlock
                0x0800089c       0xac src\SignalProcessingFIRFilter.o
                0x0800089c                ProcessBlock
 .text.IdleFunction
                0x08000948        0x4 src\SignalProcessingFIRFilter.o
                0x08000948                IdleFunction
 .text.TIM2_Config
                0x0800094c       0x48 src\DSPMain.o
                0x0800094c                TIM2_Config
 .text.Interrupt_Config
                0x08000994       0x74 src\DSPMain.o
                0x08000994                Interrupt_Config
 .text.ADC_Common_Config
                0x08000a08       0x4c src\DSPMain.o
                0x08000a08                ADC_Common_Config
 .text.ADC_Ch1_Config
                0x08000a54      0x100 src\DSPMain.o
                0x08000a54                ADC_Ch1_Config
 .text.ADC_Ch2_Config
                0x08000b54      0x104 src\DSPMain.o
                0x08000b54                ADC_Ch2_Config
 .text.DAC_Ch2_Config
                0x08000c58       0xd0 src\DSPMain.o
                0x08000c58                DAC_Ch2_Config
 .text.DAC_Common_Config
                0x08000d28       0x3c src\DSPMain.o
                0x08000d28                DAC_Common_Config
 .text.DAC_Ch1_Config
                0x08000d64       0xcc src\DSPMain.o
                0x08000d64                DAC_Ch1_Config
 .text.startup.main
                0x08000e30       0x60 src\DSPMain.o
                0x08000e30                main
 .text.FatalError
                0x08000e90      0x118 src\DSPMain.o
                0x08000e90                FatalError
 .text.ProcessBuffer
                0x08000fa8       0xe4 src\DSPMain.o
                0x08000fa8                ProcessBuffer
 .text.TIM_TimeBaseInit
                0x0800108c       0xb0 Libraries\STM32F4xx_StdPeriph_Driver\src\stm32f4xx_tim.o
                0x0800108c                TIM_TimeBaseInit
 .text.TIM_TimeBaseStructInit
                0x0800113c       0x14 Libraries\STM32F4xx_StdPeriph_Driver\src\stm32f4xx_tim.o
                0x0800113c                TIM_TimeBaseStructInit
 .text.TIM_Cmd  0x08001150       0x1c Libraries\STM32F4xx_StdPeriph_Driver\src\stm32f4xx_tim.o
                0x08001150                TIM_Cmd
 .text.TIM_SelectOutputTrigger
                0x0800116c       0x18 Libraries\STM32F4xx_StdPeriph_Driver\src\stm32f4xx_tim.o
                0x0800116c                TIM_SelectOutputTrigger
 .text.RCC_AHB1PeriphClockCmd
                0x08001184       0x1c Libraries\STM32F4xx_StdPeriph_Driver\src\stm32f4xx_rcc.o
                0x08001184                RCC_AHB1PeriphClockCmd
 .text.RCC_APB1PeriphClockCmd
                0x080011a0       0x1c Libraries\STM32F4xx_StdPeriph_Driver\src\stm32f4xx_rcc.o
                0x080011a0                RCC_APB1PeriphClockCmd
 .text.RCC_APB2PeriphClockCmd
                0x080011bc       0x1c Libraries\STM32F4xx_StdPeriph_Driver\src\stm32f4xx_rcc.o
                0x080011bc                RCC_APB2PeriphClockCmd
 .text.GPIO_Init
                0x080011d8      0x150 Libraries\STM32F4xx_StdPeriph_Driver\src\stm32f4xx_gpio.o
                0x080011d8                GPIO_Init
 .text.GPIO_SetBits
                0x08001328        0x4 Libraries\STM32F4xx_StdPeriph_Driver\src\stm32f4xx_gpio.o
                0x08001328                GPIO_SetBits
 .text.GPIO_ResetBits
                0x0800132c        0x4 Libraries\STM32F4xx_StdPeriph_Driver\src\stm32f4xx_gpio.o
                0x0800132c                GPIO_ResetBits
 .text.GPIO_ToggleBits
                0x08001330        0x8 Libraries\STM32F4xx_StdPeriph_Driver\src\stm32f4xx_gpio.o
                0x08001330                GPIO_ToggleBits
 .text.DMA_Init
                0x08001338       0x88 Libraries\STM32F4xx_StdPeriph_Driver\src\stm32f4xx_dma.o
                0x08001338                DMA_Init
 .text.DMA_Cmd  0x080013c0       0x14 Libraries\STM32F4xx_StdPeriph_Driver\src\stm32f4xx_dma.o
                0x080013c0                DMA_Cmd
 .text.DMA_DoubleBufferModeConfig
                0x080013d4       0x18 Libraries\STM32F4xx_StdPeriph_Driver\src\stm32f4xx_dma.o
                0x080013d4                DMA_DoubleBufferModeConfig
 .text.DMA_DoubleBufferModeCmd
                0x080013ec       0x14 Libraries\STM32F4xx_StdPeriph_Driver\src\stm32f4xx_dma.o
                0x080013ec                DMA_DoubleBufferModeCmd
 .text.DMA_GetCurrentMemoryTarget
                0x08001400        0x8 Libraries\STM32F4xx_StdPeriph_Driver\src\stm32f4xx_dma.o
                0x08001400                DMA_GetCurrentMemoryTarget
 .text.DMA_ITConfig
                0x08001408       0x40 Libraries\STM32F4xx_StdPeriph_Driver\src\stm32f4xx_dma.o
                0x08001408                DMA_ITConfig
 .text.DMA_GetITStatus
                0x08001448       0x58 Libraries\STM32F4xx_StdPeriph_Driver\src\stm32f4xx_dma.o
                0x08001448                DMA_GetITStatus
 .text.DMA_ClearITPendingBit
                0x080014a0       0x38 Libraries\STM32F4xx_StdPeriph_Driver\src\stm32f4xx_dma.o
                0x080014a0                DMA_ClearITPendingBit
 .text.DAC_Init
                0x080014d8       0x38 Libraries\STM32F4xx_StdPeriph_Driver\src\stm32f4xx_dac.o
                0x080014d8                DAC_Init
 .text.DAC_Cmd  0x08001510       0x28 Libraries\STM32F4xx_StdPeriph_Driver\src\stm32f4xx_dac.o
                0x08001510                DAC_Cmd
 .text.DAC_DMACmd
                0x08001538       0x2c Libraries\STM32F4xx_StdPeriph_Driver\src\stm32f4xx_dac.o
                0x08001538                DAC_DMACmd
 .text.ADC_Init
                0x08001564       0x50 Libraries\STM32F4xx_StdPeriph_Driver\src\stm32f4xx_adc.o
                0x08001564                ADC_Init
 .text.ADC_CommonInit
                0x080015b4       0x30 Libraries\STM32F4xx_StdPeriph_Driver\src\stm32f4xx_adc.o
                0x080015b4                ADC_CommonInit
 .text.ADC_Cmd  0x080015e4       0x14 Libraries\STM32F4xx_StdPeriph_Driver\src\stm32f4xx_adc.o
                0x080015e4                ADC_Cmd
 .text.ADC_RegularChannelConfig
                0x080015f8       0x9c Libraries\STM32F4xx_StdPeriph_Driver\src\stm32f4xx_adc.o
                0x080015f8                ADC_RegularChannelConfig
 .text.ADC_DMACmd
                0x08001694       0x14 Libraries\STM32F4xx_StdPeriph_Driver\src\stm32f4xx_adc.o
                0x08001694                ADC_DMACmd
 .text.ADC_DMARequestAfterLastTransferCmd
                0x080016a8       0x14 Libraries\STM32F4xx_StdPeriph_Driver\src\stm32f4xx_adc.o
                0x080016a8                ADC_DMARequestAfterLastTransferCmd
 .text.NVIC_PriorityGroupConfig
                0x080016bc       0x14 Libraries\STM32F4xx_StdPeriph_Driver\src\misc.o
                0x080016bc                NVIC_PriorityGroupConfig
 .text.NVIC_Init
                0x080016d0       0x80 Libraries\STM32F4xx_StdPeriph_Driver\src\misc.o
                0x080016d0                NVIC_Init
 .text.arm_fir_q31
                0x08001750      0x4ac Libraries\CMSIS\DSP_Lib\Source\FilteringFunctions\arm_fir_q31.o
                0x08001750                arm_fir_q31
 .text.arm_fir_init_q31
                0x08001bfc       0x24 Libraries\CMSIS\DSP_Lib\Source\FilteringFunctions\arm_fir_init_q31.o
                0x08001bfc                arm_fir_init_q31
 .text.__libc_init_array
                0x08001c20       0x4c c:/program files (x86)/atollic/truestudio for arm lite 4.1.0/armtools/bin/../lib/gcc/arm-atollic-eabi/4.7.3/../../../../arm-atollic-eabi/lib/armv7e-m/fpu\libc_s.a(lib_a-init.o)
                0x08001c20                __libc_init_array
 .text.memset   0x08001c6c       0x10 c:/program files (x86)/atollic/truestudio for arm lite 4.1.0/armtools/bin/../lib/gcc/arm-atollic-eabi/4.7.3/../../../../arm-atollic-eabi/lib/armv7e-m/fpu\libc_s.a(lib_a-memset.o)
                0x08001c6c                memset
 *(.glue_7)
 .glue_7        0x00000000        0x0 linker stubs
 *(.glue_7t)
 .glue_7t       0x00000000        0x0 linker stubs
 *(.eh_frame)
 .eh_frame      0x08001c7c        0x0 c:/program files (x86)/atollic/truestudio for arm lite 4.1.0/armtools/bin/../lib/gcc/arm-atollic-eabi/4.7.3/armv7e-m/fpu/crtbegin.o
 *(.init)
 .init          0x08001c7c        0x4 c:/program files (x86)/atollic/truestudio for arm lite 4.1.0/armtools/bin/../lib/gcc/arm-atollic-eabi/4.7.3/armv7e-m/fpu/crti.o
                0x08001c7c                _init
 .init          0x08001c80        0x8 c:/program files (x86)/atollic/truestudio for arm lite 4.1.0/armtools/bin/../lib/gcc/arm-atollic-eabi/4.7.3/armv7e-m/fpu/crtn.o
 *(.fini)
 .fini          0x08001c88        0x4 c:/program files (x86)/atollic/truestudio for arm lite 4.1.0/armtools/bin/../lib/gcc/arm-atollic-eabi/4.7.3/armv7e-m/fpu/crti.o
                0x08001c88                _fini
 .fini          0x08001c8c        0x8 c:/program files (x86)/atollic/truestudio for arm lite 4.1.0/armtools/bin/../lib/gcc/arm-atollic-eabi/4.7.3/armv7e-m/fpu/crtn.o
                0x08001c94                . = ALIGN (0x4)
                0x08001c94                _etext = .

.vfp11_veneer   0x08001c94        0x0
 .vfp11_veneer  0x00000000        0x0 linker stubs

.v4_bx          0x08001c94        0x0
 .v4_bx         0x00000000        0x0 linker stubs

.iplt           0x08001c94        0x0
 .iplt          0x00000000        0x0 c:/program files (x86)/atollic/truestudio for arm lite 4.1.0/armtools/bin/../lib/gcc/arm-atollic-eabi/4.7.3/armv7e-m/fpu/crtbegin.o

.rel.dyn        0x08001c94        0x0
 .rel.iplt      0x00000000        0x0 c:/program files (x86)/atollic/truestudio for arm lite 4.1.0/armtools/bin/../lib/gcc/arm-atollic-eabi/4.7.3/armv7e-m/fpu/crtbegin.o

.rodata         0x08001c94        0x0
                0x08001c94                . = ALIGN (0x4)
 *(.rodata)
 *(.rodata*)
                0x08001c94                . = ALIGN (0x4)

.ARM.extab
 *(.ARM.extab* .gnu.linkonce.armextab.*)

.ARM            0x08001c94        0x0
                0x08001c94                __exidx_start = .
 *(.ARM.exidx*)
                0x08001c94                __exidx_end = .

.preinit_array  0x08001c94        0x0
                0x08001c94                PROVIDE (__preinit_array_start, .)
 *(.preinit_array*)
                0x08001c94                PROVIDE (__preinit_array_end, .)

.init_array     0x08001c94        0x4
                0x08001c94                PROVIDE (__init_array_start, .)
 *(SORT(.init_array.*))
 *(.init_array*)
 .init_array    0x08001c94        0x4 c:/program files (x86)/atollic/truestudio for arm lite 4.1.0/armtools/bin/../lib/gcc/arm-atollic-eabi/4.7.3/armv7e-m/fpu/crtbegin.o
                0x08001c98                PROVIDE (__init_array_end, .)

.fini_array     0x08001c98        0x4
                0x08001c98                PROVIDE (__fini_array_start, .)
 *(SORT(.fini_array.*))
 *(.fini_array*)
 .fini_array    0x08001c98        0x4 c:/program files (x86)/atollic/truestudio for arm lite 4.1.0/armtools/bin/../lib/gcc/arm-atollic-eabi/4.7.3/armv7e-m/fpu/crtbegin.o
                0x08001c9c                PROVIDE (__fini_array_end, .)
                0x08001c9c                _sidata = LOADADDR (.data)

.data           0x20000000       0x80 load address 0x08001c9c
                0x20000000                . = ALIGN (0x4)
                0x20000000                _sdata = .
 *(.data)
 *(.data*)
 .data.CoeffsQ31
                0x20000000       0x80 src\SignalProcessingFIRFilter.o
                0x20000000                CoeffsQ31
                0x20000080                . = ALIGN (0x4)
                0x20000080                _edata = .
                0x08001d1c                _siccmram = LOADADDR (.ccmram)

.jcr            0x20000080        0x0 load address 0x08001d1c
 .jcr           0x20000080        0x0 c:/program files (x86)/atollic/truestudio for arm lite 4.1.0/armtools/bin/../lib/gcc/arm-atollic-eabi/4.7.3/armv7e-m/fpu/crtbegin.o

.igot.plt       0x20000080        0x0 load address 0x08001d1c
 .igot.plt      0x00000000        0x0 c:/program files (x86)/atollic/truestudio for arm lite 4.1.0/armtools/bin/../lib/gcc/arm-atollic-eabi/4.7.3/armv7e-m/fpu/crtbegin.o

.ccmram         0x10000000        0x0 load address 0x08001d1c
                0x10000000                . = ALIGN (0x4)
                0x10000000                _sccmram = .
 *(.ccmram)
 *(.ccmram*)
                0x10000000                . = ALIGN (0x4)
                0x10000000                _eccmram = .
                0x10000000                . = ALIGN (0x4)

.bss            0x20000080     0x38b8
                0x20000080                _sbss = .
                0x20000080                __bss_start__ = _sbss
 *(.bss)
 .bss           0x20000080       0x1c c:/program files (x86)/atollic/truestudio for arm lite 4.1.0/armtools/bin/../lib/gcc/arm-atollic-eabi/4.7.3/armv7e-m/fpu/crtbegin.o
 *(.bss*)
 .bss.TransferCompleteDAC1
                0x2000009c        0x4 src\stm32f4xx_it.o
                0x2000009c                TransferCompleteDAC1
 .bss.TransferCompleteDAC2
                0x200000a0        0x4 src\stm32f4xx_it.o
                0x200000a0                TransferCompleteDAC2
 .bss.TransferCompleteADC1
                0x200000a4        0x4 src\stm32f4xx_it.o
                0x200000a4                TransferCompleteADC1
 .bss.TransferCompleteADC2
                0x200000a8        0x4 src\stm32f4xx_it.o
                0x200000a8                TransferCompleteADC2
 .bss.Buffer2_a
                0x200000ac      0x400 src\DSPMain.o
                0x200000ac                Buffer2_a
 .bss.Buffer2_b
                0x200004ac      0x400 src\DSPMain.o
                0x200004ac                Buffer2_b
 .bss.TxBuffer2_b
                0x200008ac      0x400 src\DSPMain.o
                0x200008ac                TxBuffer2_b
 .bss.TxBuffer1_a
                0x20000cac      0x400 src\DSPMain.o
                0x20000cac                TxBuffer1_a
 .bss.Buffer1_a
                0x200010ac      0x400 src\DSPMain.o
                0x200010ac                Buffer1_a
 .bss.Buffer1_b
                0x200014ac      0x400 src\DSPMain.o
                0x200014ac                Buffer1_b
 .bss.TxBuffer1_b
                0x200018ac      0x400 src\DSPMain.o
                0x200018ac                TxBuffer1_b
 .bss.TxBuffer2_a
                0x20001cac      0x400 src\DSPMain.o
                0x20001cac                TxBuffer2_a
 *(COMMON)
 COMMON         0x200020ac     0x1888 src\SignalProcessingFIRFilter.o
                0x200020ac                OutBufferQ31
                0x200028ac                InBufferQ31
                0x200030ac                FirStateQ31
                0x200030b8                StateQ31
 COMMON         0x20003934        0x4 src\DSPMain.o
                0x20003934                WaitWait
                0x20003938                . = ALIGN (0x4)
                0x20003938                _ebss = .
                0x20003938                __bss_end__ = _ebss

._user_heap_stack
                0x20003938      0x400
                0x20003938                . = ALIGN (0x4)
                0x20003938                PROVIDE (end, .)
                0x20003938                PROVIDE (_end, .)
                0x20003938                . = (. + _Min_Heap_Size)
                0x20003d38                . = (. + _Min_Stack_Size)
 *fill*         0x20003938      0x400 00
                0x20003d38                . = ALIGN (0x4)

.memory_b1_text
 *(.mb1text)
 *(.mb1text*)
 *(.mb1rodata)
 *(.mb1rodata*)

/DISCARD/
 libc.a(*)
 libm.a(*)
 libgcc.a(*)

.ARM.attributes
                0x00000000       0x32
 *(.ARM.attributes)
 .ARM.attributes
                0x00000000       0x24 c:/program files (x86)/atollic/truestudio for arm lite 4.1.0/armtools/bin/../lib/gcc/arm-atollic-eabi/4.7.3/armv7e-m/fpu/crti.o
 .ARM.attributes
                0x00000024       0x36 c:/program files (x86)/atollic/truestudio for arm lite 4.1.0/armtools/bin/../lib/gcc/arm-atollic-eabi/4.7.3/armv7e-m/fpu/crtbegin.o
 .ARM.attributes
                0x0000005a       0x3b src\system_stm32f4xx.o
 .ARM.attributes
                0x00000095       0x3b src\stm32f4xx_it.o
 .ARM.attributes
                0x000000d0       0x21 src\startup_stm32f40xx.o
 .ARM.attributes
                0x000000f1       0x3b src\SignalProcessingFIRFilter.o
 .ARM.attributes
                0x0000012c       0x3b src\DSPMain.o
 .ARM.attributes
                0x00000167       0x3b Libraries\STM32F4xx_StdPeriph_Driver\src\stm32f4xx_tim.o
 .ARM.attributes
                0x000001a2       0x3b Libraries\STM32F4xx_StdPeriph_Driver\src\stm32f4xx_rcc.o
 .ARM.attributes
                0x000001dd       0x3b Libraries\STM32F4xx_StdPeriph_Driver\src\stm32f4xx_gpio.o
 .ARM.attributes
                0x00000218       0x3b Libraries\STM32F4xx_StdPeriph_Driver\src\stm32f4xx_dma.o
 .ARM.attributes
                0x00000253       0x3b Libraries\STM32F4xx_StdPeriph_Driver\src\stm32f4xx_dac.o
 .ARM.attributes
                0x0000028e       0x3b Libraries\STM32F4xx_StdPeriph_Driver\src\stm32f4xx_adc.o
 .ARM.attributes
                0x000002c9       0x3b Libraries\STM32F4xx_StdPeriph_Driver\src\misc.o
 .ARM.attributes
                0x00000304       0x3b Libraries\CMSIS\DSP_Lib\Source\FilteringFunctions\arm_fir_q31.o
 .ARM.attributes
                0x0000033f       0x3b Libraries\CMSIS\DSP_Lib\Source\FilteringFunctions\arm_fir_init_q31.o
 .ARM.attributes
                0x0000037a       0x36 c:/program files (x86)/atollic/truestudio for arm lite 4.1.0/armtools/bin/../lib/gcc/arm-atollic-eabi/4.7.3/../../../../arm-atollic-eabi/lib/armv7e-m/fpu\libc_s.a(lib_a-init.o)
 .ARM.attributes
                0x000003b0       0x36 c:/program files (x86)/atollic/truestudio for arm lite 4.1.0/armtools/bin/../lib/gcc/arm-atollic-eabi/4.7.3/../../../../arm-atollic-eabi/lib/armv7e-m/fpu\libc_s.a(lib_a-memset.o)
 .ARM.attributes
                0x000003e6       0x24 c:/program files (x86)/atollic/truestudio for arm lite 4.1.0/armtools/bin/../lib/gcc/arm-atollic-eabi/4.7.3/armv7e-m/fpu/crtn.o
OUTPUT(POSIV_ARM_Basisprojekt.elf elf32-littlearm)

.debug_info     0x00000000     0x8f15
 .debug_info    0x00000000      0x627 src\system_stm32f4xx.o
 .debug_info    0x00000627      0x5ca src\stm32f4xx_it.o
 .debug_info    0x00000bf1       0x76 src\startup_stm32f40xx.o
 .debug_info    0x00000c67      0x42e src\SignalProcessingFIRFilter.o
 .debug_info    0x00001095     0x1b9f src\DSPMain.o
 .debug_info    0x00002c34     0x26ee Libraries\STM32F4xx_StdPeriph_Driver\src\stm32f4xx_tim.o
 .debug_info    0x00005322      0xe04 Libraries\STM32F4xx_StdPeriph_Driver\src\stm32f4xx_rcc.o
 .debug_info    0x00006126      0x822 Libraries\STM32F4xx_StdPeriph_Driver\src\stm32f4xx_gpio.o
 .debug_info    0x00006948      0x7b5 Libraries\STM32F4xx_StdPeriph_Driver\src\stm32f4xx_dma.o
 .debug_info    0x000070fd      0x6f0 Libraries\STM32F4xx_StdPeriph_Driver\src\stm32f4xx_dac.o
 .debug_info    0x000077ed      0xd69 Libraries\STM32F4xx_StdPeriph_Driver\src\stm32f4xx_adc.o
 .debug_info    0x00008556      0x598 Libraries\STM32F4xx_StdPeriph_Driver\src\misc.o
 .debug_info    0x00008aee      0x279 Libraries\CMSIS\DSP_Lib\Source\FilteringFunctions\arm_fir_q31.o
 .debug_info    0x00008d67      0x1ae Libraries\CMSIS\DSP_Lib\Source\FilteringFunctions\arm_fir_init_q31.o

.debug_abbrev   0x00000000     0x177c
 .debug_abbrev  0x00000000      0x161 src\system_stm32f4xx.o
 .debug_abbrev  0x00000161      0x192 src\stm32f4xx_it.o
 .debug_abbrev  0x000002f3       0x12 src\startup_stm32f40xx.o
 .debug_abbrev  0x00000305      0x164 src\SignalProcessingFIRFilter.o
 .debug_abbrev  0x00000469      0x284 src\DSPMain.o
 .debug_abbrev  0x000006ed      0x2bf Libraries\STM32F4xx_StdPeriph_Driver\src\stm32f4xx_tim.o
 .debug_abbrev  0x000009ac      0x2b8 Libraries\STM32F4xx_StdPeriph_Driver\src\stm32f4xx_rcc.o
 .debug_abbrev  0x00000c64      0x22e Libraries\STM32F4xx_StdPeriph_Driver\src\stm32f4xx_gpio.o
 .debug_abbrev  0x00000e92      0x1ad Libraries\STM32F4xx_StdPeriph_Driver\src\stm32f4xx_dma.o
 .debug_abbrev  0x0000103f      0x215 Libraries\STM32F4xx_StdPeriph_Driver\src\stm32f4xx_dac.o
 .debug_abbrev  0x00001254      0x215 Libraries\STM32F4xx_StdPeriph_Driver\src\stm32f4xx_adc.o
 .debug_abbrev  0x00001469      0x154 Libraries\STM32F4xx_StdPeriph_Driver\src\misc.o
 .debug_abbrev  0x000015bd       0xd7 Libraries\CMSIS\DSP_Lib\Source\FilteringFunctions\arm_fir_q31.o
 .debug_abbrev  0x00001694       0xe8 Libraries\CMSIS\DSP_Lib\Source\FilteringFunctions\arm_fir_init_q31.o

.debug_loc      0x00000000     0x631e
 .debug_loc     0x00000000      0x182 src\system_stm32f4xx.o
 .debug_loc     0x00000182       0x80 src\stm32f4xx_it.o
 .debug_loc     0x00000202       0xe7 src\SignalProcessingFIRFilter.o
 .debug_loc     0x000002e9      0x2d2 src\DSPMain.o
 .debug_loc     0x000005bb     0x269d Libraries\STM32F4xx_StdPeriph_Driver\src\stm32f4xx_tim.o
 .debug_loc     0x00002c58      0xc0c Libraries\STM32F4xx_StdPeriph_Driver\src\stm32f4xx_rcc.o
 .debug_loc     0x00003864      0x439 Libraries\STM32F4xx_StdPeriph_Driver\src\stm32f4xx_gpio.o
 .debug_loc     0x00003c9d      0x6f9 Libraries\STM32F4xx_StdPeriph_Driver\src\stm32f4xx_dma.o
 .debug_loc     0x00004396      0x5ff Libraries\STM32F4xx_StdPeriph_Driver\src\stm32f4xx_dac.o
 .debug_loc     0x00004995      0xdab Libraries\STM32F4xx_StdPeriph_Driver\src\stm32f4xx_adc.o
 .debug_loc     0x00005740      0x1ac Libraries\STM32F4xx_StdPeriph_Driver\src\misc.o
 .debug_loc     0x000058ec      0x97c Libraries\CMSIS\DSP_Lib\Source\FilteringFunctions\arm_fir_q31.o
 .debug_loc     0x00006268       0xb6 Libraries\CMSIS\DSP_Lib\Source\FilteringFunctions\arm_fir_init_q31.o

.debug_aranges  0x00000000      0x968
 .debug_aranges
                0x00000000       0x28 src\system_stm32f4xx.o
 .debug_aranges
                0x00000028       0x80 src\stm32f4xx_it.o
 .debug_aranges
                0x000000a8       0x28 src\startup_stm32f40xx.o
 .debug_aranges
                0x000000d0       0x30 src\SignalProcessingFIRFilter.o
 .debug_aranges
                0x00000100       0x70 src\DSPMain.o
 .debug_aranges
                0x00000170      0x2d8 Libraries\STM32F4xx_StdPeriph_Driver\src\stm32f4xx_tim.o
 .debug_aranges
                0x00000448      0x180 Libraries\STM32F4xx_StdPeriph_Driver\src\stm32f4xx_rcc.o
 .debug_aranges
                0x000005c8       0x88 Libraries\STM32F4xx_StdPeriph_Driver\src\stm32f4xx_gpio.o
 .debug_aranges
                0x00000650       0xb0 Libraries\STM32F4xx_StdPeriph_Driver\src\stm32f4xx_dma.o
 .debug_aranges
                0x00000700       0xa0 Libraries\STM32F4xx_StdPeriph_Driver\src\stm32f4xx_dac.o
 .debug_aranges
                0x000007a0      0x148 Libraries\STM32F4xx_StdPeriph_Driver\src\stm32f4xx_adc.o
 .debug_aranges
                0x000008e8       0x40 Libraries\STM32F4xx_StdPeriph_Driver\src\misc.o
 .debug_aranges
                0x00000928       0x20 Libraries\CMSIS\DSP_Lib\Source\FilteringFunctions\arm_fir_q31.o
 .debug_aranges
                0x00000948       0x20 Libraries\CMSIS\DSP_Lib\Source\FilteringFunctions\arm_fir_init_q31.o

.debug_ranges   0x00000000      0x9f0
 .debug_ranges  0x00000000       0x48 src\system_stm32f4xx.o
 .debug_ranges  0x00000048       0x70 src\stm32f4xx_it.o
 .debug_ranges  0x000000b8       0x20 src\startup_stm32f40xx.o
 .debug_ranges  0x000000d8       0x20 src\SignalProcessingFIRFilter.o
 .debug_ranges  0x000000f8       0x60 src\DSPMain.o
 .debug_ranges  0x00000158      0x3c8 Libraries\STM32F4xx_StdPeriph_Driver\src\stm32f4xx_tim.o
 .debug_ranges  0x00000520      0x1a0 Libraries\STM32F4xx_StdPeriph_Driver\src\stm32f4xx_rcc.o
 .debug_ranges  0x000006c0       0x78 Libraries\STM32F4xx_StdPeriph_Driver\src\stm32f4xx_gpio.o
 .debug_ranges  0x00000738       0xa0 Libraries\STM32F4xx_StdPeriph_Driver\src\stm32f4xx_dma.o
 .debug_ranges  0x000007d8       0x90 Libraries\STM32F4xx_StdPeriph_Driver\src\stm32f4xx_dac.o
 .debug_ranges  0x00000868      0x138 Libraries\STM32F4xx_StdPeriph_Driver\src\stm32f4xx_adc.o
 .debug_ranges  0x000009a0       0x30 Libraries\STM32F4xx_StdPeriph_Driver\src\misc.o
 .debug_ranges  0x000009d0       0x10 Libraries\CMSIS\DSP_Lib\Source\FilteringFunctions\arm_fir_q31.o
 .debug_ranges  0x000009e0       0x10 Libraries\CMSIS\DSP_Lib\Source\FilteringFunctions\arm_fir_init_q31.o

.debug_line     0x00000000     0x3454
 .debug_line    0x00000000      0x1b1 src\system_stm32f4xx.o
 .debug_line    0x000001b1      0x2ed src\stm32f4xx_it.o
 .debug_line    0x0000049e       0x7a src\startup_stm32f40xx.o
 .debug_line    0x00000518      0x1f6 src\SignalProcessingFIRFilter.o
 .debug_line    0x0000070e      0x50b src\DSPMain.o
 .debug_line    0x00000c19      0xbf5 Libraries\STM32F4xx_StdPeriph_Driver\src\stm32f4xx_tim.o
 .debug_line    0x0000180e      0x567 Libraries\STM32F4xx_StdPeriph_Driver\src\stm32f4xx_rcc.o
 .debug_line    0x00001d75      0x378 Libraries\STM32F4xx_StdPeriph_Driver\src\stm32f4xx_gpio.o
 .debug_line    0x000020ed      0x3f6 Libraries\STM32F4xx_StdPeriph_Driver\src\stm32f4xx_dma.o
 .debug_line    0x000024e3      0x338 Libraries\STM32F4xx_StdPeriph_Driver\src\stm32f4xx_dac.o
 .debug_line    0x0000281b      0x55c Libraries\STM32F4xx_StdPeriph_Driver\src\stm32f4xx_adc.o
 .debug_line    0x00002d77      0x206 Libraries\STM32F4xx_StdPeriph_Driver\src\misc.o
 .debug_line    0x00002f7d      0x38c Libraries\CMSIS\DSP_Lib\Source\FilteringFunctions\arm_fir_q31.o
 .debug_line    0x00003309      0x14b Libraries\CMSIS\DSP_Lib\Source\FilteringFunctions\arm_fir_init_q31.o

.debug_str      0x00000000     0x2f2b
 .debug_str     0x00000000      0x304 src\system_stm32f4xx.o
                                0x35e (size before relaxing)
 .debug_str     0x00000304      0x1f9 src\stm32f4xx_it.o
                                0x33b (size before relaxing)
 .debug_str     0x000004fd      0x12a src\SignalProcessingFIRFilter.o
                                0x2ab (size before relaxing)
 .debug_str     0x00000627      0xdbe src\DSPMain.o
                               0x103e (size before relaxing)
 .debug_str     0x000013e5      0xa72 Libraries\STM32F4xx_StdPeriph_Driver\src\stm32f4xx_tim.o
                                0xdca (size before relaxing)
 .debug_str     0x00001e57      0x519 Libraries\STM32F4xx_StdPeriph_Driver\src\stm32f4xx_rcc.o
                                0x845 (size before relaxing)
 .debug_str     0x00002370      0x160 Libraries\STM32F4xx_StdPeriph_Driver\src\stm32f4xx_gpio.o
                                0x496 (size before relaxing)
 .debug_str     0x000024d0      0x1d5 Libraries\STM32F4xx_StdPeriph_Driver\src\stm32f4xx_dma.o
                                0x518 (size before relaxing)
 .debug_str     0x000026a5      0x209 Libraries\STM32F4xx_StdPeriph_Driver\src\stm32f4xx_dac.o
                                0x436 (size before relaxing)
 .debug_str     0x000028ae      0x46d Libraries\STM32F4xx_StdPeriph_Driver\src\stm32f4xx_adc.o
                                0x7e7 (size before relaxing)
 .debug_str     0x00002d1b      0x12a Libraries\STM32F4xx_StdPeriph_Driver\src\misc.o
                                0x3a5 (size before relaxing)
 .debug_str     0x00002e45       0x97 Libraries\CMSIS\DSP_Lib\Source\FilteringFunctions\arm_fir_q31.o
                                0x219 (size before relaxing)
 .debug_str     0x00002edc       0x4f Libraries\CMSIS\DSP_Lib\Source\FilteringFunctions\arm_fir_init_q31.o
                                0x1e0 (size before relaxing)

.comment        0x00000000       0x83
 .comment       0x00000000       0x83 src\system_stm32f4xx.o
                                 0x84 (size before relaxing)
 .comment       0x00000000       0x84 src\stm32f4xx_it.o
 .comment       0x00000000       0x84 src\SignalProcessingFIRFilter.o
 .comment       0x00000000       0x84 src\DSPMain.o
 .comment       0x00000000       0x84 Libraries\STM32F4xx_StdPeriph_Driver\src\stm32f4xx_tim.o
 .comment       0x00000000       0x84 Libraries\STM32F4xx_StdPeriph_Driver\src\stm32f4xx_rcc.o
 .comment       0x00000000       0x84 Libraries\STM32F4xx_StdPeriph_Driver\src\stm32f4xx_gpio.o
 .comment       0x00000000       0x84 Libraries\STM32F4xx_StdPeriph_Driver\src\stm32f4xx_dma.o
 .comment       0x00000000       0x84 Libraries\STM32F4xx_StdPeriph_Driver\src\stm32f4xx_dac.o
 .comment       0x00000000       0x84 Libraries\STM32F4xx_StdPeriph_Driver\src\stm32f4xx_adc.o
 .comment       0x00000000       0x84 Libraries\STM32F4xx_StdPeriph_Driver\src\misc.o
 .comment       0x00000000       0x84 Libraries\CMSIS\DSP_Lib\Source\FilteringFunctions\arm_fir_q31.o
 .comment       0x00000000       0x84 Libraries\CMSIS\DSP_Lib\Source\FilteringFunctions\arm_fir_init_q31.o

.debug_frame    0x00000000     0x13c4
 .debug_frame   0x00000000       0x34 src\system_stm32f4xx.o
 .debug_frame   0x00000034      0x100 src\stm32f4xx_it.o
 .debug_frame   0x00000134       0x58 src\SignalProcessingFIRFilter.o
 .debug_frame   0x0000018c      0x14c src\DSPMain.o
 .debug_frame   0x000002d8      0x650 Libraries\STM32F4xx_StdPeriph_Driver\src\stm32f4xx_tim.o
 .debug_frame   0x00000928      0x2fc Libraries\STM32F4xx_StdPeriph_Driver\src\stm32f4xx_rcc.o
 .debug_frame   0x00000c24      0x11c Libraries\STM32F4xx_StdPeriph_Driver\src\stm32f4xx_gpio.o
 .debug_frame   0x00000d40      0x17c Libraries\STM32F4xx_StdPeriph_Driver\src\stm32f4xx_dma.o
 .debug_frame   0x00000ebc      0x140 Libraries\STM32F4xx_StdPeriph_Driver\src\stm32f4xx_dac.o
 .debug_frame   0x00000ffc      0x2b0 Libraries\STM32F4xx_StdPeriph_Driver\src\stm32f4xx_adc.o
 .debug_frame   0x000012ac       0x68 Libraries\STM32F4xx_StdPeriph_Driver\src\misc.o
 .debug_frame   0x00001314       0x38 Libraries\CMSIS\DSP_Lib\Source\FilteringFunctions\arm_fir_q31.o
 .debug_frame   0x0000134c       0x2c Libraries\CMSIS\DSP_Lib\Source\FilteringFunctions\arm_fir_init_q31.o
 .debug_frame   0x00001378       0x2c c:/program files (x86)/atollic/truestudio for arm lite 4.1.0/armtools/bin/../lib/gcc/arm-atollic-eabi/4.7.3/../../../../arm-atollic-eabi/lib/armv7e-m/fpu\libc_s.a(lib_a-init.o)
 .debug_frame   0x000013a4       0x20 c:/program files (x86)/atollic/truestudio for arm lite 4.1.0/armtools/bin/../lib/gcc/arm-atollic-eabi/4.7.3/../../../../arm-atollic-eabi/lib/armv7e-m/fpu\libc_s.a(lib_a-memset.o)

Cross Reference Table

Symbol                                            File
ADC_AnalogWatchdogCmd                             Libraries\STM32F4xx_StdPeriph_Driver\src\stm32f4xx_adc.o
ADC_AnalogWatchdogSingleChannelConfig             Libraries\STM32F4xx_StdPeriph_Driver\src\stm32f4xx_adc.o
ADC_AnalogWatchdogThresholdsConfig                Libraries\STM32F4xx_StdPeriph_Driver\src\stm32f4xx_adc.o
ADC_AutoInjectedConvCmd                           Libraries\STM32F4xx_StdPeriph_Driver\src\stm32f4xx_adc.o
ADC_Ch1_Config                                    src\DSPMain.o
ADC_Ch2_Config                                    src\DSPMain.o
ADC_ClearFlag                                     Libraries\STM32F4xx_StdPeriph_Driver\src\stm32f4xx_adc.o
ADC_ClearITPendingBit                             Libraries\STM32F4xx_StdPeriph_Driver\src\stm32f4xx_adc.o
ADC_Cmd                                           Libraries\STM32F4xx_StdPeriph_Driver\src\stm32f4xx_adc.o
                                                  src\DSPMain.o
ADC_CommonInit                                    Libraries\STM32F4xx_StdPeriph_Driver\src\stm32f4xx_adc.o
                                                  src\DSPMain.o
ADC_CommonStructInit                              Libraries\STM32F4xx_StdPeriph_Driver\src\stm32f4xx_adc.o
ADC_Common_Config                                 src\DSPMain.o
ADC_ContinuousModeCmd                             Libraries\STM32F4xx_StdPeriph_Driver\src\stm32f4xx_adc.o
ADC_DMACmd                                        Libraries\STM32F4xx_StdPeriph_Driver\src\stm32f4xx_adc.o
                                                  src\DSPMain.o
ADC_DMARequestAfterLastTransferCmd                Libraries\STM32F4xx_StdPeriph_Driver\src\stm32f4xx_adc.o
                                                  src\DSPMain.o
ADC_DeInit                                        Libraries\STM32F4xx_StdPeriph_Driver\src\stm32f4xx_adc.o
ADC_DiscModeChannelCountConfig                    Libraries\STM32F4xx_StdPeriph_Driver\src\stm32f4xx_adc.o
ADC_DiscModeCmd                                   Libraries\STM32F4xx_StdPeriph_Driver\src\stm32f4xx_adc.o
ADC_EOCOnEachRegularChannelCmd                    Libraries\STM32F4xx_StdPeriph_Driver\src\stm32f4xx_adc.o
ADC_ExternalTrigInjectedConvConfig                Libraries\STM32F4xx_StdPeriph_Driver\src\stm32f4xx_adc.o
ADC_ExternalTrigInjectedConvEdgeConfig            Libraries\STM32F4xx_StdPeriph_Driver\src\stm32f4xx_adc.o
ADC_GetConversionValue                            Libraries\STM32F4xx_StdPeriph_Driver\src\stm32f4xx_adc.o
ADC_GetFlagStatus                                 Libraries\STM32F4xx_StdPeriph_Driver\src\stm32f4xx_adc.o
ADC_GetITStatus                                   Libraries\STM32F4xx_StdPeriph_Driver\src\stm32f4xx_adc.o
ADC_GetInjectedConversionValue                    Libraries\STM32F4xx_StdPeriph_Driver\src\stm32f4xx_adc.o
ADC_GetMultiModeConversionValue                   Libraries\STM32F4xx_StdPeriph_Driver\src\stm32f4xx_adc.o
ADC_GetSoftwareStartConvStatus                    Libraries\STM32F4xx_StdPeriph_Driver\src\stm32f4xx_adc.o
ADC_GetSoftwareStartInjectedConvCmdStatus         Libraries\STM32F4xx_StdPeriph_Driver\src\stm32f4xx_adc.o
ADC_IRQHandler                                    src\startup_stm32f40xx.o
ADC_ITConfig                                      Libraries\STM32F4xx_StdPeriph_Driver\src\stm32f4xx_adc.o
ADC_Init                                          Libraries\STM32F4xx_StdPeriph_Driver\src\stm32f4xx_adc.o
                                                  src\DSPMain.o
ADC_InjectedChannelConfig                         Libraries\STM32F4xx_StdPeriph_Driver\src\stm32f4xx_adc.o
ADC_InjectedDiscModeCmd                           Libraries\STM32F4xx_StdPeriph_Driver\src\stm32f4xx_adc.o
ADC_InjectedSequencerLengthConfig                 Libraries\STM32F4xx_StdPeriph_Driver\src\stm32f4xx_adc.o
ADC_MultiModeDMARequestAfterLastTransferCmd       Libraries\STM32F4xx_StdPeriph_Driver\src\stm32f4xx_adc.o
ADC_RegularChannelConfig                          Libraries\STM32F4xx_StdPeriph_Driver\src\stm32f4xx_adc.o
                                                  src\DSPMain.o
ADC_SetInjectedOffset                             Libraries\STM32F4xx_StdPeriph_Driver\src\stm32f4xx_adc.o
ADC_SoftwareStartConv                             Libraries\STM32F4xx_StdPeriph_Driver\src\stm32f4xx_adc.o
ADC_SoftwareStartInjectedConv                     Libraries\STM32F4xx_StdPeriph_Driver\src\stm32f4xx_adc.o
ADC_StructInit                                    Libraries\STM32F4xx_StdPeriph_Driver\src\stm32f4xx_adc.o
ADC_TempSensorVrefintCmd                          Libraries\STM32F4xx_StdPeriph_Driver\src\stm32f4xx_adc.o
ADC_VBATCmd                                       Libraries\STM32F4xx_StdPeriph_Driver\src\stm32f4xx_adc.o
AHBPrescTable                                     src\system_stm32f4xx.o
Buffer1_a                                         src\DSPMain.o
Buffer1_b                                         src\DSPMain.o
Buffer2_a                                         src\DSPMain.o
Buffer2_b                                         src\DSPMain.o
BusFault_Handler                                  src\stm32f4xx_it.o
CAN1_RX0_IRQHandler                               src\startup_stm32f40xx.o
CAN1_RX1_IRQHandler                               src\startup_stm32f40xx.o
CAN1_SCE_IRQHandler                               src\startup_stm32f40xx.o
CAN1_TX_IRQHandler                                src\startup_stm32f40xx.o
CAN2_RX0_IRQHandler                               src\startup_stm32f40xx.o
CAN2_RX1_IRQHandler                               src\startup_stm32f40xx.o
CAN2_SCE_IRQHandler                               src\startup_stm32f40xx.o
CAN2_TX_IRQHandler                                src\startup_stm32f40xx.o
CAN_CancelTransmit                                Libraries\STM32F4xx_StdPeriph_Driver\src\stm32f4xx_can.o
CAN_ClearFlag                                     Libraries\STM32F4xx_StdPeriph_Driver\src\stm32f4xx_can.o
CAN_ClearITPendingBit                             Libraries\STM32F4xx_StdPeriph_Driver\src\stm32f4xx_can.o
CAN_DBGFreeze                                     Libraries\STM32F4xx_StdPeriph_Driver\src\stm32f4xx_can.o
CAN_DeInit                                        Libraries\STM32F4xx_StdPeriph_Driver\src\stm32f4xx_can.o
CAN_FIFORelease                                   Libraries\STM32F4xx_StdPeriph_Driver\src\stm32f4xx_can.o
CAN_FilterInit                                    Libraries\STM32F4xx_StdPeriph_Driver\src\stm32f4xx_can.o
CAN_GetFlagStatus                                 Libraries\STM32F4xx_StdPeriph_Driver\src\stm32f4xx_can.o
CAN_GetITStatus                                   Libraries\STM32F4xx_StdPeriph_Driver\src\stm32f4xx_can.o
CAN_GetLSBTransmitErrorCounter                    Libraries\STM32F4xx_StdPeriph_Driver\src\stm32f4xx_can.o
CAN_GetLastErrorCode                              Libraries\STM32F4xx_StdPeriph_Driver\src\stm32f4xx_can.o
CAN_GetReceiveErrorCounter                        Libraries\STM32F4xx_StdPeriph_Driver\src\stm32f4xx_can.o
CAN_ITConfig                                      Libraries\STM32F4xx_StdPeriph_Driver\src\stm32f4xx_can.o
CAN_Init                                          Libraries\STM32F4xx_StdPeriph_Driver\src\stm32f4xx_can.o
CAN_MessagePending                                Libraries\STM32F4xx_StdPeriph_Driver\src\stm32f4xx_can.o
CAN_OperatingModeRequest                          Libraries\STM32F4xx_StdPeriph_Driver\src\stm32f4xx_can.o
CAN_Receive                                       Libraries\STM32F4xx_StdPeriph_Driver\src\stm32f4xx_can.o
CAN_SlaveStartBank                                Libraries\STM32F4xx_StdPeriph_Driver\src\stm32f4xx_can.o
CAN_Sleep                                         Libraries\STM32F4xx_StdPeriph_Driver\src\stm32f4xx_can.o
CAN_StructInit                                    Libraries\STM32F4xx_StdPeriph_Driver\src\stm32f4xx_can.o
CAN_TTComModeCmd                                  Libraries\STM32F4xx_StdPeriph_Driver\src\stm32f4xx_can.o
CAN_Transmit                                      Libraries\STM32F4xx_StdPeriph_Driver\src\stm32f4xx_can.o
CAN_TransmitStatus                                Libraries\STM32F4xx_StdPeriph_Driver\src\stm32f4xx_can.o
CAN_WakeUp                                        Libraries\STM32F4xx_StdPeriph_Driver\src\stm32f4xx_can.o
CRC_CalcBlockCRC                                  Libraries\STM32F4xx_StdPeriph_Driver\src\stm32f4xx_crc.o
CRC_CalcCRC                                       Libraries\STM32F4xx_StdPeriph_Driver\src\stm32f4xx_crc.o
CRC_GetCRC                                        Libraries\STM32F4xx_StdPeriph_Driver\src\stm32f4xx_crc.o
CRC_GetIDRegister                                 Libraries\STM32F4xx_StdPeriph_Driver\src\stm32f4xx_crc.o
CRC_ResetDR                                       Libraries\STM32F4xx_StdPeriph_Driver\src\stm32f4xx_crc.o
CRC_SetIDRegister                                 Libraries\STM32F4xx_StdPeriph_Driver\src\stm32f4xx_crc.o
CRYP_AES_CBC                                      Libraries\STM32F4xx_StdPeriph_Driver\src\stm32f4xx_cryp_aes.o
CRYP_AES_CCM                                      Libraries\STM32F4xx_StdPeriph_Driver\src\stm32f4xx_cryp_aes.o
CRYP_AES_CTR                                      Libraries\STM32F4xx_StdPeriph_Driver\src\stm32f4xx_cryp_aes.o
CRYP_AES_ECB                                      Libraries\STM32F4xx_StdPeriph_Driver\src\stm32f4xx_cryp_aes.o
CRYP_AES_GCM                                      Libraries\STM32F4xx_StdPeriph_Driver\src\stm32f4xx_cryp_aes.o
CRYP_Cmd                                          Libraries\STM32F4xx_StdPeriph_Driver\src\stm32f4xx_cryp.o
                                                  Libraries\STM32F4xx_StdPeriph_Driver\src\stm32f4xx_cryp_aes.o
                                                  Libraries\STM32F4xx_StdPeriph_Driver\src\stm32f4xx_cryp_des.o
                                                  Libraries\STM32F4xx_StdPeriph_Driver\src\stm32f4xx_cryp_tdes.o
CRYP_DES_CBC                                      Libraries\STM32F4xx_StdPeriph_Driver\src\stm32f4xx_cryp_des.o
CRYP_DES_ECB                                      Libraries\STM32F4xx_StdPeriph_Driver\src\stm32f4xx_cryp_des.o
CRYP_DMACmd                                       Libraries\STM32F4xx_StdPeriph_Driver\src\stm32f4xx_cryp.o
CRYP_DataIn                                       Libraries\STM32F4xx_StdPeriph_Driver\src\stm32f4xx_cryp.o
                                                  Libraries\STM32F4xx_StdPeriph_Driver\src\stm32f4xx_cryp_aes.o
                                                  Libraries\STM32F4xx_StdPeriph_Driver\src\stm32f4xx_cryp_des.o
                                                  Libraries\STM32F4xx_StdPeriph_Driver\src\stm32f4xx_cryp_tdes.o
CRYP_DataOut                                      Libraries\STM32F4xx_StdPeriph_Driver\src\stm32f4xx_cryp.o
                                                  Libraries\STM32F4xx_StdPeriph_Driver\src\stm32f4xx_cryp_aes.o
                                                  Libraries\STM32F4xx_StdPeriph_Driver\src\stm32f4xx_cryp_des.o
                                                  Libraries\STM32F4xx_StdPeriph_Driver\src\stm32f4xx_cryp_tdes.o
CRYP_DeInit                                       Libraries\STM32F4xx_StdPeriph_Driver\src\stm32f4xx_cryp.o
CRYP_FIFOFlush                                    Libraries\STM32F4xx_StdPeriph_Driver\src\stm32f4xx_cryp.o
                                                  Libraries\STM32F4xx_StdPeriph_Driver\src\stm32f4xx_cryp_aes.o
                                                  Libraries\STM32F4xx_StdPeriph_Driver\src\stm32f4xx_cryp_des.o
                                                  Libraries\STM32F4xx_StdPeriph_Driver\src\stm32f4xx_cryp_tdes.o
CRYP_GetCmdStatus                                 Libraries\STM32F4xx_StdPeriph_Driver\src\stm32f4xx_cryp.o
                                                  Libraries\STM32F4xx_StdPeriph_Driver\src\stm32f4xx_cryp_aes.o
                                                  Libraries\STM32F4xx_StdPeriph_Driver\src\stm32f4xx_cryp_des.o
                                                  Libraries\STM32F4xx_StdPeriph_Driver\src\stm32f4xx_cryp_tdes.o
CRYP_GetFlagStatus                                Libraries\STM32F4xx_StdPeriph_Driver\src\stm32f4xx_cryp.o
                                                  Libraries\STM32F4xx_StdPeriph_Driver\src\stm32f4xx_cryp_aes.o
                                                  Libraries\STM32F4xx_StdPeriph_Driver\src\stm32f4xx_cryp_des.o
                                                  Libraries\STM32F4xx_StdPeriph_Driver\src\stm32f4xx_cryp_tdes.o
CRYP_GetITStatus                                  Libraries\STM32F4xx_StdPeriph_Driver\src\stm32f4xx_cryp.o
CRYP_IRQHandler                                   src\startup_stm32f40xx.o
CRYP_ITConfig                                     Libraries\STM32F4xx_StdPeriph_Driver\src\stm32f4xx_cryp.o
CRYP_IVInit                                       Libraries\STM32F4xx_StdPeriph_Driver\src\stm32f4xx_cryp.o
                                                  Libraries\STM32F4xx_StdPeriph_Driver\src\stm32f4xx_cryp_aes.o
                                                  Libraries\STM32F4xx_StdPeriph_Driver\src\stm32f4xx_cryp_des.o
                                                  Libraries\STM32F4xx_StdPeriph_Driver\src\stm32f4xx_cryp_tdes.o
CRYP_IVStructInit                                 Libraries\STM32F4xx_StdPeriph_Driver\src\stm32f4xx_cryp.o
CRYP_Init                                         Libraries\STM32F4xx_StdPeriph_Driver\src\stm32f4xx_cryp.o
                                                  Libraries\STM32F4xx_StdPeriph_Driver\src\stm32f4xx_cryp_aes.o
                                                  Libraries\STM32F4xx_StdPeriph_Driver\src\stm32f4xx_cryp_des.o
                                                  Libraries\STM32F4xx_StdPeriph_Driver\src\stm32f4xx_cryp_tdes.o
CRYP_KeyInit                                      Libraries\STM32F4xx_StdPeriph_Driver\src\stm32f4xx_cryp.o
                                                  Libraries\STM32F4xx_StdPeriph_Driver\src\stm32f4xx_cryp_aes.o
                                                  Libraries\STM32F4xx_StdPeriph_Driver\src\stm32f4xx_cryp_des.o
                                                  Libraries\STM32F4xx_StdPeriph_Driver\src\stm32f4xx_cryp_tdes.o
CRYP_KeyStructInit                                Libraries\STM32F4xx_StdPeriph_Driver\src\stm32f4xx_cryp.o
                                                  Libraries\STM32F4xx_StdPeriph_Driver\src\stm32f4xx_cryp_aes.o
                                                  Libraries\STM32F4xx_StdPeriph_Driver\src\stm32f4xx_cryp_des.o
                                                  Libraries\STM32F4xx_StdPeriph_Driver\src\stm32f4xx_cryp_tdes.o
CRYP_PhaseConfig                                  Libraries\STM32F4xx_StdPeriph_Driver\src\stm32f4xx_cryp.o
                                                  Libraries\STM32F4xx_StdPeriph_Driver\src\stm32f4xx_cryp_aes.o
CRYP_RestoreContext                               Libraries\STM32F4xx_StdPeriph_Driver\src\stm32f4xx_cryp.o
CRYP_SaveContext                                  Libraries\STM32F4xx_StdPeriph_Driver\src\stm32f4xx_cryp.o
CRYP_StructInit                                   Libraries\STM32F4xx_StdPeriph_Driver\src\stm32f4xx_cryp.o
CRYP_TDES_CBC                                     Libraries\STM32F4xx_StdPeriph_Driver\src\stm32f4xx_cryp_tdes.o
CRYP_TDES_ECB                                     Libraries\STM32F4xx_StdPeriph_Driver\src\stm32f4xx_cryp_tdes.o
CoeffsQ31                                         src\SignalProcessingFIRFilter.o
DAC_Ch1_Config                                    src\DSPMain.o
DAC_Ch2_Config                                    src\DSPMain.o
DAC_ClearFlag                                     Libraries\STM32F4xx_StdPeriph_Driver\src\stm32f4xx_dac.o
DAC_ClearITPendingBit                             Libraries\STM32F4xx_StdPeriph_Driver\src\stm32f4xx_dac.o
DAC_Cmd                                           Libraries\STM32F4xx_StdPeriph_Driver\src\stm32f4xx_dac.o
                                                  src\DSPMain.o
DAC_Common_Config                                 src\DSPMain.o
DAC_DMACmd                                        Libraries\STM32F4xx_StdPeriph_Driver\src\stm32f4xx_dac.o
                                                  src\DSPMain.o
DAC_DeInit                                        Libraries\STM32F4xx_StdPeriph_Driver\src\stm32f4xx_dac.o
DAC_DualSoftwareTriggerCmd                        Libraries\STM32F4xx_StdPeriph_Driver\src\stm32f4xx_dac.o
DAC_GetDataOutputValue                            Libraries\STM32F4xx_StdPeriph_Driver\src\stm32f4xx_dac.o
DAC_GetFlagStatus                                 Libraries\STM32F4xx_StdPeriph_Driver\src\stm32f4xx_dac.o
DAC_GetITStatus                                   Libraries\STM32F4xx_StdPeriph_Driver\src\stm32f4xx_dac.o
DAC_ITConfig                                      Libraries\STM32F4xx_StdPeriph_Driver\src\stm32f4xx_dac.o
DAC_Init                                          Libraries\STM32F4xx_StdPeriph_Driver\src\stm32f4xx_dac.o
                                                  src\DSPMain.o
DAC_SetChannel1Data                               Libraries\STM32F4xx_StdPeriph_Driver\src\stm32f4xx_dac.o
DAC_SetChannel2Data                               Libraries\STM32F4xx_StdPeriph_Driver\src\stm32f4xx_dac.o
DAC_SetDualChannelData                            Libraries\STM32F4xx_StdPeriph_Driver\src\stm32f4xx_dac.o
DAC_SoftwareTriggerCmd                            Libraries\STM32F4xx_StdPeriph_Driver\src\stm32f4xx_dac.o
DAC_StructInit                                    Libraries\STM32F4xx_StdPeriph_Driver\src\stm32f4xx_dac.o
DAC_WaveGenerationCmd                             Libraries\STM32F4xx_StdPeriph_Driver\src\stm32f4xx_dac.o
DBGMCU_APB1PeriphConfig                           Libraries\STM32F4xx_StdPeriph_Driver\src\stm32f4xx_dbgmcu.o
DBGMCU_APB2PeriphConfig                           Libraries\STM32F4xx_StdPeriph_Driver\src\stm32f4xx_dbgmcu.o
DBGMCU_Config                                     Libraries\STM32F4xx_StdPeriph_Driver\src\stm32f4xx_dbgmcu.o
DBGMCU_GetDEVID                                   Libraries\STM32F4xx_StdPeriph_Driver\src\stm32f4xx_dbgmcu.o
DBGMCU_GetREVID                                   Libraries\STM32F4xx_StdPeriph_Driver\src\stm32f4xx_dbgmcu.o
DCMI_CROPCmd                                      Libraries\STM32F4xx_StdPeriph_Driver\src\stm32f4xx_dcmi.o
DCMI_CROPConfig                                   Libraries\STM32F4xx_StdPeriph_Driver\src\stm32f4xx_dcmi.o
DCMI_CaptureCmd                                   Libraries\STM32F4xx_StdPeriph_Driver\src\stm32f4xx_dcmi.o
DCMI_ClearFlag                                    Libraries\STM32F4xx_StdPeriph_Driver\src\stm32f4xx_dcmi.o
DCMI_ClearITPendingBit                            Libraries\STM32F4xx_StdPeriph_Driver\src\stm32f4xx_dcmi.o
DCMI_Cmd                                          Libraries\STM32F4xx_StdPeriph_Driver\src\stm32f4xx_dcmi.o
DCMI_DeInit                                       Libraries\STM32F4xx_StdPeriph_Driver\src\stm32f4xx_dcmi.o
DCMI_GetFlagStatus                                Libraries\STM32F4xx_StdPeriph_Driver\src\stm32f4xx_dcmi.o
DCMI_GetITStatus                                  Libraries\STM32F4xx_StdPeriph_Driver\src\stm32f4xx_dcmi.o
DCMI_IRQHandler                                   src\startup_stm32f40xx.o
DCMI_ITConfig                                     Libraries\STM32F4xx_StdPeriph_Driver\src\stm32f4xx_dcmi.o
DCMI_Init                                         Libraries\STM32F4xx_StdPeriph_Driver\src\stm32f4xx_dcmi.o
DCMI_JPEGCmd                                      Libraries\STM32F4xx_StdPeriph_Driver\src\stm32f4xx_dcmi.o
DCMI_ReadData                                     Libraries\STM32F4xx_StdPeriph_Driver\src\stm32f4xx_dcmi.o
DCMI_SetEmbeddedSynchroCodes                      Libraries\STM32F4xx_StdPeriph_Driver\src\stm32f4xx_dcmi.o
DCMI_StructInit                                   Libraries\STM32F4xx_StdPeriph_Driver\src\stm32f4xx_dcmi.o
DMA1_Stream0_IRQHandler                           src\startup_stm32f40xx.o
DMA1_Stream1_IRQHandler                           src\startup_stm32f40xx.o
DMA1_Stream2_IRQHandler                           src\startup_stm32f40xx.o
DMA1_Stream3_IRQHandler                           src\startup_stm32f40xx.o
DMA1_Stream4_IRQHandler                           src\startup_stm32f40xx.o
DMA1_Stream5_IRQHandler                           src\stm32f4xx_it.o
DMA1_Stream6_IRQHandler                           src\stm32f4xx_it.o
DMA1_Stream7_IRQHandler                           src\startup_stm32f40xx.o
DMA2_Stream0_IRQHandler                           src\stm32f4xx_it.o
DMA2_Stream1_IRQHandler                           src\startup_stm32f40xx.o
DMA2_Stream2_IRQHandler                           src\stm32f4xx_it.o
DMA2_Stream3_IRQHandler                           src\startup_stm32f40xx.o
DMA2_Stream4_IRQHandler                           src\startup_stm32f40xx.o
DMA2_Stream5_IRQHandler                           src\startup_stm32f40xx.o
DMA2_Stream6_IRQHandler                           src\startup_stm32f40xx.o
DMA2_Stream7_IRQHandler                           src\startup_stm32f40xx.o
DMA_ClearFlag                                     Libraries\STM32F4xx_StdPeriph_Driver\src\stm32f4xx_dma.o
DMA_ClearITPendingBit                             Libraries\STM32F4xx_StdPeriph_Driver\src\stm32f4xx_dma.o
                                                  src\stm32f4xx_it.o
DMA_Cmd                                           Libraries\STM32F4xx_StdPeriph_Driver\src\stm32f4xx_dma.o
                                                  src\DSPMain.o
DMA_DeInit                                        Libraries\STM32F4xx_StdPeriph_Driver\src\stm32f4xx_dma.o
DMA_DoubleBufferModeCmd                           Libraries\STM32F4xx_StdPeriph_Driver\src\stm32f4xx_dma.o
                                                  src\DSPMain.o
DMA_DoubleBufferModeConfig                        Libraries\STM32F4xx_StdPeriph_Driver\src\stm32f4xx_dma.o
                                                  src\DSPMain.o
DMA_FlowControllerConfig                          Libraries\STM32F4xx_StdPeriph_Driver\src\stm32f4xx_dma.o
DMA_GetCmdStatus                                  Libraries\STM32F4xx_StdPeriph_Driver\src\stm32f4xx_dma.o
DMA_GetCurrDataCounter                            Libraries\STM32F4xx_StdPeriph_Driver\src\stm32f4xx_dma.o
DMA_GetCurrentMemoryTarget                        Libraries\STM32F4xx_StdPeriph_Driver\src\stm32f4xx_dma.o
                                                  src\DSPMain.o
DMA_GetFIFOStatus                                 Libraries\STM32F4xx_StdPeriph_Driver\src\stm32f4xx_dma.o
DMA_GetFlagStatus                                 Libraries\STM32F4xx_StdPeriph_Driver\src\stm32f4xx_dma.o
DMA_GetITStatus                                   Libraries\STM32F4xx_StdPeriph_Driver\src\stm32f4xx_dma.o
                                                  src\stm32f4xx_it.o
DMA_ITConfig                                      Libraries\STM32F4xx_StdPeriph_Driver\src\stm32f4xx_dma.o
                                                  src\DSPMain.o
DMA_Init                                          Libraries\STM32F4xx_StdPeriph_Driver\src\stm32f4xx_dma.o
                                                  src\DSPMain.o
DMA_MemoryTargetConfig                            Libraries\STM32F4xx_StdPeriph_Driver\src\stm32f4xx_dma.o
DMA_PeriphIncOffsetSizeConfig                     Libraries\STM32F4xx_StdPeriph_Driver\src\stm32f4xx_dma.o
DMA_SetCurrDataCounter                            Libraries\STM32F4xx_StdPeriph_Driver\src\stm32f4xx_dma.o
DMA_StructInit                                    Libraries\STM32F4xx_StdPeriph_Driver\src\stm32f4xx_dma.o
DebugMon_Handler                                  src\stm32f4xx_it.o
Default_Handler                                   src\startup_stm32f40xx.o
ETH_IRQHandler                                    src\startup_stm32f40xx.o
ETH_WKUP_IRQHandler                               src\startup_stm32f40xx.o
EXTI0_IRQHandler                                  src\startup_stm32f40xx.o
EXTI15_10_IRQHandler                              src\startup_stm32f40xx.o
EXTI1_IRQHandler                                  src\startup_stm32f40xx.o
EXTI2_IRQHandler                                  src\startup_stm32f40xx.o
EXTI3_IRQHandler                                  src\startup_stm32f40xx.o
EXTI4_IRQHandler                                  src\startup_stm32f40xx.o
EXTI9_5_IRQHandler                                src\startup_stm32f40xx.o
EXTI_ClearFlag                                    Libraries\STM32F4xx_StdPeriph_Driver\src\stm32f4xx_exti.o
EXTI_ClearITPendingBit                            Libraries\STM32F4xx_StdPeriph_Driver\src\stm32f4xx_exti.o
EXTI_DeInit                                       Libraries\STM32F4xx_StdPeriph_Driver\src\stm32f4xx_exti.o
EXTI_GenerateSWInterrupt                          Libraries\STM32F4xx_StdPeriph_Driver\src\stm32f4xx_exti.o
EXTI_GetFlagStatus                                Libraries\STM32F4xx_StdPeriph_Driver\src\stm32f4xx_exti.o
EXTI_GetITStatus                                  Libraries\STM32F4xx_StdPeriph_Driver\src\stm32f4xx_exti.o
EXTI_Init                                         Libraries\STM32F4xx_StdPeriph_Driver\src\stm32f4xx_exti.o
EXTI_StructInit                                   Libraries\STM32F4xx_StdPeriph_Driver\src\stm32f4xx_exti.o
FLASH_ClearFlag                                   Libraries\STM32F4xx_StdPeriph_Driver\src\stm32f4xx_flash.o
FLASH_DataCacheCmd                                Libraries\STM32F4xx_StdPeriph_Driver\src\stm32f4xx_flash.o
FLASH_DataCacheReset                              Libraries\STM32F4xx_StdPeriph_Driver\src\stm32f4xx_flash.o
FLASH_EraseAllSectors                             Libraries\STM32F4xx_StdPeriph_Driver\src\stm32f4xx_flash.o
FLASH_EraseSector                                 Libraries\STM32F4xx_StdPeriph_Driver\src\stm32f4xx_flash.o
FLASH_GetFlagStatus                               Libraries\STM32F4xx_StdPeriph_Driver\src\stm32f4xx_flash.o
FLASH_GetStatus                                   Libraries\STM32F4xx_StdPeriph_Driver\src\stm32f4xx_flash.o
FLASH_IRQHandler                                  src\startup_stm32f40xx.o
FLASH_ITConfig                                    Libraries\STM32F4xx_StdPeriph_Driver\src\stm32f4xx_flash.o
FLASH_InstructionCacheCmd                         Libraries\STM32F4xx_StdPeriph_Driver\src\stm32f4xx_flash.o
FLASH_InstructionCacheReset                       Libraries\STM32F4xx_StdPeriph_Driver\src\stm32f4xx_flash.o
FLASH_Lock                                        Libraries\STM32F4xx_StdPeriph_Driver\src\stm32f4xx_flash.o
FLASH_OB_BORConfig                                Libraries\STM32F4xx_StdPeriph_Driver\src\stm32f4xx_flash.o
FLASH_OB_GetBOR                                   Libraries\STM32F4xx_StdPeriph_Driver\src\stm32f4xx_flash.o
FLASH_OB_GetRDP                                   Libraries\STM32F4xx_StdPeriph_Driver\src\stm32f4xx_flash.o
FLASH_OB_GetUser                                  Libraries\STM32F4xx_StdPeriph_Driver\src\stm32f4xx_flash.o
FLASH_OB_GetWRP                                   Libraries\STM32F4xx_StdPeriph_Driver\src\stm32f4xx_flash.o
FLASH_OB_GetWRP1                                  Libraries\STM32F4xx_StdPeriph_Driver\src\stm32f4xx_flash.o
FLASH_OB_Launch                                   Libraries\STM32F4xx_StdPeriph_Driver\src\stm32f4xx_flash.o
FLASH_OB_Lock                                     Libraries\STM32F4xx_StdPeriph_Driver\src\stm32f4xx_flash.o
FLASH_OB_RDPConfig                                Libraries\STM32F4xx_StdPeriph_Driver\src\stm32f4xx_flash.o
FLASH_OB_Unlock                                   Libraries\STM32F4xx_StdPeriph_Driver\src\stm32f4xx_flash.o
FLASH_OB_UserConfig                               Libraries\STM32F4xx_StdPeriph_Driver\src\stm32f4xx_flash.o
FLASH_OB_WRP1Config                               Libraries\STM32F4xx_StdPeriph_Driver\src\stm32f4xx_flash.o
FLASH_OB_WRPConfig                                Libraries\STM32F4xx_StdPeriph_Driver\src\stm32f4xx_flash.o
FLASH_PrefetchBufferCmd                           Libraries\STM32F4xx_StdPeriph_Driver\src\stm32f4xx_flash.o
FLASH_ProgramByte                                 Libraries\STM32F4xx_StdPeriph_Driver\src\stm32f4xx_flash.o
FLASH_ProgramDoubleWord                           Libraries\STM32F4xx_StdPeriph_Driver\src\stm32f4xx_flash.o
FLASH_ProgramHalfWord                             Libraries\STM32F4xx_StdPeriph_Driver\src\stm32f4xx_flash.o
FLASH_ProgramWord                                 Libraries\STM32F4xx_StdPeriph_Driver\src\stm32f4xx_flash.o
FLASH_SetLatency                                  Libraries\STM32F4xx_StdPeriph_Driver\src\stm32f4xx_flash.o
FLASH_Unlock                                      Libraries\STM32F4xx_StdPeriph_Driver\src\stm32f4xx_flash.o
FLASH_WaitForLastOperation                        Libraries\STM32F4xx_StdPeriph_Driver\src\stm32f4xx_flash.o
FPU_IRQHandler                                    src\startup_stm32f40xx.o
FSMC_ClearFlag                                    Libraries\STM32F4xx_StdPeriph_Driver\src\stm32f4xx_fsmc.o
FSMC_ClearITPendingBit                            Libraries\STM32F4xx_StdPeriph_Driver\src\stm32f4xx_fsmc.o
FSMC_GetECC                                       Libraries\STM32F4xx_StdPeriph_Driver\src\stm32f4xx_fsmc.o
FSMC_GetFlagStatus                                Libraries\STM32F4xx_StdPeriph_Driver\src\stm32f4xx_fsmc.o
FSMC_GetITStatus                                  Libraries\STM32F4xx_StdPeriph_Driver\src\stm32f4xx_fsmc.o
FSMC_IRQHandler                                   src\startup_stm32f40xx.o
FSMC_ITConfig                                     Libraries\STM32F4xx_StdPeriph_Driver\src\stm32f4xx_fsmc.o
FSMC_NANDCmd                                      Libraries\STM32F4xx_StdPeriph_Driver\src\stm32f4xx_fsmc.o
FSMC_NANDDeInit                                   Libraries\STM32F4xx_StdPeriph_Driver\src\stm32f4xx_fsmc.o
FSMC_NANDECCCmd                                   Libraries\STM32F4xx_StdPeriph_Driver\src\stm32f4xx_fsmc.o
FSMC_NANDInit                                     Libraries\STM32F4xx_StdPeriph_Driver\src\stm32f4xx_fsmc.o
FSMC_NANDStructInit                               Libraries\STM32F4xx_StdPeriph_Driver\src\stm32f4xx_fsmc.o
FSMC_NORSRAMCmd                                   Libraries\STM32F4xx_StdPeriph_Driver\src\stm32f4xx_fsmc.o
FSMC_NORSRAMDeInit                                Libraries\STM32F4xx_StdPeriph_Driver\src\stm32f4xx_fsmc.o
FSMC_NORSRAMInit                                  Libraries\STM32F4xx_StdPeriph_Driver\src\stm32f4xx_fsmc.o
FSMC_NORSRAMStructInit                            Libraries\STM32F4xx_StdPeriph_Driver\src\stm32f4xx_fsmc.o
FSMC_PCCARDCmd                                    Libraries\STM32F4xx_StdPeriph_Driver\src\stm32f4xx_fsmc.o
FSMC_PCCARDDeInit                                 Libraries\STM32F4xx_StdPeriph_Driver\src\stm32f4xx_fsmc.o
FSMC_PCCARDInit                                   Libraries\STM32F4xx_StdPeriph_Driver\src\stm32f4xx_fsmc.o
FSMC_PCCARDStructInit                             Libraries\STM32F4xx_StdPeriph_Driver\src\stm32f4xx_fsmc.o
FatalError                                        src\DSPMain.o
FirStateQ31                                       src\SignalProcessingFIRFilter.o
GPIO_DeInit                                       Libraries\STM32F4xx_StdPeriph_Driver\src\stm32f4xx_gpio.o
GPIO_Init                                         Libraries\STM32F4xx_StdPeriph_Driver\src\stm32f4xx_gpio.o
                                                  src\DSPMain.o
GPIO_PinAFConfig                                  Libraries\STM32F4xx_StdPeriph_Driver\src\stm32f4xx_gpio.o
GPIO_PinLockConfig                                Libraries\STM32F4xx_StdPeriph_Driver\src\stm32f4xx_gpio.o
GPIO_ReadInputData                                Libraries\STM32F4xx_StdPeriph_Driver\src\stm32f4xx_gpio.o
GPIO_ReadInputDataBit                             Libraries\STM32F4xx_StdPeriph_Driver\src\stm32f4xx_gpio.o
GPIO_ReadOutputData                               Libraries\STM32F4xx_StdPeriph_Driver\src\stm32f4xx_gpio.o
GPIO_ReadOutputDataBit                            Libraries\STM32F4xx_StdPeriph_Driver\src\stm32f4xx_gpio.o
GPIO_ResetBits                                    Libraries\STM32F4xx_StdPeriph_Driver\src\stm32f4xx_gpio.o
                                                  src\DSPMain.o
                                                  src\SignalProcessingFIRFilter.o
GPIO_SetBits                                      Libraries\STM32F4xx_StdPeriph_Driver\src\stm32f4xx_gpio.o
                                                  src\DSPMain.o
                                                  src\SignalProcessingFIRFilter.o
GPIO_StructInit                                   Libraries\STM32F4xx_StdPeriph_Driver\src\stm32f4xx_gpio.o
GPIO_ToggleBits                                   Libraries\STM32F4xx_StdPeriph_Driver\src\stm32f4xx_gpio.o
                                                  src\stm32f4xx_it.o
GPIO_Write                                        Libraries\STM32F4xx_StdPeriph_Driver\src\stm32f4xx_gpio.o
GPIO_WriteBit                                     Libraries\STM32F4xx_StdPeriph_Driver\src\stm32f4xx_gpio.o
HASH_AutoStartDigest                              Libraries\STM32F4xx_StdPeriph_Driver\src\stm32f4xx_hash.o
HASH_ClearFlag                                    Libraries\STM32F4xx_StdPeriph_Driver\src\stm32f4xx_hash.o
HASH_ClearITPendingBit                            Libraries\STM32F4xx_StdPeriph_Driver\src\stm32f4xx_hash.o
HASH_DMACmd                                       Libraries\STM32F4xx_StdPeriph_Driver\src\stm32f4xx_hash.o
HASH_DataIn                                       Libraries\STM32F4xx_StdPeriph_Driver\src\stm32f4xx_hash.o
                                                  Libraries\STM32F4xx_StdPeriph_Driver\src\stm32f4xx_hash_md5.o
                                                  Libraries\STM32F4xx_StdPeriph_Driver\src\stm32f4xx_hash_sha1.o
HASH_DeInit                                       Libraries\STM32F4xx_StdPeriph_Driver\src\stm32f4xx_hash.o
                                                  Libraries\STM32F4xx_StdPeriph_Driver\src\stm32f4xx_hash_md5.o
                                                  Libraries\STM32F4xx_StdPeriph_Driver\src\stm32f4xx_hash_sha1.o
HASH_GetDigest                                    Libraries\STM32F4xx_StdPeriph_Driver\src\stm32f4xx_hash.o
                                                  Libraries\STM32F4xx_StdPeriph_Driver\src\stm32f4xx_hash_md5.o
                                                  Libraries\STM32F4xx_StdPeriph_Driver\src\stm32f4xx_hash_sha1.o
HASH_GetFlagStatus                                Libraries\STM32F4xx_StdPeriph_Driver\src\stm32f4xx_hash.o
                                                  Libraries\STM32F4xx_StdPeriph_Driver\src\stm32f4xx_hash_md5.o
                                                  Libraries\STM32F4xx_StdPeriph_Driver\src\stm32f4xx_hash_sha1.o
HASH_GetITStatus                                  Libraries\STM32F4xx_StdPeriph_Driver\src\stm32f4xx_hash.o
HASH_GetInFIFOWordsNbr                            Libraries\STM32F4xx_StdPeriph_Driver\src\stm32f4xx_hash.o
HASH_ITConfig                                     Libraries\STM32F4xx_StdPeriph_Driver\src\stm32f4xx_hash.o
HASH_Init                                         Libraries\STM32F4xx_StdPeriph_Driver\src\stm32f4xx_hash.o
                                                  Libraries\STM32F4xx_StdPeriph_Driver\src\stm32f4xx_hash_md5.o
                                                  Libraries\STM32F4xx_StdPeriph_Driver\src\stm32f4xx_hash_sha1.o
HASH_MD5                                          Libraries\STM32F4xx_StdPeriph_Driver\src\stm32f4xx_hash_md5.o
HASH_RNG_IRQHandler                               src\startup_stm32f40xx.o
HASH_Reset                                        Libraries\STM32F4xx_StdPeriph_Driver\src\stm32f4xx_hash.o
HASH_RestoreContext                               Libraries\STM32F4xx_StdPeriph_Driver\src\stm32f4xx_hash.o
HASH_SHA1                                         Libraries\STM32F4xx_StdPeriph_Driver\src\stm32f4xx_hash_sha1.o
HASH_SaveContext                                  Libraries\STM32F4xx_StdPeriph_Driver\src\stm32f4xx_hash.o
HASH_SetLastWordValidBitsNbr                      Libraries\STM32F4xx_StdPeriph_Driver\src\stm32f4xx_hash.o
                                                  Libraries\STM32F4xx_StdPeriph_Driver\src\stm32f4xx_hash_md5.o
                                                  Libraries\STM32F4xx_StdPeriph_Driver\src\stm32f4xx_hash_sha1.o
HASH_StartDigest                                  Libraries\STM32F4xx_StdPeriph_Driver\src\stm32f4xx_hash.o
                                                  Libraries\STM32F4xx_StdPeriph_Driver\src\stm32f4xx_hash_md5.o
                                                  Libraries\STM32F4xx_StdPeriph_Driver\src\stm32f4xx_hash_sha1.o
HASH_StructInit                                   Libraries\STM32F4xx_StdPeriph_Driver\src\stm32f4xx_hash.o
HMAC_MD5                                          Libraries\STM32F4xx_StdPeriph_Driver\src\stm32f4xx_hash_md5.o
HMAC_SHA1                                         Libraries\STM32F4xx_StdPeriph_Driver\src\stm32f4xx_hash_sha1.o
HardFault_Handler                                 src\stm32f4xx_it.o
I2C1_ER_IRQHandler                                src\startup_stm32f40xx.o
I2C1_EV_IRQHandler                                src\startup_stm32f40xx.o
I2C2_ER_IRQHandler                                src\startup_stm32f40xx.o
I2C2_EV_IRQHandler                                src\startup_stm32f40xx.o
I2C3_ER_IRQHandler                                src\startup_stm32f40xx.o