Archive member included because of file (symbol)

c:/program files (x86)/atollic/truestudio for arm lite 4.1.0/armtools/bin/../lib/gcc/arm-atollic-eabi/4.7.3/../../../../arm-atollic-eabi/lib/armv7e-m/fpu\libc_s.a(lib_a-init.o)
                              src\startup_stm32f40xx.o (__libc_init_array)
c:/program files (x86)/atollic/truestudio for arm lite 4.1.0/armtools/bin/../lib/gcc/arm-atollic-eabi/4.7.3/../../../../arm-atollic-eabi/lib/armv7e-m/fpu\libc_s.a(lib_a-memset.o)
                              Libraries\CMSIS\DSP_Lib\Source\FilteringFunctions\arm_lms_norm_init_q31.o (memset)
c:/program files (x86)/atollic/truestudio for arm lite 4.1.0/armtools/bin/../lib/gcc/arm-atollic-eabi/4.7.3/../../../../arm-atollic-eabi/lib/armv7e-m/fpu\libm.a(lib_a-wf_sqrt.o)
                              Libraries\CMSIS\DSP_Lib\Source\ComplexMathFunctions\arm_cmplx_mag_f32.o (sqrtf)
c:/program files (x86)/atollic/truestudio for arm lite 4.1.0/armtools/bin/../lib/gcc/arm-atollic-eabi/4.7.3/../../../../arm-atollic-eabi/lib/armv7e-m/fpu\libm.a(lib_a-ef_sqrt.o)
                              c:/program files (x86)/atollic/truestudio for arm lite 4.1.0/armtools/bin/../lib/gcc/arm-atollic-eabi/4.7.3/../../../../arm-atollic-eabi/lib/armv7e-m/fpu\libm.a(lib_a-wf_sqrt.o) (__ieee754_sqrtf)
c:/program files (x86)/atollic/truestudio for arm lite 4.1.0/armtools/bin/../lib/gcc/arm-atollic-eabi/4.7.3/../../../../arm-atollic-eabi/lib/armv7e-m/fpu\libm.a(lib_a-s_lib_ver.o)
                              c:/program files (x86)/atollic/truestudio for arm lite 4.1.0/armtools/bin/../lib/gcc/arm-atollic-eabi/4.7.3/../../../../arm-atollic-eabi/lib/armv7e-m/fpu\libm.a(lib_a-wf_sqrt.o) (__fdlib_version)
c:/program files (x86)/atollic/truestudio for arm lite 4.1.0/armtools/bin/../lib/gcc/arm-atollic-eabi/4.7.3/../../../../arm-atollic-eabi/lib/armv7e-m/fpu\libm.a(lib_a-s_matherr.o)
                              c:/program files (x86)/atollic/truestudio for arm lite 4.1.0/armtools/bin/../lib/gcc/arm-atollic-eabi/4.7.3/../../../../arm-atollic-eabi/lib/armv7e-m/fpu\libm.a(lib_a-wf_sqrt.o) (matherr)
c:/program files (x86)/atollic/truestudio for arm lite 4.1.0/armtools/bin/../lib/gcc/arm-atollic-eabi/4.7.3/../../../../arm-atollic-eabi/lib/armv7e-m/fpu\libm.a(lib_a-sf_fpclassify.o)
                              c:/program files (x86)/atollic/truestudio for arm lite 4.1.0/armtools/bin/../lib/gcc/arm-atollic-eabi/4.7.3/../../../../arm-atollic-eabi/lib/armv7e-m/fpu\libm.a(lib_a-wf_sqrt.o) (__fpclassifyf)
c:/program files (x86)/atollic/truestudio for arm lite 4.1.0/armtools/bin/../lib/gcc/arm-atollic-eabi/4.7.3/../../../../arm-atollic-eabi/lib/armv7e-m/fpu\libc_s.a(lib_a-errno.o)
                              c:/program files (x86)/atollic/truestudio for arm lite 4.1.0/armtools/bin/../lib/gcc/arm-atollic-eabi/4.7.3/../../../../arm-atollic-eabi/lib/armv7e-m/fpu\libm.a(lib_a-wf_sqrt.o) (__errno)
c:/program files (x86)/atollic/truestudio for arm lite 4.1.0/armtools/bin/../lib/gcc/arm-atollic-eabi/4.7.3/../../../../arm-atollic-eabi/lib/armv7e-m/fpu\libc_s.a(lib_a-impure.o)
                              c:/program files (x86)/atollic/truestudio for arm lite 4.1.0/armtools/bin/../lib/gcc/arm-atollic-eabi/4.7.3/../../../../arm-atollic-eabi/lib/armv7e-m/fpu\libc_s.a(lib_a-errno.o) (_impure_ptr)
c:/program files (x86)/atollic/truestudio for arm lite 4.1.0/armtools/bin/../lib/gcc/arm-atollic-eabi/4.7.3/armv7e-m/fpu\libgcc.a(_arm_addsubdf3.o)
                              c:/program files (x86)/atollic/truestudio for arm lite 4.1.0/armtools/bin/../lib/gcc/arm-atollic-eabi/4.7.3/../../../../arm-atollic-eabi/lib/armv7e-m/fpu\libm.a(lib_a-wf_sqrt.o) (__aeabi_f2d)
c:/program files (x86)/atollic/truestudio for arm lite 4.1.0/armtools/bin/../lib/gcc/arm-atollic-eabi/4.7.3/armv7e-m/fpu\libgcc.a(_arm_muldivdf3.o)
                              c:/program files (x86)/atollic/truestudio for arm lite 4.1.0/armtools/bin/../lib/gcc/arm-atollic-eabi/4.7.3/../../../../arm-atollic-eabi/lib/armv7e-m/fpu\libm.a(lib_a-wf_sqrt.o) (__aeabi_ddiv)
c:/program files (x86)/atollic/truestudio for arm lite 4.1.0/armtools/bin/../lib/gcc/arm-atollic-eabi/4.7.3/armv7e-m/fpu\libgcc.a(_arm_truncdfsf2.o)
                              c:/program files (x86)/atollic/truestudio for arm lite 4.1.0/armtools/bin/../lib/gcc/arm-atollic-eabi/4.7.3/../../../../arm-atollic-eabi/lib/armv7e-m/fpu\libm.a(lib_a-wf_sqrt.o) (__aeabi_d2f)
c:/program files (x86)/atollic/truestudio for arm lite 4.1.0/armtools/bin/../lib/gcc/arm-atollic-eabi/4.7.3/armv7e-m/fpu\libgcc.a(_fixsfdi.o)
                              Libraries\CMSIS\DSP_Lib\Source\SupportFunctions\arm_float_to_q31.o (__aeabi_f2lz)
c:/program files (x86)/atollic/truestudio for arm lite 4.1.0/armtools/bin/../lib/gcc/arm-atollic-eabi/4.7.3/armv7e-m/fpu\libgcc.a(_fixunssfdi.o)
                              c:/program files (x86)/atollic/truestudio for arm lite 4.1.0/armtools/bin/../lib/gcc/arm-atollic-eabi/4.7.3/armv7e-m/fpu\libgcc.a(_fixsfdi.o) (__aeabi_f2ulz)
[...]
Memory Configuration

Name             Origin             Length             Attributes
FLASH            0x08000000         0x00100000         xr
RAM              0x20000000         0x00020000         xrw
MEMORY_B1        0x60000000         0x00000000         xr
CCMRAM           0x10000000         0x00010000         rw
*default*        0x00000000         0xffffffff

Linker script and memory map

LOAD c:/program files (x86)/atollic/truestudio for arm lite 4.1.0/armtools/bin/../lib/gcc/arm-atollic-eabi/4.7.3/armv7e-m/fpu/crti.o
LOAD c:/program files (x86)/atollic/truestudio for arm lite 4.1.0/armtools/bin/../lib/gcc/arm-atollic-eabi/4.7.3/armv7e-m/fpu/crtbegin.o
LOAD src\system_stm32f4xx.o
LOAD src\stm32f4xx_it.o
LOAD src\startup_stm32f40xx.o
LOAD src\SignalProcessingFIRFilter.o
LOAD src\DSPMain.o
LOAD Utilities\STM32F4-Discovery\stm32f4_discovery_lis302dl.o
LOAD Utilities\STM32F4-Discovery\stm32f4_discovery_audio_codec.o
LOAD Utilities\STM32F4-Discovery\stm32f4_discovery.o
LOAD Libraries\STM32F4xx_StdPeriph_Driver\src\stm32f4xx_wwdg.o
LOAD Libraries\STM32F4xx_StdPeriph_Driver\src\stm32f4xx_usart.o
LOAD Libraries\STM32F4xx_StdPeriph_Driver\src\stm32f4xx_tim.o
LOAD Libraries\STM32F4xx_StdPeriph_Driver\src\stm32f4xx_syscfg.o
LOAD Libraries\STM32F4xx_StdPeriph_Driver\src\stm32f4xx_spi.o
LOAD Libraries\STM32F4xx_StdPeriph_Driver\src\stm32f4xx_sdio.o
LOAD Libraries\STM32F4xx_StdPeriph_Driver\src\stm32f4xx_rtc.o
LOAD Libraries\STM32F4xx_StdPeriph_Driver\src\stm32f4xx_rng.o
LOAD Libraries\STM32F4xx_StdPeriph_Driver\src\stm32f4xx_rcc.o
LOAD Libraries\STM32F4xx_StdPeriph_Driver\src\stm32f4xx_pwr.o
LOAD Libraries\STM32F4xx_StdPeriph_Driver\src\stm32f4xx_iwdg.o
LOAD Libraries\STM32F4xx_StdPeriph_Driver\src\stm32f4xx_i2c.o
LOAD Libraries\STM32F4xx_StdPeriph_Driver\src\stm32f4xx_hash_sha1.o
LOAD Libraries\STM32F4xx_StdPeriph_Driver\src\stm32f4xx_hash_md5.o
LOAD Libraries\STM32F4xx_StdPeriph_Driver\src\stm32f4xx_hash.o
LOAD Libraries\STM32F4xx_StdPeriph_Driver\src\stm32f4xx_gpio.o
LOAD Libraries\STM32F4xx_StdPeriph_Driver\src\stm32f4xx_fsmc.o
LOAD Libraries\STM32F4xx_StdPeriph_Driver\src\stm32f4xx_flash.o
LOAD Libraries\STM32F4xx_StdPeriph_Driver\src\stm32f4xx_exti.o
LOAD Libraries\STM32F4xx_StdPeriph_Driver\src\stm32f4xx_dma.o
LOAD Libraries\STM32F4xx_StdPeriph_Driver\src\stm32f4xx_dcmi.o
LOAD Libraries\STM32F4xx_StdPeriph_Driver\src\stm32f4xx_dbgmcu.o
LOAD Libraries\STM32F4xx_StdPeriph_Driver\src\stm32f4xx_dac.o
LOAD Libraries\STM32F4xx_StdPeriph_Driver\src\stm32f4xx_cryp_tdes.o
LOAD Libraries\STM32F4xx_StdPeriph_Driver\src\stm32f4xx_cryp_des.o
LOAD Libraries\STM32F4xx_StdPeriph_Driver\src\stm32f4xx_cryp_aes.o
LOAD Libraries\STM32F4xx_StdPeriph_Driver\src\stm32f4xx_cryp.o
LOAD Libraries\STM32F4xx_StdPeriph_Driver\src\stm32f4xx_crc.o
LOAD Libraries\STM32F4xx_StdPeriph_Driver\src\stm32f4xx_can.o
LOAD Libraries\STM32F4xx_StdPeriph_Driver\src\stm32f4xx_adc.o
LOAD Libraries\STM32F4xx_StdPeriph_Driver\src\misc.o
LOAD Libraries\CMSIS\DSP_Lib\Source\TransformFunctions\arm_rfft_q31.o
LOAD Libraries\CMSIS\DSP_Lib\Source\TransformFunctions\arm_rfft_q15.o
LOAD Libraries\CMSIS\DSP_Lib\Source\TransformFunctions\arm_rfft_init_q31.o
LOAD Libraries\CMSIS\DSP_Lib\Source\TransformFunctions\arm_rfft_init_q15.o
LOAD Libraries\CMSIS\DSP_Lib\Source\TransformFunctions\arm_rfft_init_f32.o
LOAD Libraries\CMSIS\DSP_Lib\Source\TransformFunctions\arm_rfft_f32.o
LOAD Libraries\CMSIS\DSP_Lib\Source\TransformFunctions\arm_dct4_q31.o
LOAD Libraries\CMSIS\DSP_Lib\Source\TransformFunctions\arm_dct4_q15.o
LOAD Libraries\CMSIS\DSP_Lib\Source\TransformFunctions\arm_dct4_init_q31.o
LOAD Libraries\CMSIS\DSP_Lib\Source\TransformFunctions\arm_dct4_init_q15.o
LOAD Libraries\CMSIS\DSP_Lib\Source\TransformFunctions\arm_dct4_init_f32.o
LOAD Libraries\CMSIS\DSP_Lib\Source\TransformFunctions\arm_dct4_f32.o
LOAD Libraries\CMSIS\DSP_Lib\Source\TransformFunctions\arm_cfft_radix4_q31.o
LOAD Libraries\CMSIS\DSP_Lib\Source\TransformFunctions\arm_cfft_radix4_q15.o
LOAD Libraries\CMSIS\DSP_Lib\Source\TransformFunctions\arm_cfft_radix4_init_q31.o
LOAD Libraries\CMSIS\DSP_Lib\Source\TransformFunctions\arm_cfft_radix4_init_q15.o
LOAD Libraries\CMSIS\DSP_Lib\Source\TransformFunctions\arm_cfft_radix4_init_f32.o
LOAD Libraries\CMSIS\DSP_Lib\Source\TransformFunctions\arm_cfft_radix4_f32.o
LOAD Libraries\CMSIS\DSP_Lib\Source\TransformFunctions\arm_cfft_radix2_q31.o
LOAD Libraries\CMSIS\DSP_Lib\Source\TransformFunctions\arm_cfft_radix2_q15.o
LOAD Libraries\CMSIS\DSP_Lib\Source\TransformFunctions\arm_cfft_radix2_init_q31.o
LOAD Libraries\CMSIS\DSP_Lib\Source\TransformFunctions\arm_cfft_radix2_init_q15.o
LOAD Libraries\CMSIS\DSP_Lib\Source\TransformFunctions\arm_cfft_radix2_init_f32.o
LOAD Libraries\CMSIS\DSP_Lib\Source\TransformFunctions\arm_cfft_radix2_f32.o
LOAD Libraries\CMSIS\DSP_Lib\Source\TransformFunctions\arm_bitreversal.o
LOAD Libraries\CMSIS\DSP_Lib\Source\SupportFunctions\arm_q7_to_q31.o
LOAD Libraries\CMSIS\DSP_Lib\Source\SupportFunctions\arm_q7_to_q15.o
LOAD Libraries\CMSIS\DSP_Lib\Source\SupportFunctions\arm_q7_to_float.o
LOAD Libraries\CMSIS\DSP_Lib\Source\SupportFunctions\arm_q31_to_q7.o
LOAD Libraries\CMSIS\DSP_Lib\Source\SupportFunctions\arm_q31_to_q15.o
LOAD Libraries\CMSIS\DSP_Lib\Source\SupportFunctions\arm_q31_to_float.o
LOAD Libraries\CMSIS\DSP_Lib\Source\SupportFunctions\arm_q15_to_q7.o
LOAD Libraries\CMSIS\DSP_Lib\Source\SupportFunctions\arm_q15_to_q31.o
LOAD Libraries\CMSIS\DSP_Lib\Source\SupportFunctions\arm_q15_to_float.o
LOAD Libraries\CMSIS\DSP_Lib\Source\SupportFunctions\arm_float_to_q7.o
LOAD Libraries\CMSIS\DSP_Lib\Source\SupportFunctions\arm_float_to_q31.o
LOAD Libraries\CMSIS\DSP_Lib\Source\SupportFunctions\arm_float_to_q15.o
LOAD Libraries\CMSIS\DSP_Lib\Source\SupportFunctions\arm_fill_q7.o
LOAD Libraries\CMSIS\DSP_Lib\Source\SupportFunctions\arm_fill_q31.o
LOAD Libraries\CMSIS\DSP_Lib\Source\SupportFunctions\arm_fill_q15.o
LOAD Libraries\CMSIS\DSP_Lib\Source\SupportFunctions\arm_fill_f32.o
LOAD Libraries\CMSIS\DSP_Lib\Source\SupportFunctions\arm_copy_q7.o
LOAD Libraries\CMSIS\DSP_Lib\Source\SupportFunctions\arm_copy_q31.o
LOAD Libraries\CMSIS\DSP_Lib\Source\SupportFunctions\arm_copy_q15.o
LOAD Libraries\CMSIS\DSP_Lib\Source\SupportFunctions\arm_copy_f32.o
LOAD Libraries\CMSIS\DSP_Lib\Source\MatrixFunctions\arm_mat_trans_q31.o
LOAD Libraries\CMSIS\DSP_Lib\Source\MatrixFunctions\arm_mat_trans_q15.o
LOAD Libraries\CMSIS\DSP_Lib\Source\MatrixFunctions\arm_mat_trans_f32.o
LOAD Libraries\CMSIS\DSP_Lib\Source\MatrixFunctions\arm_mat_sub_q31.o
LOAD Libraries\CMSIS\DSP_Lib\Source\MatrixFunctions\arm_mat_sub_q15.o
LOAD Libraries\CMSIS\DSP_Lib\Source\MatrixFunctions\arm_mat_sub_f32.o
LOAD Libraries\CMSIS\DSP_Lib\Source\MatrixFunctions\arm_mat_scale_q31.o
LOAD Libraries\CMSIS\DSP_Lib\Source\MatrixFunctions\arm_mat_scale_q15.o
LOAD Libraries\CMSIS\DSP_Lib\Source\MatrixFunctions\arm_mat_scale_f32.o
LOAD Libraries\CMSIS\DSP_Lib\Source\MatrixFunctions\arm_mat_mult_q31.o
LOAD Libraries\CMSIS\DSP_Lib\Source\MatrixFunctions\arm_mat_mult_q15.o
LOAD Libraries\CMSIS\DSP_Lib\Source\MatrixFunctions\arm_mat_mult_fast_q31.o
LOAD Libraries\CMSIS\DSP_Lib\Source\MatrixFunctions\arm_mat_mult_fast_q15.o
LOAD Libraries\CMSIS\DSP_Lib\Source\MatrixFunctions\arm_mat_mult_f32.o
LOAD Libraries\CMSIS\DSP_Lib\Source\MatrixFunctions\arm_mat_inverse_f32.o
LOAD Libraries\CMSIS\DSP_Lib\Source\MatrixFunctions\arm_mat_init_q31.o
LOAD Libraries\CMSIS\DSP_Lib\Source\MatrixFunctions\arm_mat_init_q15.o
LOAD Libraries\CMSIS\DSP_Lib\Source\MatrixFunctions\arm_mat_init_f32.o
LOAD Libraries\CMSIS\DSP_Lib\Source\MatrixFunctions\arm_mat_add_q31.o
LOAD Libraries\CMSIS\DSP_Lib\Source\MatrixFunctions\arm_mat_add_q15.o
LOAD Libraries\CMSIS\DSP_Lib\Source\MatrixFunctions\arm_mat_add_f32.o
LOAD Libraries\CMSIS\DSP_Lib\Source\FilteringFunctions\arm_lms_q31.o
LOAD Libraries\CMSIS\DSP_Lib\Source\FilteringFunctions\arm_lms_q15.o
LOAD Libraries\CMSIS\DSP_Lib\Source\FilteringFunctions\arm_lms_norm_q31.o
LOAD Libraries\CMSIS\DSP_Lib\Source\FilteringFunctions\arm_lms_norm_q15.o
LOAD Libraries\CMSIS\DSP_Lib\Source\FilteringFunctions\arm_lms_norm_init_q31.o
LOAD Libraries\CMSIS\DSP_Lib\Source\FilteringFunctions\arm_lms_norm_init_q15.o
LOAD Libraries\CMSIS\DSP_Lib\Source\FilteringFunctions\arm_lms_norm_init_f32.o
LOAD Libraries\CMSIS\DSP_Lib\Source\FilteringFunctions\arm_lms_norm_f32.o
LOAD Libraries\CMSIS\DSP_Lib\Source\FilteringFunctions\arm_lms_init_q31.o
LOAD Libraries\CMSIS\DSP_Lib\Source\FilteringFunctions\arm_lms_init_q15.o
LOAD Libraries\CMSIS\DSP_Lib\Source\FilteringFunctions\arm_lms_init_f32.o
LOAD Libraries\CMSIS\DSP_Lib\Source\FilteringFunctions\arm_lms_f32.o
LOAD Libraries\CMSIS\DSP_Lib\Source\FilteringFunctions\arm_iir_lattice_q31.o
LOAD Libraries\CMSIS\DSP_Lib\Source\FilteringFunctions\arm_iir_lattice_q15.o
LOAD Libraries\CMSIS\DSP_Lib\Source\FilteringFunctions\arm_iir_lattice_init_q31.o
LOAD Libraries\CMSIS\DSP_Lib\Source\FilteringFunctions\arm_iir_lattice_init_q15.o
LOAD Libraries\CMSIS\DSP_Lib\Source\FilteringFunctions\arm_iir_lattice_init_f32.o
LOAD Libraries\CMSIS\DSP_Lib\Source\FilteringFunctions\arm_iir_lattice_f32.o
LOAD Libraries\CMSIS\DSP_Lib\Source\FilteringFunctions\arm_fir_sparse_q7.o
LOAD Libraries\CMSIS\DSP_Lib\Source\FilteringFunctions\arm_fir_sparse_q31.o
LOAD Libraries\CMSIS\DSP_Lib\Source\FilteringFunctions\arm_fir_sparse_q15.o
LOAD Libraries\CMSIS\DSP_Lib\Source\FilteringFunctions\arm_fir_sparse_init_q7.o
LOAD Libraries\CMSIS\DSP_Lib\Source\FilteringFunctions\arm_fir_sparse_init_q31.o
LOAD Libraries\CMSIS\DSP_Lib\Source\FilteringFunctions\arm_fir_sparse_init_q15.o
LOAD Libraries\CMSIS\DSP_Lib\Source\FilteringFunctions\arm_fir_sparse_init_f32.o
LOAD Libraries\CMSIS\DSP_Lib\Source\FilteringFunctions\arm_fir_sparse_f32.o
LOAD Libraries\CMSIS\DSP_Lib\Source\FilteringFunctions\arm_fir_q7.o
LOAD Libraries\CMSIS\DSP_Lib\Source\FilteringFunctions\arm_fir_q31.o
LOAD Libraries\CMSIS\DSP_Lib\Source\FilteringFunctions\arm_fir_q15.o
LOAD Libraries\CMSIS\DSP_Lib\Source\FilteringFunctions\arm_fir_lattice_q31.o
LOAD Libraries\CMSIS\DSP_Lib\Source\FilteringFunctions\arm_fir_lattice_q15.o
LOAD Libraries\CMSIS\DSP_Lib\Source\FilteringFunctions\arm_fir_lattice_init_q31.o
LOAD Libraries\CMSIS\DSP_Lib\Source\FilteringFunctions\arm_fir_lattice_init_q15.o
LOAD Libraries\CMSIS\DSP_Lib\Source\FilteringFunctions\arm_fir_lattice_init_f32.o
LOAD Libraries\CMSIS\DSP_Lib\Source\FilteringFunctions\arm_fir_lattice_f32.o
LOAD Libraries\CMSIS\DSP_Lib\Source\FilteringFunctions\arm_fir_interpolate_q31.o
LOAD Libraries\CMSIS\DSP_Lib\Source\FilteringFunctions\arm_fir_interpolate_q15.o
LOAD Libraries\CMSIS\DSP_Lib\Source\FilteringFunctions\arm_fir_interpolate_init_q31.o
LOAD Libraries\CMSIS\DSP_Lib\Source\FilteringFunctions\arm_fir_interpolate_init_q15.o
LOAD Libraries\CMSIS\DSP_Lib\Source\FilteringFunctions\arm_fir_interpolate_init_f32.o
LOAD Libraries\CMSIS\DSP_Lib\Source\FilteringFunctions\arm_fir_interpolate_f32.o
LOAD Libraries\CMSIS\DSP_Lib\Source\FilteringFunctions\arm_fir_init_q7.o
LOAD Libraries\CMSIS\DSP_Lib\Source\FilteringFunctions\arm_fir_init_q31.o
LOAD Libraries\CMSIS\DSP_Lib\Source\FilteringFunctions\arm_fir_init_q15.o
LOAD Libraries\CMSIS\DSP_Lib\Source\FilteringFunctions\arm_fir_init_f32.o
LOAD Libraries\CMSIS\DSP_Lib\Source\FilteringFunctions\arm_fir_fast_q31.o
LOAD Libraries\CMSIS\DSP_Lib\Source\FilteringFunctions\arm_fir_fast_q15.o
LOAD Libraries\CMSIS\DSP_Lib\Source\FilteringFunctions\arm_fir_f32.o
LOAD Libraries\CMSIS\DSP_Lib\Source\FilteringFunctions\arm_fir_decimate_q31.o
LOAD Libraries\CMSIS\DSP_Lib\Source\FilteringFunctions\arm_fir_decimate_q15.o
LOAD Libraries\CMSIS\DSP_Lib\Source\FilteringFunctions\arm_fir_decimate_init_q31.o
LOAD Libraries\CMSIS\DSP_Lib\Source\FilteringFunctions\arm_fir_decimate_init_q15.o
LOAD Libraries\CMSIS\DSP_Lib\Source\FilteringFunctions\arm_fir_decimate_init_f32.o
LOAD Libraries\CMSIS\DSP_Lib\Source\FilteringFunctions\arm_fir_decimate_fast_q31.o
LOAD Libraries\CMSIS\DSP_Lib\Source\FilteringFunctions\arm_fir_decimate_fast_q15.o
LOAD Libraries\CMSIS\DSP_Lib\Source\FilteringFunctions\arm_fir_decimate_f32.o
LOAD Libraries\CMSIS\DSP_Lib\Source\FilteringFunctions\arm_correlate_q7.o
LOAD Libraries\CMSIS\DSP_Lib\Source\FilteringFunctions\arm_correlate_q31.o
LOAD Libraries\CMSIS\DSP_Lib\Source\FilteringFunctions\arm_correlate_q15.o
LOAD Libraries\CMSIS\DSP_Lib\Source\FilteringFunctions\arm_correlate_opt_q7.o
LOAD Libraries\CMSIS\DSP_Lib\Source\FilteringFunctions\arm_correlate_opt_q15.o
LOAD Libraries\CMSIS\DSP_Lib\Source\FilteringFunctions\arm_correlate_fast_q31.o
LOAD Libraries\CMSIS\DSP_Lib\Source\FilteringFunctions\arm_correlate_fast_q15.o
LOAD Libraries\CMSIS\DSP_Lib\Source\FilteringFunctions\arm_correlate_fast_opt_q15.o
LOAD Libraries\CMSIS\DSP_Lib\Source\FilteringFunctions\arm_correlate_f32.o
LOAD Libraries\CMSIS\DSP_Lib\Source\FilteringFunctions\arm_conv_q7.o
LOAD Libraries\CMSIS\DSP_Lib\Source\FilteringFunctions\arm_conv_q31.o
LOAD Libraries\CMSIS\DSP_Lib\Source\FilteringFunctions\arm_conv_q15.o
LOAD Libraries\CMSIS\DSP_Lib\Source\FilteringFunctions\arm_conv_partial_q7.o
LOAD Libraries\CMSIS\DSP_Lib\Source\FilteringFunctions\arm_conv_partial_q31.o
LOAD Libraries\CMSIS\DSP_Lib\Source\FilteringFunctions\arm_conv_partial_q15.o
LOAD Libraries\CMSIS\DSP_Lib\Source\FilteringFunctions\arm_conv_partial_opt_q7.o
LOAD Libraries\CMSIS\DSP_Lib\Source\FilteringFunctions\arm_conv_partial_opt_q15.o
LOAD Libraries\CMSIS\DSP_Lib\Source\FilteringFunctions\arm_conv_partial_fast_q31.o
LOAD Libraries\CMSIS\DSP_Lib\Source\FilteringFunctions\arm_conv_partial_fast_q15.o
LOAD Libraries\CMSIS\DSP_Lib\Source\FilteringFunctions\arm_conv_partial_fast_opt_q15.o
LOAD Libraries\CMSIS\DSP_Lib\Source\FilteringFunctions\arm_conv_partial_f32.o
LOAD Libraries\CMSIS\DSP_Lib\Source\FilteringFunctions\arm_conv_opt_q7.o
LOAD Libraries\CMSIS\DSP_Lib\Source\FilteringFunctions\arm_conv_opt_q15.o
LOAD Libraries\CMSIS\DSP_Lib\Source\FilteringFunctions\arm_conv_fast_q31.o
LOAD Libraries\CMSIS\DSP_Lib\Source\FilteringFunctions\arm_conv_fast_q15.o
LOAD Libraries\CMSIS\DSP_Lib\Source\FilteringFunctions\arm_conv_fast_opt_q15.o
LOAD Libraries\CMSIS\DSP_Lib\Source\FilteringFunctions\arm_conv_f32.o
LOAD Libraries\CMSIS\DSP_Lib\Source\FilteringFunctions\arm_biquad_cascade_df2T_init_f32.o
LOAD Libraries\CMSIS\DSP_Lib\Source\FilteringFunctions\arm_biquad_cascade_df2T_f32.o
LOAD Libraries\CMSIS\DSP_Lib\Source\FilteringFunctions\arm_biquad_cascade_df1_q31.o
LOAD Libraries\CMSIS\DSP_Lib\Source\FilteringFunctions\arm_biquad_cascade_df1_q15.o
LOAD Libraries\CMSIS\DSP_Lib\Source\FilteringFunctions\arm_biquad_cascade_df1_init_q31.o
LOAD Libraries\CMSIS\DSP_Lib\Source\FilteringFunctions\arm_biquad_cascade_df1_init_q15.o
LOAD Libraries\CMSIS\DSP_Lib\Source\FilteringFunctions\arm_biquad_cascade_df1_init_f32.o
LOAD Libraries\CMSIS\DSP_Lib\Source\FilteringFunctions\arm_biquad_cascade_df1_fast_q31.o
LOAD Libraries\CMSIS\DSP_Lib\Source\FilteringFunctions\arm_biquad_cascade_df1_fast_q15.o
LOAD Libraries\CMSIS\DSP_Lib\Source\FilteringFunctions\arm_biquad_cascade_df1_f32.o
LOAD Libraries\CMSIS\DSP_Lib\Source\FilteringFunctions\arm_biquad_cascade_df1_32x64_q31.o
LOAD Libraries\CMSIS\DSP_Lib\Source\FilteringFunctions\arm_biquad_cascade_df1_32x64_init_q31.o
LOAD Libraries\CMSIS\DSP_Lib\Source\FastMathFunctions\arm_sqrt_q31.o
LOAD Libraries\CMSIS\DSP_Lib\Source\FastMathFunctions\arm_sqrt_q15.o
LOAD Libraries\CMSIS\DSP_Lib\Source\FastMathFunctions\arm_sin_q31.o
LOAD Libraries\CMSIS\DSP_Lib\Source\FastMathFunctions\arm_sin_q15.o
LOAD Libraries\CMSIS\DSP_Lib\Source\FastMathFunctions\arm_sin_f32.o
LOAD Libraries\CMSIS\DSP_Lib\Source\FastMathFunctions\arm_cos_q31.o
LOAD Libraries\CMSIS\DSP_Lib\Source\FastMathFunctions\arm_cos_q15.o
LOAD Libraries\CMSIS\DSP_Lib\Source\FastMathFunctions\arm_cos_f32.o
LOAD Libraries\CMSIS\DSP_Lib\Source\ControllerFunctions\arm_sin_cos_q31.o
LOAD Libraries\CMSIS\DSP_Lib\Source\ControllerFunctions\arm_sin_cos_f32.o
LOAD Libraries\CMSIS\DSP_Lib\Source\ControllerFunctions\arm_pid_reset_q31.o
LOAD Libraries\CMSIS\DSP_Lib\Source\ControllerFunctions\arm_pid_reset_q15.o
LOAD Libraries\CMSIS\DSP_Lib\Source\ControllerFunctions\arm_pid_reset_f32.o
LOAD Libraries\CMSIS\DSP_Lib\Source\ControllerFunctions\arm_pid_init_q31.o
LOAD Libraries\CMSIS\DSP_Lib\Source\ControllerFunctions\arm_pid_init_q15.o
LOAD Libraries\CMSIS\DSP_Lib\Source\ControllerFunctions\arm_pid_init_f32.o
LOAD Libraries\CMSIS\DSP_Lib\Source\ComplexMathFunctions\arm_cmplx_mult_real_q31.o
LOAD Libraries\CMSIS\DSP_Lib\Source\ComplexMathFunctions\arm_cmplx_mult_real_q15.o
LOAD Libraries\CMSIS\DSP_Lib\Source\ComplexMathFunctions\arm_cmplx_mult_real_f32.o
LOAD Libraries\CMSIS\DSP_Lib\Source\ComplexMathFunctions\arm_cmplx_mult_cmplx_q31.o
LOAD Libraries\CMSIS\DSP_Lib\Source\ComplexMathFunctions\arm_cmplx_mult_cmplx_q15.o
LOAD Libraries\CMSIS\DSP_Lib\Source\ComplexMathFunctions\arm_cmplx_mult_cmplx_f32.o
LOAD Libraries\CMSIS\DSP_Lib\Source\ComplexMathFunctions\arm_cmplx_mag_squared_q31.o
LOAD Libraries\CMSIS\DSP_Lib\Source\ComplexMathFunctions\arm_cmplx_mag_squared_q15.o
LOAD Libraries\CMSIS\DSP_Lib\Source\ComplexMathFunctions\arm_cmplx_mag_squared_f32.o
LOAD Libraries\CMSIS\DSP_Lib\Source\ComplexMathFunctions\arm_cmplx_mag_q31.o
LOAD Libraries\CMSIS\DSP_Lib\Source\ComplexMathFunctions\arm_cmplx_mag_q15.o
LOAD Libraries\CMSIS\DSP_Lib\Source\ComplexMathFunctions\arm_cmplx_mag_f32.o
LOAD Libraries\CMSIS\DSP_Lib\Source\ComplexMathFunctions\arm_cmplx_dot_prod_q31.o
LOAD Libraries\CMSIS\DSP_Lib\Source\ComplexMathFunctions\arm_cmplx_dot_prod_q15.o
LOAD Libraries\CMSIS\DSP_Lib\Source\ComplexMathFunctions\arm_cmplx_dot_prod_f32.o
LOAD Libraries\CMSIS\DSP_Lib\Source\ComplexMathFunctions\arm_cmplx_conj_q31.o
LOAD Libraries\CMSIS\DSP_Lib\Source\ComplexMathFunctions\arm_cmplx_conj_q15.o
LOAD Libraries\CMSIS\DSP_Lib\Source\ComplexMathFunctions\arm_cmplx_conj_f32.o
LOAD Libraries\CMSIS\DSP_Lib\Source\CommonTables\arm_common_tables.o
START GROUP
LOAD c:/program files (x86)/atollic/truestudio for arm lite 4.1.0/armtools/bin/../lib/gcc/arm-atollic-eabi/4.7.3/../../../../arm-atollic-eabi/lib/armv7e-m/fpu\libc_s.a
LOAD c:/program files (x86)/atollic/truestudio for arm lite 4.1.0/armtools/bin/../lib/gcc/arm-atollic-eabi/4.7.3/../../../../arm-atollic-eabi/lib/armv7e-m/fpu\libm.a
END GROUP
                0x00001000                malloc_getpagesize_P = 0x1000
START GROUP
LOAD c:/program files (x86)/atollic/truestudio for arm lite 4.1.0/armtools/bin/../lib/gcc/arm-atollic-eabi/4.7.3/armv7e-m/fpu\libgcc.a
LOAD c:/program files (x86)/atollic/truestudio for arm lite 4.1.0/armtools/bin/../lib/gcc/arm-atollic-eabi/4.7.3/../../../../arm-atollic-eabi/lib/armv7e-m/fpu\libc.a
END GROUP
LOAD c:/program files (x86)/atollic/truestudio for arm lite 4.1.0/armtools/bin/../lib/gcc/arm-atollic-eabi/4.7.3/armv7e-m/fpu/crtend.o
LOAD c:/program files (x86)/atollic/truestudio for arm lite 4.1.0/armtools/bin/../lib/gcc/arm-atollic-eabi/4.7.3/armv7e-m/fpu/crtn.o
                0x20020000                _estack = 0x20020000
                0x00000000                _Min_Heap_Size = 0x0
                0x00000400                _Min_Stack_Size = 0x400

.isr_vector     0x08000000      0x188
                0x08000000                . = ALIGN (0x4)
 *(.isr_vector)
 .isr_vector    0x08000000      0x188 src\startup_stm32f40xx.o
                0x08000000                g_pfnVectors
                0x08000188                . = ALIGN (0x4)

.text           0x08000188     0x212c
                0x08000188                . = ALIGN (0x4)
 *(.text)
 .text          0x08000188       0x54 c:/program files (x86)/atollic/truestudio for arm lite 4.1.0/armtools/bin/../lib/gcc/arm-atollic-eabi/4.7.3/armv7e-m/fpu/crtbegin.o
 *(.text*)
 .text.SystemInit
                0x080001dc      0x12c src\system_stm32f4xx.o
                0x080001dc                SystemInit
 .text.NMI_Handler
                0x08000308        0x4 src\stm32f4xx_it.o
                0x08000308                NMI_Handler
 .text.HardFault_Handler
                0x0800030c        0x4 src\stm32f4xx_it.o
                0x0800030c                HardFault_Handler
 .text.MemManage_Handler
                0x08000310        0x4 src\stm32f4xx_it.o
                0x08000310                MemManage_Handler
 .text.BusFault_Handler
                0x08000314        0x4 src\stm32f4xx_it.o
                0x08000314                BusFault_Handler
 .text.UsageFault_Handler
                0x08000318        0x4 src\stm32f4xx_it.o
                0x08000318                UsageFault_Handler
 .text.SVC_Handler
                0x0800031c        0x4 src\stm32f4xx_it.o
                0x0800031c                SVC_Handler
 .text.DebugMon_Handler
                0x08000320        0x4 src\stm32f4xx_it.o
                0x08000320                DebugMon_Handler
 .text.PendSV_Handler
                0x08000324        0x4 src\stm32f4xx_it.o
                0x08000324                PendSV_Handler
 .text.SysTick_Handler
                0x08000328        0x4 src\stm32f4xx_it.o
                0x08000328                SysTick_Handler
 .text.EXTI0_IRQHandler
                0x0800032c       0x30 src\stm32f4xx_it.o
                0x0800032c                EXTI0_IRQHandler
 .text.DMA1_Stream5_IRQHandler
                0x0800035c      0x138 src\stm32f4xx_it.o
                0x0800035c                DMA1_Stream5_IRQHandler
 .text.DMA1_Stream6_IRQHandler
                0x08000494      0x138 src\stm32f4xx_it.o
                0x08000494                DMA1_Stream6_IRQHandler
 .text.DMA2_Stream0_IRQHandler
                0x080005cc      0x13c src\stm32f4xx_it.o
                0x080005cc                DMA2_Stream0_IRQHandler
 .text.DMA2_Stream2_IRQHandler
                0x08000708      0x13c src\stm32f4xx_it.o
                0x08000708                DMA2_Stream2_IRQHandler
 .text.Reset_Handler
                0x08000844       0x58 src\startup_stm32f40xx.o
                0x08000844                Reset_Handler
 .text.Default_Handler
                0x0800089c        0x4 src\startup_stm32f40xx.o
                0x0800089c                RTC_Alarm_IRQHandler
                0x0800089c                HASH_RNG_IRQHandler
                0x0800089c                EXTI2_IRQHandler
                0x0800089c                TIM8_CC_IRQHandler
                0x0800089c                TIM1_CC_IRQHandler
                0x0800089c                DMA2_Stream5_IRQHandler
                0x0800089c                PVD_IRQHandler
                0x0800089c                SDIO_IRQHandler
                0x0800089c                TAMP_STAMP_IRQHandler
                0x0800089c                CAN2_RX1_IRQHandler
                0x0800089c                EXTI3_IRQHandler
                0x0800089c                TIM8_TRG_COM_TIM14_IRQHandler
                0x0800089c                TIM1_UP_TIM10_IRQHandler
                0x0800089c                TIM8_UP_TIM13_IRQHandler
                0x0800089c                I2C3_ER_IRQHandler
                0x0800089c                I2C2_EV_IRQHandler
                0x0800089c                DMA1_Stream2_IRQHandler
                0x0800089c                CAN1_RX0_IRQHandler
                0x0800089c                FPU_IRQHandler
                0x0800089c                OTG_HS_WKUP_IRQHandler
                0x0800089c                CAN2_SCE_IRQHandler
                0x0800089c                SPI1_IRQHandler
                0x0800089c                TIM6_DAC_IRQHandler
                0x0800089c                TIM1_BRK_TIM9_IRQHandler
                0x0800089c                DCMI_IRQHandler
                0x0800089c                CAN2_RX0_IRQHandler
                0x0800089c                DMA2_Stream3_IRQHandler
                0x0800089c                USART6_IRQHandler
                0x0800089c                USART3_IRQHandler
                0x0800089c                CRYP_IRQHandler
                0x0800089c                CAN1_RX1_IRQHandler
                0x0800089c                UART5_IRQHandler
                0x0800089c                TIM4_IRQHandler
                0x0800089c                I2C1_EV_IRQHandler
                0x0800089c                DMA1_Stream1_IRQHandler
                0x0800089c                UART4_IRQHandler
                0x0800089c                TIM3_IRQHandler
                0x0800089c                RCC_IRQHandler
                0x0800089c                TIM8_BRK_TIM12_IRQHandler
                0x0800089c                Default_Handler
                0x0800089c                EXTI15_10_IRQHandler
                0x0800089c                ADC_IRQHandler
                0x0800089c                TIM7_IRQHandler
                0x0800089c                CAN2_TX_IRQHandler
                0x0800089c                TIM5_IRQHandler
                0x0800089c                DMA2_Stream7_IRQHandler
                0x0800089c                I2C3_EV_IRQHandler
                0x0800089c                EXTI9_5_IRQHandler
                0x0800089c                RTC_WKUP_IRQHandler
                0x0800089c                ETH_WKUP_IRQHandler
                0x0800089c                SPI2_IRQHandler
                0x0800089c                OTG_HS_EP1_IN_IRQHandler
                0x0800089c                CAN1_TX_IRQHandler
                0x0800089c                EXTI4_IRQHandler
                0x0800089c                FSMC_IRQHandler
                0x0800089c                ETH_IRQHandler
                0x0800089c                OTG_HS_EP1_OUT_IRQHandler
                0x0800089c                WWDG_IRQHandler
                0x0800089c                TIM2_IRQHandler
                0x0800089c                OTG_FS_WKUP_IRQHandler
                0x0800089c                TIM1_TRG_COM_TIM11_IRQHandler
                0x0800089c                OTG_HS_IRQHandler
                0x0800089c                EXTI1_IRQHandler
                0x0800089c                USART2_IRQHandler
                0x0800089c                I2C2_ER_IRQHandler
                0x0800089c                DMA2_Stream1_IRQHandler
                0x0800089c                CAN1_SCE_IRQHandler
                0x0800089c                FLASH_IRQHandler
                0x0800089c                DMA2_Stream4_IRQHandler
                0x0800089c                USART1_IRQHandler
                0x0800089c                OTG_FS_IRQHandler
                0x0800089c                DMA1_Stream4_IRQHandler
                0x0800089c                I2C1_ER_IRQHandler
                0x0800089c                DMA2_Stream6_IRQHandler
                0x0800089c                DMA1_Stream3_IRQHandler
 .text.InitProcessing
                0x080008a0       0x2c src\SignalProcessingFIRFilter.o
                0x080008a0                InitProcessing
 .text.ProcessBlock
                0x080008cc       0x7c src\SignalProcessingFIRFilter.o
                0x080008cc                ProcessBlock
 .text.TIM6_Config
                0x08000948       0x48 src\DSPMain.o
                0x08000948                TIM6_Config
 .text.DAC_Ch2_Config
                0x08000990       0xdc src\DSPMain.o
                0x08000990                DAC_Ch2_Config
 .text.DAC_Ch1_Config
                0x08000a6c       0xd8 src\DSPMain.o
                0x08000a6c                DAC_Ch1_Config
 .text.startup.main
                0x08000b44      0x388 src\DSPMain.o
                0x08000b44                main
 .text.EVAL_AUDIO_TransferComplete_CallBack
                0x08000ecc        0x4 src\DSPMain.o
                0x08000ecc                EVAL_AUDIO_TransferComplete_CallBack
 .text.EVAL_AUDIO_GetSampleCallBack
                0x08000ed0        0x8 src\DSPMain.o
                0x08000ed0                EVAL_AUDIO_GetSampleCallBack
 .text.FatalError
                0x08000ed8      0x118 src\DSPMain.o
                0x08000ed8                FatalError
 .text.ProcessBuffer
                0x08000ff0       0xe4 src\DSPMain.o
                0x08000ff0                ProcessBuffer
 .text.DMA1_Stream7_IRQHandler
                0x080010d4       0xa8 Utilities\STM32F4-Discovery\stm32f4_discovery_audio_codec.o
                0x080010d4                DMA1_Stream7_IRQHandler
 .text.DMA1_Stream0_IRQHandler
                0x0800117c       0xa8 Utilities\STM32F4-Discovery\stm32f4_discovery_audio_codec.o
                0x0800117c                DMA1_Stream0_IRQHandler
 .text.SPI3_IRQHandler
                0x08001224       0x44 Utilities\STM32F4-Discovery\stm32f4_discovery_audio_codec.o
                0x08001224                SPI3_IRQHandler
 .text.STM_EVAL_PBInit
                0x08001268       0x7c Utilities\STM32F4-Discovery\stm32f4_discovery.o
                0x08001268                STM_EVAL_PBInit
 .text.TIM_TimeBaseInit
                0x080012e4       0xb0 Libraries\STM32F4xx_StdPeriph_Driver\src\stm32f4xx_tim.o
                0x080012e4                TIM_TimeBaseInit
 .text.TIM_TimeBaseStructInit
                0x08001394       0x14 Libraries\STM32F4xx_StdPeriph_Driver\src\stm32f4xx_tim.o
                0x08001394                TIM_TimeBaseStructInit
 .text.TIM_Cmd  0x080013a8       0x1c Libraries\STM32F4xx_StdPeriph_Driver\src\stm32f4xx_tim.o
                0x080013a8                TIM_Cmd
 .text.TIM_SelectOutputTrigger
                0x080013c4       0x18 Libraries\STM32F4xx_StdPeriph_Driver\src\stm32f4xx_tim.o
                0x080013c4                TIM_SelectOutputTrigger
 .text.SYSCFG_EXTILineConfig
                0x080013dc       0x38 Libraries\STM32F4xx_StdPeriph_Driver\src\stm32f4xx_syscfg.o
                0x080013dc                SYSCFG_EXTILineConfig
 .text.SPI_I2S_SendData
                0x08001414        0x4 Libraries\STM32F4xx_StdPeriph_Driver\src\stm32f4xx_spi.o
                0x08001414                SPI_I2S_SendData
 .text.SPI_I2S_GetFlagStatus
                0x08001418        0xc Libraries\STM32F4xx_StdPeriph_Driver\src\stm32f4xx_spi.o
                0x08001418                SPI_I2S_GetFlagStatus
 .text.RCC_AHB1PeriphClockCmd
                0x08001424       0x1c Libraries\STM32F4xx_StdPeriph_Driver\src\stm32f4xx_rcc.o
                0x08001424                RCC_AHB1PeriphClockCmd
 .text.RCC_APB1PeriphClockCmd
                0x08001440       0x1c Libraries\STM32F4xx_StdPeriph_Driver\src\stm32f4xx_rcc.o
                0x08001440                RCC_APB1PeriphClockCmd
 .text.RCC_APB2PeriphClockCmd
                0x0800145c       0x1c Libraries\STM32F4xx_StdPeriph_Driver\src\stm32f4xx_rcc.o
                0x0800145c                RCC_APB2PeriphClockCmd
 .text.GPIO_Init
                0x08001478      0x150 Libraries\STM32F4xx_StdPeriph_Driver\src\stm32f4xx_gpio.o
                0x08001478                GPIO_Init
 .text.GPIO_SetBits
                0x080015c8        0x4 Libraries\STM32F4xx_StdPeriph_Driver\src\stm32f4xx_gpio.o
                0x080015c8                GPIO_SetBits
 .text.GPIO_ResetBits
                0x080015cc        0x4 Libraries\STM32F4xx_StdPeriph_Driver\src\stm32f4xx_gpio.o
                0x080015cc                GPIO_ResetBits
 .text.GPIO_ToggleBits
                0x080015d0        0x8 Libraries\STM32F4xx_StdPeriph_Driver\src\stm32f4xx_gpio.o
                0x080015d0                GPIO_ToggleBits
 .text.EXTI_Init
                0x080015d8       0x7c Libraries\STM32F4xx_StdPeriph_Driver\src\stm32f4xx_exti.o
                0x080015d8                EXTI_Init
 .text.EXTI_GetITStatus
                0x08001654       0x20 Libraries\STM32F4xx_StdPeriph_Driver\src\stm32f4xx_exti.o
                0x08001654                EXTI_GetITStatus
 .text.EXTI_ClearITPendingBit
                0x08001674        0xc Libraries\STM32F4xx_StdPeriph_Driver\src\stm32f4xx_exti.o
                0x08001674                EXTI_ClearITPendingBit
 .text.DMA_DeInit
                0x08001680      0x1ec Libraries\STM32F4xx_StdPeriph_Driver\src\stm32f4xx_dma.o
                0x08001680                DMA_DeInit
 .text.DMA_Init
                0x0800186c       0x88 Libraries\STM32F4xx_StdPeriph_Driver\src\stm32f4xx_dma.o
                0x0800186c                DMA_Init
 .text.DMA_Cmd  0x080018f4       0x14 Libraries\STM32F4xx_StdPeriph_Driver\src\stm32f4xx_dma.o
                0x080018f4                DMA_Cmd
 .text.DMA_DoubleBufferModeConfig
                0x08001908       0x18 Libraries\STM32F4xx_StdPeriph_Driver\src\stm32f4xx_dma.o
                0x08001908                DMA_DoubleBufferModeConfig
 .text.DMA_DoubleBufferModeCmd
                0x08001920       0x14 Libraries\STM32F4xx_StdPeriph_Driver\src\stm32f4xx_dma.o
                0x08001920                DMA_DoubleBufferModeCmd
 .text.DMA_GetCurrentMemoryTarget
                0x08001934        0x8 Libraries\STM32F4xx_StdPeriph_Driver\src\stm32f4xx_dma.o
                0x08001934                DMA_GetCurrentMemoryTarget
 .text.DMA_GetCmdStatus
                0x0800193c        0x8 Libraries\STM32F4xx_StdPeriph_Driver\src\stm32f4xx_dma.o
                0x0800193c                DMA_GetCmdStatus
 .text.DMA_GetFlagStatus
                0x08001944       0x40 Libraries\STM32F4xx_StdPeriph_Driver\src\stm32f4xx_dma.o
                0x08001944                DMA_GetFlagStatus
 .text.DMA_ClearFlag
                0x08001984       0x38 Libraries\STM32F4xx_StdPeriph_Driver\src\stm32f4xx_dma.o
                0x08001984                DMA_ClearFlag
 .text.DMA_ITConfig
                0x080019bc       0x40 Libraries\STM32F4xx_StdPeriph_Driver\src\stm32f4xx_dma.o
                0x080019bc                DMA_ITConfig
 .text.DMA_GetITStatus
                0x080019fc       0x58 Libraries\STM32F4xx_StdPeriph_Driver\src\stm32f4xx_dma.o
                0x080019fc                DMA_GetITStatus
 .text.DMA_ClearITPendingBit
                0x08001a54       0x38 Libraries\STM32F4xx_StdPeriph_Driver\src\stm32f4xx_dma.o
                0x08001a54                DMA_ClearITPendingBit
 .text.DAC_Init
                0x08001a8c       0x38 Libraries\STM32F4xx_StdPeriph_Driver\src\stm32f4xx_dac.o
                0x08001a8c                DAC_Init
 .text.DAC_Cmd  0x08001ac4       0x28 Libraries\STM32F4xx_StdPeriph_Driver\src\stm32f4xx_dac.o
                0x08001ac4                DAC_Cmd
 .text.DAC_SetChannel1Data
                0x08001aec       0x20 Libraries\STM32F4xx_StdPeriph_Driver\src\stm32f4xx_dac.o
                0x08001aec                DAC_SetChannel1Data
 .text.DAC_DMACmd
                0x08001b0c       0x2c Libraries\STM32F4xx_StdPeriph_Driver\src\stm32f4xx_dac.o
                0x08001b0c                DAC_DMACmd
 .text.ADC_Init
                0x08001b38       0x50 Libraries\STM32F4xx_StdPeriph_Driver\src\stm32f4xx_adc.o
                0x08001b38                ADC_Init
 .text.ADC_CommonInit
                0x08001b88       0x30 Libraries\STM32F4xx_StdPeriph_Driver\src\stm32f4xx_adc.o
                0x08001b88                ADC_CommonInit
 .text.ADC_Cmd  0x08001bb8       0x14 Libraries\STM32F4xx_StdPeriph_Driver\src\stm32f4xx_adc.o
                0x08001bb8                ADC_Cmd
 .text.ADC_RegularChannelConfig
                0x08001bcc       0x9c Libraries\STM32F4xx_StdPeriph_Driver\src\stm32f4xx_adc.o
                0x08001bcc                ADC_RegularChannelConfig
 .text.ADC_DMACmd
                0x08001c68       0x14 Libraries\STM32F4xx_StdPeriph_Driver\src\stm32f4xx_adc.o
                0x08001c68                ADC_DMACmd
 .text.ADC_DMARequestAfterLastTransferCmd
                0x08001c7c       0x14 Libraries\STM32F4xx_StdPeriph_Driver\src\stm32f4xx_adc.o
                0x08001c7c                ADC_DMARequestAfterLastTransferCmd
 .text.NVIC_PriorityGroupConfig
                0x08001c90       0x14 Libraries\STM32F4xx_StdPeriph_Driver\src\misc.o
                0x08001c90                NVIC_PriorityGroupConfig
 .text.NVIC_Init
                0x08001ca4       0x80 Libraries\STM32F4xx_StdPeriph_Driver\src\misc.o
                0x08001ca4                NVIC_Init
 .text.arm_fir_init_f32
                0x08001d24       0x24 Libraries\CMSIS\DSP_Lib\Source\FilteringFunctions\arm_fir_init_f32.o
                0x08001d24                arm_fir_init_f32
 .text.arm_fir_f32
                0x08001d48      0x4f8 Libraries\CMSIS\DSP_Lib\Source\FilteringFunctions\arm_fir_f32.o
                0x08001d48                arm_fir_f32
 .text.__libc_init_array
                0x08002240       0x4c c:/program files (x86)/atollic/truestudio for arm lite 4.1.0/armtools/bin/../lib/gcc/arm-atollic-eabi/4.7.3/../../../../arm-atollic-eabi/lib/armv7e-m/fpu\libc_s.a(lib_a-init.o)
                0x08002240                __libc_init_array
 .text.memset   0x0800228c       0x10 c:/program files (x86)/atollic/truestudio for arm lite 4.1.0/armtools/bin/../lib/gcc/arm-atollic-eabi/4.7.3/../../../../arm-atollic-eabi/lib/armv7e-m/fpu\libc_s.a(lib_a-memset.o)
                0x0800228c                memset
 *(.glue_7)
 .glue_7        0x00000000        0x0 linker stubs
 *(.glue_7t)
 .glue_7t       0x00000000        0x0 linker stubs
 *(.eh_frame)
 .eh_frame      0x0800229c        0x0 c:/program files (x86)/atollic/truestudio for arm lite 4.1.0/armtools/bin/../lib/gcc/arm-atollic-eabi/4.7.3/armv7e-m/fpu/crtbegin.o
 *(.init)
 .init          0x0800229c        0x4 c:/program files (x86)/atollic/truestudio for arm lite 4.1.0/armtools/bin/../lib/gcc/arm-atollic-eabi/4.7.3/armv7e-m/fpu/crti.o
                0x0800229c                _init
 .init          0x080022a0        0x8 c:/program files (x86)/atollic/truestudio for arm lite 4.1.0/armtools/bin/../lib/gcc/arm-atollic-eabi/4.7.3/armv7e-m/fpu/crtn.o
 *(.fini)
 .fini          0x080022a8        0x4 c:/program files (x86)/atollic/truestudio for arm lite 4.1.0/armtools/bin/../lib/gcc/arm-atollic-eabi/4.7.3/armv7e-m/fpu/crti.o
                0x080022a8                _fini
 .fini          0x080022ac        0x8 c:/program files (x86)/atollic/truestudio for arm lite 4.1.0/armtools/bin/../lib/gcc/arm-atollic-eabi/4.7.3/armv7e-m/fpu/crtn.o
                0x080022b4                . = ALIGN (0x4)
                0x080022b4                _etext = .

.vfp11_veneer   0x080022b4        0x0
 .vfp11_veneer  0x00000000        0x0 linker stubs

.v4_bx          0x080022b4        0x0
 .v4_bx         0x00000000        0x0 linker stubs

.iplt           0x080022b4        0x0
 .iplt          0x00000000        0x0 c:/program files (x86)/atollic/truestudio for arm lite 4.1.0/armtools/bin/../lib/gcc/arm-atollic-eabi/4.7.3/armv7e-m/fpu/crtbegin.o

.rel.dyn        0x080022b4        0x0
 .rel.iplt      0x00000000        0x0 c:/program files (x86)/atollic/truestudio for arm lite 4.1.0/armtools/bin/../lib/gcc/arm-atollic-eabi/4.7.3/armv7e-m/fpu/crtbegin.o

.rodata         0x080022b4        0x0
                0x080022b4                . = ALIGN (0x4)
 *(.rodata)
 *(.rodata*)
                0x080022b4                . = ALIGN (0x4)

.ARM.extab
 *(.ARM.extab* .gnu.linkonce.armextab.*)

.ARM            0x080022b4        0x0
                0x080022b4                __exidx_start = .
 *(.ARM.exidx*)
                0x080022b4                __exidx_end = .

.preinit_array  0x080022b4        0x0
                0x080022b4                PROVIDE (__preinit_array_start, .)
 *(.preinit_array*)
                0x080022b4                PROVIDE (__preinit_array_end, .)

.init_array     0x080022b4        0x4
                0x080022b4                PROVIDE (__init_array_start, .)
 *(SORT(.init_array.*))
 *(.init_array*)
 .init_array    0x080022b4        0x4 c:/program files (x86)/atollic/truestudio for arm lite 4.1.0/armtools/bin/../lib/gcc/arm-atollic-eabi/4.7.3/armv7e-m/fpu/crtbegin.o
                0x080022b8                PROVIDE (__init_array_end, .)

.fini_array     0x080022b8        0x4
                0x080022b8                PROVIDE (__fini_array_start, .)
 *(SORT(.fini_array.*))
 *(.fini_array*)
 .fini_array    0x080022b8        0x4 c:/program files (x86)/atollic/truestudio for arm lite 4.1.0/armtools/bin/../lib/gcc/arm-atollic-eabi/4.7.3/armv7e-m/fpu/crtbegin.o
                0x080022bc                PROVIDE (__fini_array_end, .)
                0x080022bc                _sidata = LOADADDR (.data)

.data           0x20000000       0x98 load address 0x080022bc
                0x20000000                . = ALIGN (0x4)
                0x20000000                _sdata = .
 *(.data)
 *(.data*)
 .data.Coeffs   0x20000000       0x80 src\SignalProcessingFIRFilter.o
                0x20000000                Coeffs
 .data.KeyPressed
                0x20000080        0x1 src\DSPMain.o
                0x20000080                KeyPressed
 *fill*         0x20000081        0x3 00
 .data.AudioRemSize
                0x20000084        0x4 Utilities\STM32F4-Discovery\stm32f4_discovery_audio_codec.o
                0x20000084                AudioRemSize
 .data.AUDIO_MAL_DMA_STREAM
                0x20000088        0x4 Utilities\STM32F4-Discovery\stm32f4_discovery_audio_codec.o
                0x20000088                AUDIO_MAL_DMA_STREAM
 .data.AUDIO_MAL_DMA_FLAG_TC
                0x2000008c        0x4 Utilities\STM32F4-Discovery\stm32f4_discovery_audio_codec.o
                0x2000008c                AUDIO_MAL_DMA_FLAG_TC
 .data.CurrAudioInterface
                0x20000090        0x4 Utilities\STM32F4-Discovery\stm32f4_discovery_audio_codec.o
                0x20000090                CurrAudioInterface
 .data.BUTTON_PORT
                0x20000094        0x4 Utilities\STM32F4-Discovery\stm32f4_discovery.o
                0x20000094                BUTTON_PORT
                0x20000098                . = ALIGN (0x4)
                0x20000098                _edata = .
                0x08002354                _siccmram = LOADADDR (.ccmram)

.jcr            0x20000098        0x0 load address 0x08002354
 .jcr           0x20000098        0x0 c:/program files (x86)/atollic/truestudio for arm lite 4.1.0/armtools/bin/../lib/gcc/arm-atollic-eabi/4.7.3/armv7e-m/fpu/crtbegin.o

.igot.plt       0x20000098        0x0 load address 0x08002354
 .igot.plt      0x00000000        0x0 c:/program files (x86)/atollic/truestudio for arm lite 4.1.0/armtools/bin/../lib/gcc/arm-atollic-eabi/4.7.3/armv7e-m/fpu/crtbegin.o

.ccmram         0x10000000        0x0 load address 0x08002354
                0x10000000                . = ALIGN (0x4)
                0x10000000                _sccmram = .
 *(.ccmram)
 *(.ccmram*)
                0x10000000                . = ALIGN (0x4)
                0x10000000                _eccmram = .
                0x10000000                . = ALIGN (0x4)

.bss            0x20000098      0x1b0
                0x20000098                _sbss = .
                0x20000098                __bss_start__ = _sbss
 *(.bss)
 .bss           0x20000098       0x1c c:/program files (x86)/atollic/truestudio for arm lite 4.1.0/armtools/bin/../lib/gcc/arm-atollic-eabi/4.7.3/armv7e-m/fpu/crtbegin.o
 *(.bss*)
 .bss.TransferCompleteDAC1
                0x200000b4        0x4 src\stm32f4xx_it.o
                0x200000b4                TransferCompleteDAC1
 .bss.TransferCompleteDAC2
                0x200000b8        0x4 src\stm32f4xx_it.o
                0x200000b8                TransferCompleteDAC2
 .bss.TransferCompleteADC1
                0x200000bc        0x4 src\stm32f4xx_it.o
                0x200000bc                TransferCompleteADC1
 .bss.TransferCompleteADC2
                0x200000c0        0x4 src\stm32f4xx_it.o
                0x200000c0                TransferCompleteADC2
 .bss.Buffer2_a
                0x200000c4        0x4 src\DSPMain.o
                0x200000c4                Buffer2_a
 .bss.TxBuffer2_a
                0x200000c8        0x4 src\DSPMain.o
                0x200000c8                TxBuffer2_a
 .bss.TxBuffer2_b
                0x200000cc        0x4 src\DSPMain.o
                0x200000cc                TxBuffer2_b
 .bss.SelectedWavesForm
                0x200000d0        0x1 src\DSPMain.o
                0x200000d0                SelectedWavesForm
 *fill*         0x200000d1        0x3 00
 .bss.TxBuffer1_a
                0x200000d4        0x4 src\DSPMain.o
                0x200000d4                TxBuffer1_a
 .bss.TxBuffer1_b
                0x200000d8        0x4 src\DSPMain.o
                0x200000d8                TxBuffer1_b
 .bss.Buffer2_b
                0x200000dc        0x4 src\DSPMain.o
                0x200000dc                Buffer2_b
 .bss.Buffer1_a
                0x200000e0        0x4 src\DSPMain.o
                0x200000e0                Buffer1_a
 .bss.Buffer1_b
                0x200000e4        0x4 src\DSPMain.o
                0x200000e4                Buffer1_b
 *(COMMON)
 COMMON         0x200000e8       0x94 src\SignalProcessingFIRFilter.o
                0x200000e8                InBuffer
                0x200000ec                S
                0x200000f8                OutBuffer
                0x200000fc                State
 COMMON         0x2000017c       0x8c src\DSPMain.o
                0x2000017c                ADCTripleConvertedValue
                0x20000188                ADC_InitStructure
                0x200001a0                DAC_InitStructure
                0x200001b0                WaitWait
                0x200001b4                GPIO_InitStructure
                0x200001bc                DMA_InitStructure
                0x200001f8                ADC_CommonInitStructure
 COMMON         0x20000208       0x40 Utilities\STM32F4-Discovery\stm32f4_discovery_audio_codec.o
                0x20000208                CurrentPos
                0x2000020c                AUDIO_MAL_DMA_InitStructure
                0x20000248                . = ALIGN (0x4)
                0x20000248                _ebss = .
                0x20000248                __bss_end__ = _ebss

._user_heap_stack
                0x20000248      0x400
                0x20000248                . = ALIGN (0x4)
                0x20000248                PROVIDE (end, .)
                0x20000248                PROVIDE (_end, .)
                0x20000248                . = (. + _Min_Heap_Size)
                0x20000648                . = (. + _Min_Stack_Size)
 *fill*         0x20000248      0x400 00
                0x20000648                . = ALIGN (0x4)

.memory_b1_text
 *(.mb1text)
 *(.mb1text*)
 *(.mb1rodata)
 *(.mb1rodata*)

/DISCARD/
 libc.a(*)
 libm.a(*)
 libgcc.a(*)

.ARM.attributes
                0x00000000       0x32
 *(.ARM.attributes)
 .ARM.attributes
                0x00000000       0x24 c:/program files (x86)/atollic/truestudio for arm lite 4.1.0/armtools/bin/../lib/gcc/arm-atollic-eabi/4.7.3/armv7e-m/fpu/crti.o
 .ARM.attributes
                0x00000024       0x36 c:/program files (x86)/atollic/truestudio for arm lite 4.1.0/armtools/bin/../lib/gcc/arm-atollic-eabi/4.7.3/armv7e-m/fpu/crtbegin.o
 .ARM.attributes
                0x0000005a       0x3b src\system_stm32f4xx.o
 .ARM.attributes
                0x00000095       0x3b src\stm32f4xx_it.o
 .ARM.attributes
                0x000000d0       0x21 src\startup_stm32f40xx.o
 .ARM.attributes
                0x000000f1       0x3b src\SignalProcessingFIRFilter.o
 .ARM.attributes
                0x0000012c       0x3b src\DSPMain.o
 .ARM.attributes
                0x00000167       0x3b Utilities\STM32F4-Discovery\stm32f4_discovery_audio_codec.o
 .ARM.attributes
                0x000001a2       0x3b Utilities\STM32F4-Discovery\stm32f4_discovery.o
 .ARM.attributes
                0x000001dd       0x3b Libraries\STM32F4xx_StdPeriph_Driver\src\stm32f4xx_tim.o
 .ARM.attributes
                0x00000218       0x3b Libraries\STM32F4xx_StdPeriph_Driver\src\stm32f4xx_syscfg.o
 .ARM.attributes
                0x00000253       0x3b Libraries\STM32F4xx_StdPeriph_Driver\src\stm32f4xx_spi.o
 .ARM.attributes
                0x0000028e       0x3b Libraries\STM32F4xx_StdPeriph_Driver\src\stm32f4xx_rcc.o
 .ARM.attributes
                0x000002c9       0x3b Libraries\STM32F4xx_StdPeriph_Driver\src\stm32f4xx_gpio.o
 .ARM.attributes
                0x00000304       0x3b Libraries\STM32F4xx_StdPeriph_Driver\src\stm32f4xx_exti.o
 .ARM.attributes
                0x0000033f       0x3b Libraries\STM32F4xx_StdPeriph_Driver\src\stm32f4xx_dma.o
 .ARM.attributes
                0x0000037a       0x3b Libraries\STM32F4xx_StdPeriph_Driver\src\stm32f4xx_dac.o
 .ARM.attributes
                0x000003b5       0x3b Libraries\STM32F4xx_StdPeriph_Driver\src\stm32f4xx_adc.o
 .ARM.attributes
                0x000003f0       0x3b Libraries\STM32F4xx_StdPeriph_Driver\src\misc.o
 .ARM.attributes
                0x0000042b       0x3b Libraries\CMSIS\DSP_Lib\Source\FilteringFunctions\arm_fir_init_f32.o
 .ARM.attributes
                0x00000466       0x3b Libraries\CMSIS\DSP_Lib\Source\FilteringFunctions\arm_fir_f32.o
 .ARM.attributes
                0x000004a1       0x36 c:/program files (x86)/atollic/truestudio for arm lite 4.1.0/armtools/bin/../lib/gcc/arm-atollic-eabi/4.7.3/../../../../arm-atollic-eabi/lib/armv7e-m/fpu\libc_s.a(lib_a-init.o)
 .ARM.attributes
                0x000004d7       0x36 c:/program files (x86)/atollic/truestudio for arm lite 4.1.0/armtools/bin/../lib/gcc/arm-atollic-eabi/4.7.3/../../../../arm-atollic-eabi/lib/armv7e-m/fpu\libc_s.a(lib_a-memset.o)
 .ARM.attributes
                0x0000050d       0x24 c:/program files (x86)/atollic/truestudio for arm lite 4.1.0/armtools/bin/../lib/gcc/arm-atollic-eabi/4.7.3/armv7e-m/fpu/crtn.o
OUTPUT(FirstSTMTest.elf elf32-littlearm)

.debug_info     0x00000000     0xe43b
 .debug_info    0x00000000      0x627 src\system_stm32f4xx.o
 .debug_info    0x00000627      0x677 src\stm32f4xx_it.o
 .debug_info    0x00000c9e       0x6c src\startup_stm32f40xx.o
 .debug_info    0x00000d0a      0x3ff src\SignalProcessingFIRFilter.o
 .debug_info    0x00001109     0x1c20 src\DSPMain.o
 .debug_info    0x00002d29     0x361e Utilities\STM32F4-Discovery\stm32f4_discovery_audio_codec.o
 .debug_info    0x00006347      0xa42 Utilities\STM32F4-Discovery\stm32f4_discovery.o
 .debug_info    0x00006d89     0x26ee Libraries\STM32F4xx_StdPeriph_Driver\src\stm32f4xx_tim.o
 .debug_info    0x00009477      0x2c6 Libraries\STM32F4xx_StdPeriph_Driver\src\stm32f4xx_syscfg.o
 .debug_info    0x0000973d      0xd45 Libraries\STM32F4xx_StdPeriph_Driver\src\stm32f4xx_spi.o
 .debug_info    0x0000a482      0xe04 Libraries\STM32F4xx_StdPeriph_Driver\src\stm32f4xx_rcc.o
 .debug_info    0x0000b286      0x822 Libraries\STM32F4xx_StdPeriph_Driver\src\stm32f4xx_gpio.o
 .debug_info    0x0000baa8      0x375 Libraries\STM32F4xx_StdPeriph_Driver\src\stm32f4xx_exti.o
 .debug_info    0x0000be1d      0x7b5 Libraries\STM32F4xx_StdPeriph_Driver\src\stm32f4xx_dma.o
 .debug_info    0x0000c5d2      0x6f0 Libraries\STM32F4xx_StdPeriph_Driver\src\stm32f4xx_dac.o
 .debug_info    0x0000ccc2      0xd69 Libraries\STM32F4xx_StdPeriph_Driver\src\stm32f4xx_adc.o
 .debug_info    0x0000da2b      0x598 Libraries\STM32F4xx_StdPeriph_Driver\src\misc.o
 .debug_info    0x0000dfc3      0x1a3 Libraries\CMSIS\DSP_Lib\Source\FilteringFunctions\arm_fir_init_f32.o
 .debug_info    0x0000e166      0x2d5 Libraries\CMSIS\DSP_Lib\Source\FilteringFunctions\arm_fir_f32.o

.debug_abbrev   0x00000000     0x22b2
 .debug_abbrev  0x00000000      0x161 src\system_stm32f4xx.o
 .debug_abbrev  0x00000161      0x1d9 src\stm32f4xx_it.o
 .debug_abbrev  0x0000033a       0x12 src\startup_stm32f40xx.o
 .debug_abbrev  0x0000034c      0x154 src\SignalProcessingFIRFilter.o
 .debug_abbrev  0x000004a0      0x2bd src\DSPMain.o
 .debug_abbrev  0x0000075d      0x356 Utilities\STM32F4-Discovery\stm32f4_discovery_audio_codec.o
 .debug_abbrev  0x00000ab3      0x1eb Utilities\STM32F4-Discovery\stm32f4_discovery.o
 .debug_abbrev  0x00000c9e      0x2bf Libraries\STM32F4xx_StdPeriph_Driver\src\stm32f4xx_tim.o
 .debug_abbrev  0x00000f5d      0x185 Libraries\STM32F4xx_StdPeriph_Driver\src\stm32f4xx_syscfg.o
 .debug_abbrev  0x000010e2      0x21f Libraries\STM32F4xx_StdPeriph_Driver\src\stm32f4xx_spi.o
 .debug_abbrev  0x00001301      0x2b8 Libraries\STM32F4xx_StdPeriph_Driver\src\stm32f4xx_rcc.o
 .debug_abbrev  0x000015b9      0x22e Libraries\STM32F4xx_StdPeriph_Driver\src\stm32f4xx_gpio.o
 .debug_abbrev  0x000017e7      0x1e1 Libraries\STM32F4xx_StdPeriph_Driver\src\stm32f4xx_exti.o
 .debug_abbrev  0x000019c8      0x1ad Libraries\STM32F4xx_StdPeriph_Driver\src\stm32f4xx_dma.o
 .debug_abbrev  0x00001b75      0x215 Libraries\STM32F4xx_StdPeriph_Driver\src\stm32f4xx_dac.o
 .debug_abbrev  0x00001d8a      0x215 Libraries\STM32F4xx_StdPeriph_Driver\src\stm32f4xx_adc.o
 .debug_abbrev  0x00001f9f      0x154 Libraries\STM32F4xx_StdPeriph_Driver\src\misc.o
 .debug_abbrev  0x000020f3       0xe8 Libraries\CMSIS\DSP_Lib\Source\FilteringFunctions\arm_fir_init_f32.o
 .debug_abbrev  0x000021db       0xd7 Libraries\CMSIS\DSP_Lib\Source\FilteringFunctions\arm_fir_f32.o

.debug_loc      0x00000000     0x90f3
 .debug_loc     0x00000000      0x182 src\system_stm32f4xx.o
 .debug_loc     0x00000182       0xa0 src\stm32f4xx_it.o
 .debug_loc     0x00000222       0xff src\SignalProcessingFIRFilter.o
 .debug_loc     0x00000321      0x1b3 src\DSPMain.o
 .debug_loc     0x000004d4     0x20ab Utilities\STM32F4-Discovery\stm32f4_discovery_audio_codec.o
 .debug_loc     0x0000257f      0x15f Utilities\STM32F4-Discovery\stm32f4_discovery.o
 .debug_loc     0x000026de     0x269d Libraries\STM32F4xx_StdPeriph_Driver\src\stm32f4xx_tim.o
 .debug_loc     0x00004d7b       0xe6 Libraries\STM32F4xx_StdPeriph_Driver\src\stm32f4xx_syscfg.o
 .debug_loc     0x00004e61      0x89a Libraries\STM32F4xx_StdPeriph_Driver\src\stm32f4xx_spi.o
 .debug_loc     0x000056fb      0xc0c Libraries\STM32F4xx_StdPeriph_Driver\src\stm32f4xx_rcc.o
 .debug_loc     0x00006307      0x439 Libraries\STM32F4xx_StdPeriph_Driver\src\stm32f4xx_gpio.o
 .debug_loc     0x00006740      0x267 Libraries\STM32F4xx_StdPeriph_Driver\src\stm32f4xx_exti.o
 .debug_loc     0x000069a7      0x6f9 Libraries\STM32F4xx_StdPeriph_Driver\src\stm32f4xx_dma.o
 .debug_loc     0x000070a0      0x5ff Libraries\STM32F4xx_StdPeriph_Driver\src\stm32f4xx_dac.o
 .debug_loc     0x0000769f      0xdab Libraries\STM32F4xx_StdPeriph_Driver\src\stm32f4xx_adc.o
 .debug_loc     0x0000844a      0x1ac Libraries\STM32F4xx_StdPeriph_Driver\src\misc.o
 .debug_loc     0x000085f6       0xb6 Libraries\CMSIS\DSP_Lib\Source\FilteringFunctions\arm_fir_init_f32.o
 .debug_loc     0x000086ac      0xa47 Libraries\CMSIS\DSP_Lib\Source\FilteringFunctions\arm_fir_f32.o

.debug_aranges  0x00000000      0xba8
 .debug_aranges
                0x00000000       0x28 src\system_stm32f4xx.o
 .debug_aranges
                0x00000028       0x88 src\stm32f4xx_it.o
 .debug_aranges
                0x000000b0       0x28 src\startup_stm32f40xx.o
 .debug_aranges
                0x000000d8       0x28 src\SignalProcessingFIRFilter.o
 .debug_aranges
                0x00000100       0x58 src\DSPMain.o
 .debug_aranges
                0x00000158       0x90 Utilities\STM32F4-Discovery\stm32f4_discovery_audio_codec.o
 .debug_aranges
                0x000001e8       0x48 Utilities\STM32F4-Discovery\stm32f4_discovery.o
 .debug_aranges
                0x00000230      0x2d8 Libraries\STM32F4xx_StdPeriph_Driver\src\stm32f4xx_tim.o
 .debug_aranges
                0x00000508       0x48 Libraries\STM32F4xx_StdPeriph_Driver\src\stm32f4xx_syscfg.o
 .debug_aranges
                0x00000550       0xe0 Libraries\STM32F4xx_StdPeriph_Driver\src\stm32f4xx_spi.o
 .debug_aranges
                0x00000630      0x180 Libraries\STM32F4xx_StdPeriph_Driver\src\stm32f4xx_rcc.o
 .debug_aranges
                0x000007b0       0x88 Libraries\STM32F4xx_StdPeriph_Driver\src\stm32f4xx_gpio.o
 .debug_aranges
                0x00000838       0x58 Libraries\STM32F4xx_StdPeriph_Driver\src\stm32f4xx_exti.o
 .debug_aranges
                0x00000890       0xb0 Libraries\STM32F4xx_StdPeriph_Driver\src\stm32f4xx_dma.o
 .debug_aranges
                0x00000940       0xa0 Libraries\STM32F4xx_StdPeriph_Driver\src\stm32f4xx_dac.o
 .debug_aranges
                0x000009e0      0x148 Libraries\STM32F4xx_StdPeriph_Driver\src\stm32f4xx_adc.o
 .debug_aranges
                0x00000b28       0x40 Libraries\STM32F4xx_StdPeriph_Driver\src\misc.o
 .debug_aranges
                0x00000b68       0x20 Libraries\CMSIS\DSP_Lib\Source\FilteringFunctions\arm_fir_init_f32.o
 .debug_aranges
                0x00000b88       0x20 Libraries\CMSIS\DSP_Lib\Source\FilteringFunctions\arm_fir_f32.o

.debug_ranges   0x00000000     0x19b0
 .debug_ranges  0x00000000       0x48 src\system_stm32f4xx.o
 .debug_ranges  0x00000048       0x78 src\stm32f4xx_it.o
 .debug_ranges  0x000000c0       0x20 src\startup_stm32f40xx.o
 .debug_ranges  0x000000e0       0x18 src\SignalProcessingFIRFilter.o
 .debug_ranges  0x000000f8       0x48 src\DSPMain.o
 .debug_ranges  0x00000140      0xe50 Utilities\STM32F4-Discovery\stm32f4_discovery_audio_codec.o
 .debug_ranges  0x00000f90       0x38 Utilities\STM32F4-Discovery\stm32f4_discovery.o
 .debug_ranges  0x00000fc8      0x3c8 Libraries\STM32F4xx_StdPeriph_Driver\src\stm32f4xx_tim.o
 .debug_ranges  0x00001390       0x38 Libraries\STM32F4xx_StdPeriph_Driver\src\stm32f4xx_syscfg.o
 .debug_ranges  0x000013c8       0xd0 Libraries\STM32F4xx_StdPeriph_Driver\src\stm32f4xx_spi.o
 .debug_ranges  0x00001498      0x1a0 Libraries\STM32F4xx_StdPeriph_Driver\src\stm32f4xx_rcc.o
 .debug_ranges  0x00001638       0x78 Libraries\STM32F4xx_StdPeriph_Driver\src\stm32f4xx_gpio.o
 .debug_ranges  0x000016b0       0x48 Libraries\STM32F4xx_StdPeriph_Driver\src\stm32f4xx_exti.o
 .debug_ranges  0x000016f8       0xa0 Libraries\STM32F4xx_StdPeriph_Driver\src\stm32f4xx_dma.o
 .debug_ranges  0x00001798       0x90 Libraries\STM32F4xx_StdPeriph_Driver\src\stm32f4xx_dac.o
 .debug_ranges  0x00001828      0x138 Libraries\STM32F4xx_StdPeriph_Driver\src\stm32f4xx_adc.o
 .debug_ranges  0x00001960       0x30 Libraries\STM32F4xx_StdPeriph_Driver\src\misc.o
 .debug_ranges  0x00001990       0x10 Libraries\CMSIS\DSP_Lib\Source\FilteringFunctions\arm_fir_init_f32.o
 .debug_ranges  0x000019a0       0x10 Libraries\CMSIS\DSP_Lib\Source\FilteringFunctions\arm_fir_f32.o

.debug_line     0x00000000     0x488b
 .debug_line    0x00000000      0x1b1 src\system_stm32f4xx.o
 .debug_line    0x000001b1      0x313 src\stm32f4xx_it.o
 .debug_line    0x000004c4       0x7a src\startup_stm32f40xx.o
 .debug_line    0x0000053e      0x1c8 src\SignalProcessingFIRFilter.o
 .debug_line    0x00000706      0x471 src\DSPMain.o
 .debug_line    0x00000b77      0x9ea Utilities\STM32F4-Discovery\stm32f4_discovery_audio_codec.o
 .debug_line    0x00001561      0x28b Utilities\STM32F4-Discovery\stm32f4_discovery.o
 .debug_line    0x000017ec      0xbf5 Libraries\STM32F4xx_StdPeriph_Driver\src\stm32f4xx_tim.o
 .debug_line    0x000023e1      0x20f Libraries\STM32F4xx_StdPeriph_Driver\src\stm32f4xx_syscfg.o
 .debug_line    0x000025f0      0x47e Libraries\STM32F4xx_StdPeriph_Driver\src\stm32f4xx_spi.o
 .debug_line    0x00002a6e      0x567 Libraries\STM32F4xx_StdPeriph_Driver\src\stm32f4xx_rcc.o
 .debug_line    0x00002fd5      0x378 Libraries\STM32F4xx_StdPeriph_Driver\src\stm32f4xx_gpio.o
 .debug_line    0x0000334d      0x265 Libraries\STM32F4xx_StdPeriph_Driver\src\stm32f4xx_exti.o
 .debug_line    0x000035b2      0x3f6 Libraries\STM32F4xx_StdPeriph_Driver\src\stm32f4xx_dma.o
 .debug_line    0x000039a8      0x338 Libraries\STM32F4xx_StdPeriph_Driver\src\stm32f4xx_dac.o
 .debug_line    0x00003ce0      0x55c Libraries\STM32F4xx_StdPeriph_Driver\src\stm32f4xx_adc.o
 .debug_line    0x0000423c      0x206 Libraries\STM32F4xx_StdPeriph_Driver\src\misc.o
 .debug_line    0x00004442      0x14b Libraries\CMSIS\DSP_Lib\Source\FilteringFunctions\arm_fir_init_f32.o
 .debug_line    0x0000458d      0x2fe Libraries\CMSIS\DSP_Lib\Source\FilteringFunctions\arm_fir_f32.o

.debug_str      0x00000000     0x3d3b
 .debug_str     0x00000000      0x2fa src\system_stm32f4xx.o
                                0x354 (size before relaxing)
 .debug_str     0x000002fa      0x24f src\stm32f4xx_it.o
                                0x38f (size before relaxing)
 .debug_str     0x00000549      0x105 src\SignalProcessingFIRFilter.o
                                0x280 (size before relaxing)
 .debug_str     0x0000064e      0xe3c src\DSPMain.o
                               0x10e9 (size before relaxing)
 .debug_str     0x0000148a      0x738 Utilities\STM32F4-Discovery\stm32f4_discovery_audio_codec.o
                               0x12bd (size before relaxing)
 .debug_str     0x00001bc2      0x253 Utilities\STM32F4-Discovery\stm32f4_discovery.o
                                0xb63 (size before relaxing)
 .debug_str     0x00001e15      0xa72 Libraries\STM32F4xx_StdPeriph_Driver\src\stm32f4xx_tim.o
                                0xdc0 (size before relaxing)
 .debug_str     0x00002887      0x140 Libraries\STM32F4xx_StdPeriph_Driver\src\stm32f4xx_syscfg.o
                                0x2d8 (size before relaxing)
 .debug_str     0x000029c7      0x2c5 Libraries\STM32F4xx_StdPeriph_Driver\src\stm32f4xx_spi.o
                                0x67a (size before relaxing)
 .debug_str     0x00002c8c      0x4f8 Libraries\STM32F4xx_StdPeriph_Driver\src\stm32f4xx_rcc.o
                                0x83b (size before relaxing)
 .debug_str     0x00003184       0xfd Libraries\STM32F4xx_StdPeriph_Driver\src\stm32f4xx_gpio.o
                                0x48c (size before relaxing)
 .debug_str     0x00003281       0xc1 Libraries\STM32F4xx_StdPeriph_Driver\src\stm32f4xx_exti.o
                                0x330 (size before relaxing)
 .debug_str     0x00003342      0x18c Libraries\STM32F4xx_StdPeriph_Driver\src\stm32f4xx_dma.o
                                0x50e (size before relaxing)
 .debug_str     0x000034ce      0x1f5 Libraries\STM32F4xx_StdPeriph_Driver\src\stm32f4xx_dac.o
                                0x42c (size before relaxing)
 .debug_str     0x000036c3      0x466 Libraries\STM32F4xx_StdPeriph_Driver\src\stm32f4xx_adc.o
                                0x7dd (size before relaxing)
 .debug_str     0x00003b29      0x12a Libraries\STM32F4xx_StdPeriph_Driver\src\misc.o
                                0x39b (size before relaxing)
 .debug_str     0x00003c53       0x59 Libraries\CMSIS\DSP_Lib\Source\FilteringFunctions\arm_fir_init_f32.o
                                0x1d2 (size before relaxing)
 .debug_str     0x00003cac       0x8f Libraries\CMSIS\DSP_Lib\Source\FilteringFunctions\arm_fir_f32.o
                                0x20d (size before relaxing)

.comment        0x00000000       0x83
 .comment       0x00000000       0x83 src\system_stm32f4xx.o
                                 0x84 (size before relaxing)
 .comment       0x00000000       0x84 src\stm32f4xx_it.o
 .comment       0x00000000       0x84 src\SignalProcessingFIRFilter.o
 .comment       0x00000000       0x84 src\DSPMain.o
 .comment       0x00000000       0x84 Utilities\STM32F4-Discovery\stm32f4_discovery_audio_codec.o
 .comment       0x00000000       0x84 Utilities\STM32F4-Discovery\stm32f4_discovery.o
 .comment       0x00000000       0x84 Libraries\STM32F4xx_StdPeriph_Driver\src\stm32f4xx_tim.o
 .comment       0x00000000       0x84 Libraries\STM32F4xx_StdPeriph_Driver\src\stm32f4xx_syscfg.o
 .comment       0x00000000       0x84 Libraries\STM32F4xx_StdPeriph_Driver\src\stm32f4xx_spi.o
 .comment       0x00000000       0x84 Libraries\STM32F4xx_StdPeriph_Driver\src\stm32f4xx_rcc.o
 .comment       0x00000000       0x84 Libraries\STM32F4xx_StdPeriph_Driver\src\stm32f4xx_gpio.o
 .comment       0x00000000       0x84 Libraries\STM32F4xx_StdPeriph_Driver\src\stm32f4xx_exti.o
 .comment       0x00000000       0x84 Libraries\STM32F4xx_StdPeriph_Driver\src\stm32f4xx_dma.o
 .comment       0x00000000       0x84 Libraries\STM32F4xx_StdPeriph_Driver\src\stm32f4xx_dac.o
 .comment       0x00000000       0x84 Libraries\STM32F4xx_StdPeriph_Driver\src\stm32f4xx_adc.o
 .comment       0x00000000       0x84 Libraries\STM32F4xx_StdPeriph_Driver\src\misc.o
 .comment       0x00000000       0x84 Libraries\CMSIS\DSP_Lib\Source\FilteringFunctions\arm_fir_init_f32.o
 .comment       0x00000000       0x84 Libraries\CMSIS\DSP_Lib\Source\FilteringFunctions\arm_fir_f32.o

.debug_frame    0x00000000     0x18c4
 .debug_frame   0x00000000       0x34 src\system_stm32f4xx.o
 .debug_frame   0x00000034      0x118 src\stm32f4xx_it.o
 .debug_frame   0x0000014c       0x4c src\SignalProcessingFIRFilter.o
 .debug_frame   0x00000198       0xe4 src\DSPMain.o
 .debug_frame   0x0000027c      0x1c8 Utilities\STM32F4-Discovery\stm32f4_discovery_audio_codec.o
 .debug_frame   0x00000444       0x94 Utilities\STM32F4-Discovery\stm32f4_discovery.o
 .debug_frame   0x000004d8      0x650 Libraries\STM32F4xx_StdPeriph_Driver\src\stm32f4xx_tim.o
 .debug_frame   0x00000b28       0x80 Libraries\STM32F4xx_StdPeriph_Driver\src\stm32f4xx_syscfg.o
 .debug_frame   0x00000ba8      0x1e0 Libraries\STM32F4xx_StdPeriph_Driver\src\stm32f4xx_spi.o
 .debug_frame   0x00000d88      0x2fc Libraries\STM32F4xx_StdPeriph_Driver\src\stm32f4xx_rcc.o
 .debug_frame   0x00001084      0x11c Libraries\STM32F4xx_StdPeriph_Driver\src\stm32f4xx_gpio.o
 .debug_frame   0x000011a0       0x9c Libraries\STM32F4xx_StdPeriph_Driver\src\stm32f4xx_exti.o
 .debug_frame   0x0000123c      0x17c Libraries\STM32F4xx_StdPeriph_Driver\src\stm32f4xx_dma.o
 .debug_frame   0x000013b8      0x140 Libraries\STM32F4xx_StdPeriph_Driver\src\stm32f4xx_dac.o
 .debug_frame   0x000014f8      0x2b0 Libraries\STM32F4xx_StdPeriph_Driver\src\stm32f4xx_adc.o
 .debug_frame   0x000017a8       0x68 Libraries\STM32F4xx_StdPeriph_Driver\src\misc.o
 .debug_frame   0x00001810       0x2c Libraries\CMSIS\DSP_Lib\Source\FilteringFunctions\arm_fir_init_f32.o
 .debug_frame   0x0000183c       0x3c Libraries\CMSIS\DSP_Lib\Source\FilteringFunctions\arm_fir_f32.o
 .debug_frame   0x00001878       0x2c c:/program files (x86)/atollic/truestudio for arm lite 4.1.0/armtools/bin/../lib/gcc/arm-atollic-eabi/4.7.3/../../../../arm-atollic-eabi/lib/armv7e-m/fpu\libc_s.a(lib_a-init.o)
 .debug_frame   0x000018a4       0x20 c:/program files (x86)/atollic/truestudio for arm lite 4.1.0/armtools/bin/../lib/gcc/arm-atollic-eabi/4.7.3/../../../../arm-atollic-eabi/lib/armv7e-m/fpu\libc_s.a(lib_a-memset.o)

Cross Reference Table

Symbol                                            File
ADCTripleConvertedValue                           src\DSPMain.o
ADC_AnalogWatchdogCmd                             Libraries\STM32F4xx_StdPeriph_Driver\src\stm32f4xx_adc.o
ADC_AnalogWatchdogSingleChannelConfig             Libraries\STM32F4xx_StdPeriph_Driver\src\stm32f4xx_adc.o
ADC_AnalogWatchdogThresholdsConfig                Libraries\STM32F4xx_StdPeriph_Driver\src\stm32f4xx_adc.o
ADC_AutoInjectedConvCmd                           Libraries\STM32F4xx_StdPeriph_Driver\src\stm32f4xx_adc.o
ADC_ClearFlag                                     Libraries\STM32F4xx_StdPeriph_Driver\src\stm32f4xx_adc.o
ADC_ClearITPendingBit                             Libraries\STM32F4xx_StdPeriph_Driver\src\stm32f4xx_adc.o
ADC_Cmd                                           Libraries\STM32F4xx_StdPeriph_Driver\src\stm32f4xx_adc.o
                                                  src\DSPMain.o
ADC_CommonInit                                    Libraries\STM32F4xx_StdPeriph_Driver\src\stm32f4xx_adc.o
                                                  src\DSPMain.o
ADC_CommonInitStructure                           src\DSPMain.o
ADC_CommonStructInit                              Libraries\STM32F4xx_StdPeriph_Driver\src\stm32f4xx_adc.o
ADC_ContinuousModeCmd                             Libraries\STM32F4xx_StdPeriph_Driver\src\stm32f4xx_adc.o
ADC_DMACmd                                        Libraries\STM32F4xx_StdPeriph_Driver\src\stm32f4xx_adc.o
                                                  src\DSPMain.o
ADC_DMARequestAfterLastTransferCmd                Libraries\STM32F4xx_StdPeriph_Driver\src\stm32f4xx_adc.o
                                                  src\DSPMain.o
ADC_DeInit                                        Libraries\STM32F4xx_StdPeriph_Driver\src\stm32f4xx_adc.o
ADC_DiscModeChannelCountConfig                    Libraries\STM32F4xx_StdPeriph_Driver\src\stm32f4xx_adc.o
ADC_DiscModeCmd                                   Libraries\STM32F4xx_StdPeriph_Driver\src\stm32f4xx_adc.o
ADC_EOCOnEachRegularChannelCmd                    Libraries\STM32F4xx_StdPeriph_Driver\src\stm32f4xx_adc.o
ADC_ExternalTrigInjectedConvConfig                Libraries\STM32F4xx_StdPeriph_Driver\src\stm32f4xx_adc.o
ADC_ExternalTrigInjectedConvEdgeConfig            Libraries\STM32F4xx_StdPeriph_Driver\src\stm32f4xx_adc.o
ADC_GetConversionValue                            Libraries\STM32F4xx_StdPeriph_Driver\src\stm32f4xx_adc.o
ADC_GetFlagStatus                                 Libraries\STM32F4xx_StdPeriph_Driver\src\stm32f4xx_adc.o
ADC_GetITStatus                                   Libraries\STM32F4xx_StdPeriph_Driver\src\stm32f4xx_adc.o
ADC_GetInjectedConversionValue                    Libraries\STM32F4xx_StdPeriph_Driver\src\stm32f4xx_adc.o
ADC_GetMultiModeConversionValue                   Libraries\STM32F4xx_StdPeriph_Driver\src\stm32f4xx_adc.o
ADC_GetSoftwareStartConvStatus                    Libraries\STM32F4xx_StdPeriph_Driver\src\stm32f4xx_adc.o
ADC_GetSoftwareStartInjectedConvCmdStatus         Libraries\STM32F4xx_StdPeriph_Driver\src\stm32f4xx_adc.o
ADC_IRQHandler                                    src\startup_stm32f40xx.o
ADC_ITConfig                                      Libraries\STM32F4xx_StdPeriph_Driver\src\stm32f4xx_adc.o
ADC_Init                                          Libraries\STM32F4xx_StdPeriph_Driver\src\stm32f4xx_adc.o
                                                  src\DSPMain.o
ADC_InitStructure                                 src\DSPMain.o
ADC_InjectedChannelConfig                         Libraries\STM32F4xx_StdPeriph_Driver\src\stm32f4xx_adc.o
ADC_InjectedDiscModeCmd                           Libraries\STM32F4xx_StdPeriph_Driver\src\stm32f4xx_adc.o
ADC_InjectedSequencerLengthConfig                 Libraries\STM32F4xx_StdPeriph_Driver\src\stm32f4xx_adc.o
ADC_MultiModeDMARequestAfterLastTransferCmd       Libraries\STM32F4xx_StdPeriph_Driver\src\stm32f4xx_adc.o
ADC_RegularChannelConfig                          Libraries\STM32F4xx_StdPeriph_Driver\src\stm32f4xx_adc.o
                                                  src\DSPMain.o
ADC_SetInjectedOffset                             Libraries\STM32F4xx_StdPeriph_Driver\src\stm32f4xx_adc.o
ADC_SoftwareStartConv                             Libraries\STM32F4xx_StdPeriph_Driver\src\stm32f4xx_adc.o
ADC_SoftwareStartInjectedConv                     Libraries\STM32F4xx_StdPeriph_Driver\src\stm32f4xx_adc.o
ADC_StructInit                                    Libraries\STM32F4xx_StdPeriph_Driver\src\stm32f4xx_adc.o
ADC_TempSensorVrefintCmd                          Libraries\STM32F4xx_StdPeriph_Driver\src\stm32f4xx_adc.o
ADC_VBATCmd                                       Libraries\STM32F4xx_StdPeriph_Driver\src\stm32f4xx_adc.o
AHBPrescTable                                     src\system_stm32f4xx.o
AUDIO_MAL_DMA_CHANNEL                             Utilities\STM32F4-Discovery\stm32f4_discovery_audio_codec.o
AUDIO_MAL_DMA_CLOCK                               Utilities\STM32F4-Discovery\stm32f4_discovery_audio_codec.o
AUDIO_MAL_DMA_DREG                                Utilities\STM32F4-Discovery\stm32f4_discovery_audio_codec.o
AUDIO_MAL_DMA_FLAG_DME                            Utilities\STM32F4-Discovery\stm32f4_discovery_audio_codec.o
AUDIO_MAL_DMA_FLAG_FE                             Utilities\STM32F4-Discovery\stm32f4_discovery_audio_codec.o
AUDIO_MAL_DMA_FLAG_HT                             Utilities\STM32F4-Discovery\stm32f4_discovery_audio_codec.o
AUDIO_MAL_DMA_FLAG_TC                             Utilities\STM32F4-Discovery\stm32f4_discovery_audio_codec.o
AUDIO_MAL_DMA_FLAG_TE                             Utilities\STM32F4-Discovery\stm32f4_discovery_audio_codec.o
AUDIO_MAL_DMA_IRQ                                 Utilities\STM32F4-Discovery\stm32f4_discovery_audio_codec.o
AUDIO_MAL_DMA_InitStructure                       Utilities\STM32F4-Discovery\stm32f4_discovery_audio_codec.o
AUDIO_MAL_DMA_STREAM                              Utilities\STM32F4-Discovery\stm32f4_discovery_audio_codec.o
AudioRemSize                                      Utilities\STM32F4-Discovery\stm32f4_discovery_audio_codec.o
AudioTotalSize                                    Utilities\STM32F4-Discovery\stm32f4_discovery_audio_codec.o
Audio_MAL_Play                                    Utilities\STM32F4-Discovery\stm32f4_discovery_audio_codec.o
BUTTON_CLK                                        Utilities\STM32F4-Discovery\stm32f4_discovery.o
BUTTON_EXTI_LINE                                  Utilities\STM32F4-Discovery\stm32f4_discovery.o
BUTTON_IRQn                                       Utilities\STM32F4-Discovery\stm32f4_discovery.o
BUTTON_PIN                                        Utilities\STM32F4-Discovery\stm32f4_discovery.o
BUTTON_PIN_SOURCE                                 Utilities\STM32F4-Discovery\stm32f4_discovery.o
BUTTON_PORT                                       Utilities\STM32F4-Discovery\stm32f4_discovery.o
BUTTON_PORT_SOURCE                                Utilities\STM32F4-Discovery\stm32f4_discovery.o
Buffer1_a                                         src\DSPMain.o
Buffer1_b                                         src\DSPMain.o
Buffer2_a                                         src\DSPMain.o
Buffer2_b                                         src\DSPMain.o
BusFault_Handler                                  src\stm32f4xx_it.o
CAN1_RX0_IRQHandler                               src\startup_stm32f40xx.o
CAN1_RX1_IRQHandler                               src\startup_stm32f40xx.o
CAN1_SCE_IRQHandler                               src\startup_stm32f40xx.o
CAN1_TX_IRQHandler                                src\startup_stm32f40xx.o
CAN2_RX0_IRQHandler                               src\startup_stm32f40xx.o
CAN2_RX1_IRQHandler                               src\startup_stm32f40xx.o
CAN2_SCE_IRQHandler                               src\startup_stm32f40xx.o
CAN2_TX_IRQHandler                                src\startup_stm32f40xx.o
CAN_CancelTransmit                                Libraries\STM32F4xx_StdPeriph_Driver\src\stm32f4xx_can.o
CAN_ClearFlag                                     Libraries\STM32F4xx_StdPeriph_Driver\src\stm32f4xx_can.o
CAN_ClearITPendingBit                             Libraries\STM32F4xx_StdPeriph_Driver\src\stm32f4xx_can.o
CAN_DBGFreeze                                     Libraries\STM32F4xx_StdPeriph_Driver\src\stm32f4xx_can.o
CAN_DeInit                                        Libraries\STM32F4xx_StdPeriph_Driver\src\stm32f4xx_can.o
CAN_FIFORelease                                   Libraries\STM32F4xx_StdPeriph_Driver\src\stm32f4xx_can.o
CAN_FilterInit                                    Libraries\STM32F4xx_StdPeriph_Driver\src\stm32f4xx_can.o
CAN_GetFlagStatus                                 Libraries\STM32F4xx_StdPeriph_Driver\src\stm32f4xx_can.o
CAN_GetITStatus                                   Libraries\STM32F4xx_StdPeriph_Driver\src\stm32f4xx_can.o
CAN_GetLSBTransmitErrorCounter                    Libraries\STM32F4xx_StdPeriph_Driver\src\stm32f4xx_can.o
CAN_GetLastErrorCode                              Libraries\STM32F4xx_StdPeriph_Driver\src\stm32f4xx_can.o
CAN_GetReceiveErrorCounter                        Libraries\STM32F4xx_StdPeriph_Driver\src\stm32f4xx_can.o
CAN_ITConfig                                      Libraries\STM32F4xx_StdPeriph_Driver\src\stm32f4xx_can.o
CAN_Init                                          Libraries\STM32F4xx_StdPeriph_Driver\src\stm32f4xx_can.o
CAN_MessagePending                                Libraries\STM32F4xx_StdPeriph_Driver\src\stm32f4xx_can.o
CAN_OperatingModeRequest                          Libraries\STM32F4xx_StdPeriph_Driver\src\stm32f4xx_can.o
CAN_Receive                                       Libraries\STM32F4xx_StdPeriph_Driver\src\stm32f4xx_can.o
CAN_SlaveStartBank                                Libraries\STM32F4xx_StdPeriph_Driver\src\stm32f4xx_can.o
CAN_Sleep                                         Libraries\STM32F4xx_StdPeriph_Driver\src\stm32f4xx_can.o
CAN_StructInit                                    Libraries\STM32F4xx_StdPeriph_Driver\src\stm32f4xx_can.o
CAN_TTComModeCmd                                  Libraries\STM32F4xx_StdPeriph_Driver\src\stm32f4xx_can.o
CAN_Transmit                                      Libraries\STM32F4xx_StdPeriph_Driver\src\stm32f4xx_can.o
CAN_TransmitStatus                                Libraries\STM32F4xx_StdPeriph_Driver\src\stm32f4xx_can.o
CAN_WakeUp                                        Libraries\STM32F4xx_StdPeriph_Driver\src\stm32f4xx_can.o
CODECTimeout                                      Utilities\STM32F4-Discovery\stm32f4_discovery_audio_codec.o
CRC_CalcBlockCRC                                  Libraries\STM32F4xx_StdPeriph_Driver\src\stm32f4xx_crc.o
CRC_CalcCRC                                       Libraries\STM32F4xx_StdPeriph_Driver\src\stm32f4xx_crc.o
CRC_GetCRC                                        Libraries\STM32F4xx_StdPeriph_Driver\src\stm32f4xx_crc.o
CRC_GetIDRegister                                 Libraries\STM32F4xx_StdPeriph_Driver\src\stm32f4xx_crc.o
CRC_ResetDR                                       Libraries\STM32F4xx_StdPeriph_Driver\src\stm32f4xx_crc.o
CRC_SetIDRegister                                 Libraries\STM32F4xx_StdPeriph_Driver\src\stm32f4xx_crc.o
CRYP_AES_CBC                                      Libraries\STM32F4xx_StdPeriph_Driver\src\stm32f4xx_cryp_aes.o
CRYP_AES_CCM                                      Libraries\STM32F4xx_StdPeriph_Driver\src\stm32f4xx_cryp_aes.o
CRYP_AES_CTR                                      Libraries\STM32F4xx_StdPeriph_Driver\src\stm32f4xx_cryp_aes.o
CRYP_AES_ECB                                      Libraries\STM32F4xx_StdPeriph_Driver\src\stm32f4xx_cryp_aes.o
CRYP_AES_GCM                                      Libraries\STM32F4xx_StdPeriph_Driver\src\stm32f4xx_cryp_aes.o
CRYP_Cmd                                          Libraries\STM32F4xx_StdPeriph_Driver\src\stm32f4xx_cryp.o
                                                  Libraries\STM32F4xx_StdPeriph_Driver\src\stm32f4xx_cryp_aes.o
                                                  Libraries\STM32F4xx_StdPeriph_Driver\src\stm32f4xx_cryp_des.o
                                                  Libraries\STM32F4xx_StdPeriph_Driver\src\stm32f4xx_cryp_tdes.o
CRYP_DES_CBC                                      Libraries\STM32F4xx_StdPeriph_Driver\src\stm32f4xx_cryp_des.o
CRYP_DES_ECB                                      Libraries\STM32F4xx_StdPeriph_Driver\src\stm32f4xx_cryp_des.o
CRYP_DMACmd                                       Libraries\STM32F4xx_StdPeriph_Driver\src\stm32f4xx_cryp.o
CRYP_DataIn                                       Libraries\STM32F4xx_StdPeriph_Driver\src\stm32f4xx_cryp.o
                                                  Libraries\STM32F4xx_StdPeriph_Driver\src\stm32f4xx_cryp_aes.o
                                                  Libraries\STM32F4xx_StdPeriph_Driver\src\stm32f4xx_cryp_des.o
                                                  Libraries\STM32F4xx_StdPeriph_Driver\src\stm32f4xx_cryp_tdes.o
CRYP_DataOut                                      Libraries\STM32F4xx_StdPeriph_Driver\src\stm32f4xx_cryp.o
                                                  Libraries\STM32F4xx_StdPeriph_Driver\src\stm32f4xx_cryp_aes.o
                                                  Libraries\STM32F4xx_StdPeriph_Driver\src\stm32f4xx_cryp_des.o
                                                  Libraries\STM32F4xx_StdPeriph_Driver\src\stm32f4xx_cryp_tdes.o
CRYP_DeInit                                       Libraries\STM32F4xx_StdPeriph_Driver\src\stm32f4xx_cryp.o
CRYP_FIFOFlush                                    Libraries\STM32F4xx_StdPeriph_Driver\src\stm32f4xx_cryp.o
                                                  Libraries\STM32F4xx_StdPeriph_Driver\src\stm32f4xx_cryp_aes.o
                                                  Libraries\STM32F4xx_StdPeriph_Driver\src\stm32f4xx_cryp_des.o
                                                  Libraries\STM32F4xx_StdPeriph_Driver\src\stm32f4xx_cryp_tdes.o
CRYP_GetCmdStatus                                 Libraries\STM32F4xx_StdPeriph_Driver\src\stm32f4xx_cryp.o
                                                  Libraries\STM32F4xx_StdPeriph_Driver\src\stm32f4xx_cryp_aes.o
                                                  Libraries\STM32F4xx_StdPeriph_Driver\src\stm32f4xx_cryp_des.o
                                                  Libraries\STM32F4xx_StdPeriph_Driver\src\stm32f4xx_cryp_tdes.o
CRYP_GetFlagStatus                                Libraries\STM32F4xx_StdPeriph_Driver\src\stm32f4xx_cryp.o
                                                  Libraries\STM32F4xx_StdPeriph_Driver\src\stm32f4xx_cryp_aes.o
                                                  Libraries\STM32F4xx_StdPeriph_Driver\src\stm32f4xx_cryp_des.o
                                                  Libraries\STM32F4xx_StdPeriph_Driver\src\stm32f4xx_cryp_tdes.o
CRYP_GetITStatus                                  Libraries\STM32F4xx_StdPeriph_Driver\src\stm32f4xx_cryp.o
CRYP_IRQHandler                                   src\startup_stm32f40xx.o
CRYP_ITConfig                                     Libraries\STM32F4xx_StdPeriph_Driver\src\stm32f4xx_cryp.o
CRYP_IVInit                                       Libraries\STM32F4xx_StdPeriph_Driver\src\stm32f4xx_cryp.o
                                                  Libraries\STM32F4xx_StdPeriph_Driver\src\stm32f4xx_cryp_aes.o
                                                  Libraries\STM32F4xx_StdPeriph_Driver\src\stm32f4xx_cryp_des.o
                                                  Libraries\STM32F4xx_StdPeriph_Driver\src\stm32f4xx_cryp_tdes.o
CRYP_IVStructInit                                 Libraries\STM32F4xx_StdPeriph_Driver\src\stm32f4xx_cryp.o
CRYP_Init                                         Libraries\STM32F4xx_StdPeriph_Driver\src\stm32f4xx_cryp.o
                                                  Libraries\STM32F4xx_StdPeriph_Driver\src\stm32f4xx_cryp_aes.o
                                                  Libraries\STM32F4xx_StdPeriph_Driver\src\stm32f4xx_cryp_des.o
                                                  Libraries\STM32F4xx_StdPeriph_Driver\src\stm32f4xx_cryp_tdes.o
CRYP_KeyInit                                      Libraries\STM32F4xx_StdPeriph_Driver\src\stm32f4xx_cryp.o
                                                  Libraries\STM32F4xx_StdPeriph_Driver\src\stm32f4xx_cryp_aes.o
                                                  Libraries\STM32F4xx_StdPeriph_Driver\src\stm32f4xx_cryp_des.o
                                                  Libraries\STM32F4xx_StdPeriph_Driver\src\stm32f4xx_cryp_tdes.o
CRYP_KeyStructInit                                Libraries\STM32F4xx_StdPeriph_Driver\src\stm32f4xx_cryp.o
                                                  Libraries\STM32F4xx_StdPeriph_Driver\src\stm32f4xx_cryp_aes.o
                                                  Libraries\STM32F4xx_StdPeriph_Driver\src\stm32f4xx_cryp_des.o
                                                  Libraries\STM32F4xx_StdPeriph_Driver\src\stm32f4xx_cryp_tdes.o
CRYP_PhaseConfig                                  Libraries\STM32F4xx_StdPeriph_Driver\src\stm32f4xx_cryp.o
                                                  Libraries\STM32F4xx_StdPeriph_Driver\src\stm32f4xx_cryp_aes.o
CRYP_RestoreContext                               Libraries\STM32F4xx_StdPeriph_Driver\src\stm32f4xx_cryp.o
CRYP_SaveContext                                  Libraries\STM32F4xx_StdPeriph_Driver\src\stm32f4xx_cryp.o
CRYP_StructInit                                   Libraries\STM32F4xx_StdPeriph_Driver\src\stm32f4xx_cryp.o
CRYP_TDES_CBC                                     Libraries\STM32F4xx_StdPeriph_Driver\src\stm32f4xx_cryp_tdes.o
CRYP_TDES_ECB                                     Libraries\STM32F4xx_StdPeriph_Driver\src\stm32f4xx_cryp_tdes.o
Codec_TIMEOUT_UserCallback                        Utilities\STM32F4-Discovery\stm32f4_discovery_audio_codec.o
Coeffs                                            src\SignalProcessingFIRFilter.o
CurrAudioInterface                                Utilities\STM32F4-Discovery\stm32f4_discovery_audio_codec.o
CurrentPos                                        Utilities\STM32F4-Discovery\stm32f4_discovery_audio_codec.o
DAC_Ch1_Config                                    src\DSPMain.o
DAC_Ch2_Config                                    src\DSPMain.o
DAC_ClearFlag                                     Libraries\STM32F4xx_StdPeriph_Driver\src\stm32f4xx_dac.o
DAC_ClearITPendingBit                             Libraries\STM32F4xx_StdPeriph_Driver\src\stm32f4xx_dac.o
DAC_Cmd                                           Libraries\STM32F4xx_StdPeriph_Driver\src\stm32f4xx_dac.o
                                                  Utilities\STM32F4-Discovery\stm32f4_discovery_audio_codec.o
                                                  src\DSPMain.o
DAC_Config                                        Utilities\STM32F4-Discovery\stm32f4_discovery_audio_codec.o
DAC_DMACmd                                        Libraries\STM32F4xx_StdPeriph_Driver\src\stm32f4xx_dac.o
                                                  src\DSPMain.o
DAC_DeInit                                        Libraries\STM32F4xx_StdPeriph_Driver\src\stm32f4xx_dac.o
DAC_DualSoftwareTriggerCmd                        Libraries\STM32F4xx_StdPeriph_Driver\src\stm32f4xx_dac.o
DAC_GetDataOutputValue                            Libraries\STM32F4xx_StdPeriph_Driver\src\stm32f4xx_dac.o
DAC_GetFlagStatus                                 Libraries\STM32F4xx_StdPeriph_Driver\src\stm32f4xx_dac.o
DAC_GetITStatus                                   Libraries\STM32F4xx_StdPeriph_Driver\src\stm32f4xx_dac.o
DAC_ITConfig                                      Libraries\STM32F4xx_StdPeriph_Driver\src\stm32f4xx_dac.o
DAC_Init                                          Libraries\STM32F4xx_StdPeriph_Driver\src\stm32f4xx_dac.o
                                                  Utilities\STM32F4-Discovery\stm32f4_discovery_audio_codec.o
                                                  src\DSPMain.o
DAC_InitStructure                                 src\DSPMain.o
DAC_SetChannel1Data                               Libraries\STM32F4xx_StdPeriph_Driver\src\stm32f4xx_dac.o
                                                  Utilities\STM32F4-Discovery\stm32f4_discovery_audio_codec.o
DAC_SetChannel2Data                               Libraries\STM32F4xx_StdPeriph_Driver\src\stm32f4xx_dac.o
DAC_SetDualChannelData                            Libraries\STM32F4xx_StdPeriph_Driver\src\stm32f4xx_dac.o
DAC_SoftwareTriggerCmd                            Libraries\STM32F4xx_StdPeriph_Driver\src\stm32f4xx_dac.o
DAC_StructInit                                    Libraries\STM32F4xx_StdPeriph_Driver\src\stm32f4xx_dac.o
DAC_WaveGenerationCmd                             Libraries\STM32F4xx_StdPeriph_Driver\src\stm32f4xx_dac.o
DBGMCU_APB1PeriphConfig                           Libraries\STM32F4xx_StdPeriph_Driver\src\stm32f4xx_dbgmcu.o
DBGMCU_APB2PeriphConfig                           Libraries\STM32F4xx_StdPeriph_Driver\src\stm32f4xx_dbgmcu.o
DBGMCU_Config                                     Libraries\STM32F4xx_StdPeriph_Driver\src\stm32f4xx_dbgmcu.o
DBGMCU_GetDEVID                                   Libraries\STM32F4xx_StdPeriph_Driver\src\stm32f4xx_dbgmcu.o
DBGMCU_GetREVID                                   Libraries\STM32F4xx_StdPeriph_Driver\src\stm32f4xx_dbgmcu.o
DCMI_CROPCmd                                      Libraries\STM32F4xx_StdPeriph_Driver\src\stm32f4xx_dcmi.o
DCMI_CROPConfig                                   Libraries\STM32F4xx_StdPeriph_Driver\src\stm32f4xx_dcmi.o
DCMI_CaptureCmd                                   Libraries\STM32F4xx_StdPeriph_Driver\src\stm32f4xx_dcmi.o
DCMI_ClearFlag                                    Libraries\STM32F4xx_StdPeriph_Driver\src\stm32f4xx_dcmi.o
DCMI_ClearITPendingBit                            Libraries\STM32F4xx_StdPeriph_Driver\src\stm32f4xx_dcmi.o
DCMI_Cmd                                          Libraries\STM32F4xx_StdPeriph_Driver\src\stm32f4xx_dcmi.o
DCMI_DeInit                                       Libraries\STM32F4xx_StdPeriph_Driver\src\stm32f4xx_dcmi.o
DCMI_GetFlagStatus                                Libraries\STM32F4xx_StdPeriph_Driver\src\stm32f4xx_dcmi.o
DCMI_GetITStatus                                  Libraries\STM32F4xx_StdPeriph_Driver\src\stm32f4xx_dcmi.o
DCMI_IRQHandler                                   src\startup_stm32f40xx.o
DCMI_ITConfig                                     Libraries\STM32F4xx_StdPeriph_Driver\src\stm32f4xx_dcmi.o
DCMI_Init                                         Libraries\STM32F4xx_StdPeriph_Driver\src\stm32f4xx_dcmi.o
DCMI_JPEGCmd                                      Libraries\STM32F4xx_StdPeriph_Driver\src\stm32f4xx_dcmi.o
DCMI_ReadData                                     Libraries\STM32F4xx_StdPeriph_Driver\src\stm32f4xx_dcmi.o
DCMI_SetEmbeddedSynchroCodes                      Libraries\STM32F4xx_StdPeriph_Driver\src\stm32f4xx_dcmi.o
DCMI_StructInit                                   Libraries\STM32F4xx_StdPeriph_Driver\src\stm32f4xx_dcmi.o
DMA1_Stream0_IRQHandler                           Utilities\STM32F4-Discovery\stm32f4_discovery_audio_codec.o
                                                  src\startup_stm32f40xx.o
DMA1_Stream1_IRQHandler                           src\startup_stm32f40xx.o
DMA1_Stream2_IRQHandler                           src\startup_stm32f40xx.o
DMA1_Stream3_IRQHandler                           src\startup_stm32f40xx.o
DMA1_Stream4_IRQHandler                           src\startup_stm32f40xx.o
DMA1_Stream5_IRQHandler                           src\stm32f4xx_it.o
DMA1_Stream6_IRQHandler                           src\stm32f4xx_it.o
DMA1_Stream7_IRQHandler                           Utilities\STM32F4-Discovery\stm32f4_discovery_audio_codec.o
                                                  src\startup_stm32f40xx.o
DMA2_Stream0_IRQHandler                           src\stm32f4xx_it.o
DMA2_Stream1_IRQHandler                           src\startup_stm32f40xx.o
DMA2_Stream2_IRQHandler                           src\stm32f4xx_it.o
DMA2_Stream3_IRQHandler                           src\startup_stm32f40xx.o
DMA2_Stream4_IRQHandler                           src\startup_stm32f40xx.o
DMA2_Stream5_IRQHandler                           src\startup_stm32f40xx.o
DMA2_Stream6_IRQHandler                           src\startup_stm32f40xx.o
DMA2_Stream7_IRQHandler                           src\startup_stm32f40xx.o
DMA_ClearFlag                                     Libraries\STM32F4xx_StdPeriph_Driver\src\stm32f4xx_dma.o
                                                  Utilities\STM32F4-Discovery\stm32f4_discovery_audio_codec.o
DMA_ClearITPendingBit                             Libraries\STM32F4xx_StdPeriph_Driver\src\stm32f4xx_dma.o
                                                  src\stm32f4xx_it.o
DMA_Cmd                                           Libraries\STM32F4xx_StdPeriph_Driver\src\stm32f4xx_dma.o
                                                  Utilities\STM32F4-Discovery\stm32f4_discovery_audio_codec.o
                                                  src\DSPMain.o
DMA_DeInit                                        Libraries\STM32F4xx_StdPeriph_Driver\src\stm32f4xx_dma.o
                                                  Utilities\STM32F4-Discovery\stm32f4_discovery_audio_codec.o
                                                  src\DSPMain.o
DMA_DoubleBufferModeCmd                           Libraries\STM32F4xx_StdPeriph_Driver\src\stm32f4xx_dma.o
                                                  src\DSPMain.o
DMA_DoubleBufferModeConfig                        Libraries\STM32F4xx_StdPeriph_Driver\src\stm32f4xx_dma.o
                                                  src\DSPMain.o
DMA_FlowControllerConfig                          Libraries\STM32F4xx_StdPeriph_Driver\src\stm32f4xx_dma.o
DMA_GetCmdStatus                                  Libraries\STM32F4xx_StdPeriph_Driver\src\stm32f4xx_dma.o
                                                  Utilities\STM32F4-Discovery\stm32f4_discovery_audio_codec.o
DMA_GetCurrDataCounter                            Libraries\STM32F4xx_StdPeriph_Driver\src\stm32f4xx_dma.o
DMA_GetCurrentMemoryTarget                        Libraries\STM32F4xx_StdPeriph_Driver\src\stm32f4xx_dma.o
                                                  src\DSPMain.o
DMA_GetFIFOStatus                                 Libraries\STM32F4xx_StdPeriph_Driver\src\stm32f4xx_dma.o
DMA_GetFlagStatus                                 Libraries\STM32F4xx_StdPeriph_Driver\src\stm32f4xx_dma.o
                                                  Utilities\STM32F4-Discovery\stm32f4_discovery_audio_codec.o
DMA_GetITStatus                                   Libraries\STM32F4xx_StdPeriph_Driver\src\stm32f4xx_dma.o
                                                  src\stm32f4xx_it.o
DMA_ITConfig                                      Libraries\STM32F4xx_StdPeriph_Driver\src\stm32f4xx_dma.o
                                                  Utilities\STM32F4-Discovery\stm32f4_discovery_audio_codec.o
                                                  src\DSPMain.o
DMA_Init                                          Libraries\STM32F4xx_StdPeriph_Driver\src\stm32f4xx_dma.o
                                                  Utilities\STM32F4-Discovery\stm32f4_discovery_audio_codec.o
                                                  src\DSPMain.o
DMA_InitStructure                                 Utilities\STM32F4-Discovery\stm32f4_discovery_audio_codec.o
                                                  src\DSPMain.o
DMA_MemoryTargetConfig                            Libraries\STM32F4xx_StdPeriph_Driver\src\stm32f4xx_dma.o
DMA_PeriphIncOffsetSizeConfig                     Libraries\STM32F4xx_StdPeriph_Driver\src\stm32f4xx_dma.o
DMA_SetCurrDataCounter                            Libraries\STM32F4xx_StdPeriph_Driver\src\stm32f4xx_dma.o
DMA_StructInit                                    Libraries\STM32F4xx_StdPeriph_Driver\src\stm32f4xx_dma.o
DebugMon_Handler                                  src\stm32f4xx_it.o
Default_Handler                                   src\startup_stm32f40xx.o
ETH_IRQHandler                                    src\startup_stm32f40xx.o
ETH_WKUP_IRQHandler                               src\startup_stm32f40xx.o
EVAL_AUDIO_DeInit                                 Utilities\STM32F4-Discovery\stm32f4_discovery_audio_codec.o